Open Watcom Linker Version 1.9
Portions Copyright (c) 1985-2002 Sybase, Inc. All Rights Reserved.
Created on:       14/02/04 17:21:08
Executable Image: Assignment 1.exe
creating a Windows NT windowed executable


                        +------------+
                        |   Groups   |
                        +------------+

Group                           Address              Size
=====                           =======              ====

.idata                          00415000             00000786
DGROUP                          00416000             000130f0



                        +--------------+
                        |   Segments   |
                        +--------------+

Segment                Class          Group          Address         Size
=======                =====          =====          =======         ====

BEGTEXT                CODE           AUTO           00401000        00000007
_TEXT                  CODE           AUTO           00401010        0001326d
TRANSFER CODE          CODE           AUTO           00414280        0000019e
.idata                 .idata         .idata         00415000        00000786
_NULL                  BEGDATA        DGROUP         00416000        00000004
_AFTERNULL             BEGDATA        DGROUP         00416004        00000000
CONST                  DATA           DGROUP         00416010        000000e4
_DATA                  DATA           DGROUP         00416100        00000f9c
CONST2                 DATA           DGROUP         0041709c        00000000
XIB                    DATA           DGROUP         0041709c        00000000
XI                     DATA           DGROUP         0041709c        0000004e
XIE                    DATA           DGROUP         004170ea        00000000
YIB                    DATA           DGROUP         004170ea        00000000
YI                     DATA           DGROUP         004170ea        00000030
YIE                    DATA           DGROUP         0041711a        00000000
TIB                    DATA           DGROUP         0041711a        00000000
TI                     DATA           DGROUP         0041711a        00000000
TIE                    DATA           DGROUP         0041711a        00000000
DATA                   DATA           DGROUP         0041711a        00000000
DATA32                 DATA           DGROUP         0041711c        0000011c
CONST32                CONST          DGROUP         00418000        00000000
_BSS                   BSS            DGROUP         00418000        000010f0
BSS32                  BSS            DGROUP         004190f0        00000000
STACK                  STACK          DGROUP         004190f0        00010000


                        +----------------+
                        |   Memory Map   |
                        +----------------+

* = unreferenced symbol
+ = symbol only referenced locally

Address        Symbol
=======        ======

Module: Program.obj(C:\Users\Brandon\Documents\GitHub\CS-152-Assignment-1\Program.for)
00401010       FMAIN
Module: C:\WATCOM/lib386/nt\flib7.lib(setunit.c)
004011a0       RT@SetUnit
Module: C:\WATCOM/lib386/nt\flib7.lib(setfmt.c)
004011e0       RT@SetFmt
Module: C:\WATCOM/lib386/nt\flib7.lib(coread)
00401200       RT@IORead
0040120f*      RT@InpLOG1
0040121e*      RT@InpLOG4
0040122d*      RT@InpINT1
0040123c*      RT@InpINT2
0040124b*      RT@InpINT4
0040125a*      RT@InpREAL
00401269       RT@InpDBLE
00401278*      RT@InpXTND
00401287*      RT@InpCPLX
00401296*      RT@InpDBCX
004012a5*      RT@InpXTCX
004012b4*      RT@InpCHAR
004012b9*      RT@InpSTR
004012be*      RT@InpArr
004012c3*      RT@InpChArr
Module: C:\WATCOM/lib386/nt\flib7.lib(cortns)
00416100*      _FRT_SaveESP
004012d3*      SwitchToGen
004012f1       SwitchToRT
0040130f       RdWrCommon
004013b3       IOType_
004013d1       IOChar
004013ec       IOStr
00401401       IOArr
0040141c       IOChArr
0040143e       RT@EndIO
Module: C:\WATCOM/lib386\math387r.lib(sqrt87)
00401448*      sqrt_
00401478*      IF@SQRT
00401478       IF@DSQRT
0040147a*      __@DSQRT
Module: C:\WATCOM/lib386/nt\flib7.lib(cowrite)
004014ab       RT@IOWrite
004014ba*      RT@OutLOG1
004014cc*      RT@OutLOG4
004014da*      RT@OutINT1
004014ec*      RT@OutINT2
004014fc*      RT@OutINT4
0040150b*      RT@OutREAL
0040151b       RT@OutDBLE
0040152b*      RT@OutXTND
0040153b*      RT@OutCPLX
00401551*      RT@OutDBCX
00401567*      RT@OutXTCX
0040157d*      RT@OutCHAR
00401582*      RT@OutSTR
00401587*      RT@PrtArr
0040158c*      RT@PrtChArr
Module: C:\WATCOM/lib386/nt\clib3r.lib(cstrtwnt)
00401592       _cstart_
00401592*      mainCRTStartup
Module: C:\WATCOM/lib386/nt\clib3r.lib(_8087)
00416120       __8087
00416121       __real87
Module: C:\WATCOM/lib386/nt\emu387.lib(386)
004015f0       __init_387_emulator
004015f1*      __fini_387_emulator
Module: C:\WATCOM/lib386/nt\flib7.lib(initeng.c)
00418000       __init_english
Module: C:\WATCOM/lib386/nt\flib7.lib(initerr.c)
00418004       __init_error
Module: C:\WATCOM/lib386/nt\flib7.lib(setiocb.c)
00401600       RT@SetIOCB
Module: C:\WATCOM/lib386/nt\flib7.lib(rdata.c)
00418010       _IORslt
00418020       _FmtBuff
00418024*      _Fmt_revert
00418028*      _Fmt_start
0041802c*      _Fmt_paren_level
00418030*      _Fmt_charptr
00418034*      _FmtEmStruct
00418038       _IOTypeRtn
0041803c*      _Fmt_end
00418040*      _Fmt_rep_spec
00418044       _FmtRoutine
00418048       _IOCB
0041804c       _Files
00418050*      _Fmt_delimited
Module: C:\WATCOM/lib386/nt\flib7.lib(rfmtexec.c)
00401fc0       R_FExec_
Module: C:\WATCOM/lib386/nt\flib7.lib(exread.c)
00402070       DoRead_
Module: C:\WATCOM/lib386/nt\flib7.lib(iomain.c)
004020a0       __ReleaseIOSys_
004020c0       IOMain_
Module: C:\WATCOM/lib386/nt\clib3r.lib(crwdata)
00416168       __osmajor
00416169       __osminor
0041616a       __osbuild
0041616c       __osver
00416170       __winmajor
00416174       __winminor
00416178       __winver
00416134       __LpDllName
00416138       __LpwCmdLine
0041613c       __LpwPgmName
00416140       __LpwDllName
0041612c       __LpCmdLine
00416130       __LpPgmName
00416124*      __dynend
00416128       __curbrk
00416144*      __STACKLOW
00416148       __STACKTOP
0041614c       __ASTACKSIZ
00416150       __ASTACKPTR
00416154*      __cbyte
00416158*      __cbyte2
0041615c*      __child
00416162       __Envptr
00416166*      __Envseg
00416160       __no87
0041617c       ___FPE_handler
Module: C:\WATCOM/lib386/nt\flib7.lib(thrdutil.c)
004022d0*      __InitMultiThreadIO_
00416184       ___SwitchStkLow
Module: C:\WATCOM/lib386\math387r.lib(math87e.c)
004022db       __math87_err_
Module: C:\WATCOM/lib386/nt\flib7.lib(exwrite.c)
004023c0       DoWrite_
Module: C:\WATCOM/lib386/nt\clib3r.lib(main2wnt.c)
004023f0       __NTMain
Module: C:\WATCOM/lib386/nt\clib3r.lib(segdefns)
00401003       ___begtext
00416000*      __nullarea
0041709c       __Start_XI
004170ea       __End_XI
004170ea       __Start_YI
0041711a       __End_YI
Module: C:\WATCOM/lib386/nt\clib3r.lib(chk8087.c)
00402470*      _fpreset_
004024b0       __chk8087_
004024c0*      __init_8087_
Module: C:\WATCOM/lib386/nt\flib7.lib(english.c)
00402510       __UseEnglishCharSet_
Module: C:\WATCOM/lib386/nt\flib7.lib(errincl.c)
00402620       __InitError_
00416188+      _PGroupTable
0041618c+      _PErrWord
Module: C:\WATCOM/lib386/nt\flib7.lib(rtinit.c)
00416190       ___FAppType
00416194       __ExceptionInit
00416198       __ExceptionFini
00402650*      __InitFThreadData_
00402690+      RTSysFini_
004026a0       RTSysInit_
004161a0       __AccessFIO
004161a4       __ReleaseFIO
004161a8       __PartialReleaseFIO
00418058       ___FThreadDataOffset
004170ba*      ___fthread_data_size
Module: C:\WATCOM/lib386/nt\clib3r.lib(mainwnt.c)
004161ac       ___TlsIndex
004161b0       ___FirstThreadData
004161b4       ___GetThreadPtr
004161b8       __AccessFileH
004161bc       __ReleaseFileH
004161c0       __AccessIOB
004161c4       __ReleaseIOB
004161c8       __AccessNHeap
004161cc       __AccessFHeap
004161d0       __ReleaseNHeap
00402710*      __threadid_
00402730+      __sig_null_rtn_
00402740+      __NTInit_
00402920+      __NTFini_
00402980       __NTMainInit_
004029e0       __exit_
004161d4       __ReleaseFHeap
004161d8       __AccessTDList
004161dc       __ReleaseTDList
004161e0       __AccessFList
004161e4       __ReleaseFList
004161e8       __ThreadExitRtn
004161ec       ___sig_init_rtn
004161f0       ___sig_fini_rtn
004161f4       ___process_fini
00418064       ___Is_DLL
Module: C:\WATCOM/lib386/nt\flib7.lib(ioinit.c)
00402a40       IOSysInit_
Module: C:\WATCOM/lib386/nt\flib7.lib(rterr.c)
004161fc+      _TraceRoutine
00402a90+      FlushStdUnit_
00402ae0+      WriteErr_
00402bb0       ErrHandler_
00402bf0       RTErr_
00416208+      LG@ERR_HOOK
Module: C:\WATCOM/lib386/nt\flib7.lib(ioerr.c)
00402c50       IOErr_
Module: C:\WATCOM/lib386/nt\flib7.lib(wrutils.c)
00402ce0       F_SendData_
00402d40*      SendLine_
00402d50       SendEOR_
00402de0*      SendInt_
00402e10       SendStr_
00402e30+      SendWSLStr_
00402e50       SendChar_
00402e70       Drop_
00403030       IOItemResult_
Module: C:\WATCOM/lib386/nt\flib7.lib(rfmtutil.c)
004030e0       R_ChkType_
00403110       R_NewRec_
00403150       R_ChkIType_
00403180       R_ChkFType_
004031b0       R_ChkRecLen_
004031d0+      GetLen_
00403210       R_FOStr_
00403220*      FOString_
00403290       R_FIStr_
00403350       R_FOLog_
004033a0       R_FILog_
00403480       R_FIFloat_
00403670       GetReal_
00403780       R_FOF_
00403800       R_FOE_
00403940+      FmtH2B_
00403a30       R_FIHex_
00403bb0       R_FOHex_
00403bc0*      FOHex_
00403cc0       R_FIInt_
00403dd0       R_FOInt_
00404030       R_FOG_
004042b0+      ChkBuffLen_
Module: C:\WATCOM/lib386/nt\flib7.lib(arrayio.c)
00404370       ArrayIOType_
Module: C:\WATCOM/lib386/nt\flib7.lib(rdwr.c)
004043f0+      DoOpen_
00404420+      _AllocBuffer_
00404460       IOPrologue_
004046a0       UpdateRecNum_
Module: C:\WATCOM/lib386/nt\flib7.lib(unfmtin.c)
004046e0       UnFmtIn_
00404780+      NextUnFmtRec_
Module: C:\WATCOM/lib386/nt\flib7.lib(freein.c)
00404b60+      GetNum_
00404d60       FreeIn_
00404d70*      DoFreeIn_
00404da0+      BumpComma_
00404dd0+      Blanks_
00404df0+      CheckEor_
Module: C:\WATCOM/lib386/nt\flib7.lib(rtutls.c)
00405420       FindFtnFile_
00405510       RChkAlloc_
00405540       F_Connect_
004055c0       ConnectFile_
004055d0*      GetFileInfo_
004056c0       DiscoFile_
00405730*      ChkFileName_
00405760+      ChkLogFile_
004057a0       ChkIOOperation_
004057e0       GetIOErr_
004057f0       ChkIOErr_
00405810       ChkUnitId_
00405850*      ChkConnected_
00405870       SetEOF_
004058a0       ClearEOF_
004058e0       SysEOF_
00405910       IsFixed_
00405920       IsCarriage_
00405930*      ChkRecordStructure_
00405960*      ChkSequential_
00405980*      ChkExist_
004059b0*      StrItem_
Module: C:\WATCOM/lib386/nt\flib7.lib(rtsysutl.c)
004059e0       GetSysIOInfo_
00405a00       GetSysFileInfo_
00405a30*      IsDevice_
00405c00       OpenAction_
00405c40*      DfltRecType_
00405c60+      _FileAttrs_
00405d20       CloseFile_
00405d90       Scrtched_
00405db0*      CloseDeleteFile_
00405e00       Errf_
00405e20       FPutBuff_
00405e90       FGetBuff_
00405ee0       SeekFile_
00405f00       NoEOF_
00405f10       SysClearEOF_
00405f20*      SameFile_
00405f30*      Rewindf_
00405f50*      SysCreateFile_
00405f90       CheckLogicalRecord_
00405fb0       SkipLogicalRecord_
00405fd0*      BackSpacef_
00406000*      EndFilef_
00406040       GetIOErrMsg_
00406080       ReportNExist_
004060a0       ReportEOF_
004060b0*      WaitForEnter_
Module: C:\WATCOM/lib386/nt\flib7.lib(spawn.c)
004060c0       Spawn_
00406120       Suicide_
Module: C:\WATCOM/lib386/nt\flib7.lib(_matherr.c)
00406160*      __imath2err_
004061a0*      __amath1err_
004061d0*      __amath2err_
00406200       __math2err_
00406310       __math1err_
00406320*      __zmath2err_
00406380*      __qmath2err_
Module: C:\WATCOM/lib386/nt\flib7.lib(unfmtout.c)
004064d0       UnFmtOut_
Module: C:\WATCOM/lib386/nt\flib7.lib(freeout.c)
00406920       FreeOut_
0041620c+      _OutRtn
Module: C:\WATCOM/lib386/nt\clib3r.lib(initrtns.c)
00406a10       __InitRtns
00406a60       __FiniRtns
Module: C:\WATCOM/lib386/nt\clib3r.lib(mthrdini.c)
00406ac0       __InitThreadData_
00416240       ___ThreadDataSize
Module: C:\WATCOM/lib386/nt\clib3r.lib(memset.c)
00406af0       memset_
Module: C:\WATCOM/lib386/nt\clib3r.lib(cmain386.c)
00406b10       __CMain
Module: C:\WATCOM/lib386/nt\clib3r.lib(dosseg)
00001234       __DOSseg__
Module: C:\WATCOM/lib386/nt\clib3r.lib(8087cw.c)
00416244       __8087cw
Module: C:\WATCOM/lib386/nt\clib3r.lib(save8087.c)
00416248       ___Save8087
0041624c       ___Rest8087
Module: C:\WATCOM/lib386/nt\clib3r.lib(init8087)
00406b54       __x87id
Module: C:\WATCOM/lib386/nt\flib7.lib(csetinfo.c)
00418680       _CharSetInfo
Module: C:\WATCOM/lib386/nt\flib7.lib(errmsg.c)
00406ec0       _GroupTable
00406f70       _ErrWord
Module: C:\WATCOM/lib386/nt\flib7.lib(blderr.c)
00407620       Substitute_
004077e0       ErrCodOrg_
Module: C:\WATCOM/lib386/nt\flib7.lib(errrtns.c)
00418694       ___ErrorFini
00418698       ___ErrorInit
0041869c       ___BldErrMsg
Module: C:\WATCOM/lib386/nt\flib7.lib(rttraps.c)
004078e0       __EnableF77RTExceptionHandling_
004078f0       R_TrapInit_
00407980       R_TrapFini_
00407990*      __InitExceptionVectors_
Module: C:\WATCOM/lib386/nt\clib3r.lib(nodefwin.c)
00416250*      __WindowsIsWindowedHandle
00416254*      __WindowsRemoveWindowedHandle
00416258*      __WindowsNewWindow
0041625c*      __WindowsCloseWindow
00416260*      __WindowsSetAbout
00416264*      __WindowsSetAppTitle
00416268*      __WindowsSetConTitle
0041626c*      __WindowsDestroyOnClose
00416270*      __WindowsYieldControl
00416274*      __WindowsShutDown
00416278*      __WindowsStdin
0041627c       __WindowsStdout
00416280*      __WindowsKbhit
00416284*      __WindowsGetch
00416288*      __WindowsGetche
0041628c*      __WindowsPutch
004079b0*      _dwShutDown_
004079b0*      _dwYield_
004079b0*      _dwSetConTitle_
004079b0*      _dwSetAppTitle_
004079b0*      _dwSetAboutDlg_
004079b0       _dwDeleteOnClose_
00416290*      __WindowsExitRtn
004186a0*      __init_default_win
Module: C:\WATCOM/lib386/nt\clib3r.lib(atexit.c)
004079b3       atexit_
Module: C:\WATCOM/lib386/nt\clib3r.lib(regdata.c)
00407a10       __RegisterThreadDataSize_
Module: C:\WATCOM/lib386/nt\clib3r.lib(hdlman.c)
00416294+      ___NHandles
00416298+      ___OSHandles
0041629c+      ___FakeHandles
00407a40+      __growPOSIXHandles_
00407ae0       __allocPOSIXHandle_
00407ba0       __freePOSIXHandle_
00407bc0       __getOSHandle_
00407bd0       __setOSHandle_
00407c20+      __NTGetFakeHandle_
00407c90       __initPOSIXHandles_
00407d70*      __set_handles_
00407d80*      _grow_handles_
Module: C:\WATCOM/lib386/nt\clib3r.lib(environ.c)
00418728       ___env_mask
0041872c       _environ
00418730       __wenviron
Module: C:\WATCOM/lib386/nt\clib3r.lib(getmodfn.c)
00407dc0       __lib_GetModuleFileNameW_
Module: C:\WATCOM/lib386/nt\clib3r.lib(strdup.c)
00407e60       __clib_strdup_
Module: C:\WATCOM/lib386/nt\clib3r.lib(istable.c)
00407ea0       __IsTable
Module: C:\WATCOM/lib386/nt\clib3r.lib(ustrdup.c)
00407fa1       __clib_wcsdup_
Module: C:\WATCOM/lib386/nt\clib3r.lib(nfree.c)
00407fd0       _nfree_
00407fd0       free_
00418734       ___MiniHeapFreeRover
Module: C:\WATCOM/lib386/nt\clib3r.lib(excptwnt.c)
00408740+      ___ReportException@4
00408b90       __DefaultExceptionHandler_
00408bd0+      ___ExceptionFilter
00408de0       __NewExceptionFilter_
00408e10       __DoneExceptionFilter_
004162a8       ___oscode_check_func
004162ac       ___raise_func
00418738*      _sw
0041873c       ___ExceptionHandled
0041873d+      ___ReportInvoked
Module: C:\WATCOM/lib386/nt\clib3r.lib(stklmwnt.c)
00408e50       __init_stack_limits_
Module: C:\WATCOM/lib386/nt\flib7.lib(runmain.c)
00408ec0*      __InitUnit6CC_
00408ed0       __DevicesCC_
00408ee0*      __InitAllowCommaSeparator_
00408ef0       __AllowCommaSep_
00408f00+      _InitIO_
00408f70+      CloseAllFiles_
00408fb0*      _FiniEx_
00408fb0       RunExit_
00408ff0       RunEntry_
Module: C:\WATCOM/lib386/nt\flib7.lib(posdat.c)
004164a8       _FStdIn
004164ac       _FStdOut
004164b0       _FStdErr
Module: C:\WATCOM/lib386/nt\flib7.lib(posflush.c)
00409020       FlushBuffer_
Module: C:\WATCOM/lib386/nt\flib7.lib(errutil.c)
004090d0       BldErrCode_
00409130*      MsgFormat_
00409160*      MsgBuffer_
004164b4+      _PGrpCodes
Module: C:\WATCOM/lib386/nt\clib3r.lib(enterdb.c)
00409190       __EnterWVIDEO_
004164b8       ___WD_Present
Module: C:\WATCOM/lib386/nt\flib7.lib(stdio.c)
004091d0       StdBuffer_
004091f0+      StdWrite_
004092d0       StdFlush_
00409300       StdWriteNL_
Module: C:\WATCOM/lib386/nt\flib7.lib(ifile.c)
00409330       SendIFBuff_
00409360       NextIFBuff_
Module: C:\WATCOM/lib386/nt\clib3r.lib(ltoa.c)
00409390       ultoa_
004093e0       ltoa_
Module: C:\WATCOM/lib386/nt\flib7.lib(sdfile.c)
004168c4*      _FFCtrlSeq
004168c6*      _SkipCtrlSeq
004168c8       _NormalCtrlSeq
004168ca       _SDTermIn
004168ce       _SDTermOut
004168d2*      _SDPrtName
Module: C:\WATCOM/lib386/nt\flib7.lib(cctrl.c)
00409410       CheckCCtrl_
Module: C:\WATCOM/lib386/nt\flib7.lib(rdutils.c)
00409480       NextRec_
Module: C:\WATCOM/lib386/nt\flib7.lib(undefcg.c)
00409620       OutLogCG_
00409630       OutIntCG_
00409670+      FmtRealCG_
004096a0+      FmtDoubleCG_
004096d0+      FmtExtendedCG_
00409700+      UndefIntCG_
00409700+      UndefLogCG_
00409700+      UndefExtendedCG_
00409700+      UndefDoubleCG_
00409700+      UndefRealCG_
00409710+      GetRealCG_
004168d8       _FmtRealRtn
004168dc       _FmtDoubleRtn
004168e0       _FmtExtendedRtn
004168e4       _SendStrRtn
004168e8       _UndefRealRtn
004168ec       _UndefDoubleRtn
004168f0       _UndefExtendedRtn
004168f4       _UndefLogRtn
004168f8       _UndefIntRtn
004168fc       _GetRealRtn
Module: C:\WATCOM/lib386/nt\flib7.lib(rfmtlog.c)
00409730       R_FmtLog_
Module: C:\WATCOM/lib386/nt\clib3r.lib(toupper.c)
00409760       toupper_
Module: C:\WATCOM/lib386/nt\flib7.lib(fmtcnvt.c)
00409770       FmtS2I_
004098a0       FmtS2F_
Module: C:\WATCOM/lib386/nt\flib7.lib(fmtrtns.c)
00409c70       R_F2E_
00409de0       R_F2F_
00409f70       SetMaxPrec_
Module: C:\WATCOM/lib386/nt\flib7.lib(flt86.c)
00409f80       _P1d100
00409f88       _P1d_99
Module: C:\WATCOM/lib386\math387r.lib(pow87)
0040a0e9*      pow_
00409f90       IF@DPOW
00409f90*      IF@POW
Module: C:\WATCOM/lib386/nt\flib7.lib(hexcnv.c)
0040a110       Hex_
0040a130*      HSToB_
0040a1a0       BToHS_
Module: C:\WATCOM/lib386/nt\clib3r.lib(strupr.c)
0040a1f0       strupr_
Module: C:\WATCOM/lib386/nt\flib7.lib(rmemmgr.c)
0040a210       RMemAlloc_
0040a220       RMemFree_
Module: C:\WATCOM/lib386/nt\flib7.lib(unfmtutl.c)
0040a230       _SizeVars
Module: C:\WATCOM/lib386/nt\flib7.lib(chrutils.c)
0040a240       JmpBlanks_
Module: C:\WATCOM/lib386/nt\flib7.lib(fdutil.c)
0040a260       LocFile_
0040a270       LocUnit_
0040a2a0       ExtractInfo_
Module: C:\WATCOM/lib386/nt\flib7.lib(rstdio.c)
0040a3d0       _InitStandardInput_
0040a400       _InitStandardOutput_
Module: C:\WATCOM/lib386/nt\flib7.lib(deffname.c)
00416900       _DefFName
Module: C:\WATCOM/lib386/nt\flib7.lib(stracc.c)
0040a430       TrimStr_
0040a470       GetStr_
Module: C:\WATCOM/lib386/nt\clib3r.lib(accsswnt.c)
0040a4a0       access_
Module: C:\WATCOM/lib386/nt\clib3r.lib(fullpath.c)
0040a4e0+      _sys_fullpath_
0040a560       _fullpath_
Module: C:\WATCOM/lib386/nt\clib3r.lib(fstatwnt.c)
0040a5d0       fstat_
Module: C:\WATCOM/lib386/nt\flib7.lib(poserr.c)
0040a930       Errorf_
0040a950*      EOFile_
0040a970       ErrorMsg_
0040a9b0       FSetTrunc_
0040a9c0       FSetSysErr_
0040a9e0       FSetErr_
0040aa00       FSetEof_
0040aa20       IOOk_
Module: C:\WATCOM/lib386/nt\clib3r.lib(statwnt.c)
0040ab45       stat_
Module: C:\WATCOM/lib386/nt\flib7.lib(posopen.c)
0040ad80       InitStd_
0040ae40       SetIOBufferSize_
0040ae60+      _AllocFile_
0040af50       Openf_
0040b040       Closef_
Module: C:\WATCOM/lib386/nt\flib7.lib(posdel.c)
0040b0c0       Scratchf_
Module: C:\WATCOM/lib386/nt\flib7.lib(posput.c)
0040b0e0       FPutRec_
0040b120       ChopFile_
0040b170*      PutRec_
0040b290       writebytes_
0040b310       SysWrite_
Module: C:\WATCOM/lib386/nt\flib7.lib(posget.c)
0040b450       readbytes_
0040b520       SysRead_
0040b990       FGetRec_
0040b9c0*      GetRec_
0040b9e0       GetStdChar_
0040ba30       FCheckLogical_
0040bab0       FSkipLogical_
0040bb80*      FGetVarRecLen_
Module: C:\WATCOM/lib386/nt\flib7.lib(posseek.c)
0040bc70       FSeekRec_
0040bcb0       CurrFileOffset_
0040bcb0       FGetFilePos_
0040bcd0       SysSeek_
0040bec0*      FSeekAbs_
Module: C:\WATCOM/lib386/nt\clib3r.lib(stricmp.c)
0040bed0       stricmp_
Module: C:\WATCOM/lib386/nt\flib7.lib(posrew.c)
0040bf10       FRewind_
Module: C:\WATCOM/lib386/nt\flib7.lib(posback.c)
0040bf80       FBackspace_
Module: C:\WATCOM/lib386/nt\flib7.lib(postrunc.c)
0040c060       FTruncate_
Module: C:\WATCOM/lib386/nt\clib3r.lib(errno.c)
0040c080       __get_errno_ptr_
0040c090*      __get_doserrno_ptr_
Module: C:\WATCOM/lib386/nt\clib3r.lib(setjmp)
0040c09c       _setjmp_
0040c0d5       longjmp_
Module: C:\WATCOM/lib386/nt\clib3r.lib(exit.c)
0040c15d+      __null_int23_exit_
0040c15e       exit_
0040c1ae*      _exit_
00416910+      ___int23_exit
00416914+      ___FPE_handler_exit
Module: C:\WATCOM/lib386/nt\clib3r.lib(__stos)
0040c1d0       __STOSB
0040c207*      __STOSD
Module: C:\WATCOM/lib386/nt\clib3r.lib(cinit.c)
0040c280       __CommonInit_
Module: C:\WATCOM/lib386/nt\clib3r.lib(___argc.c)
00418744       ____Argc
00418748       ____Argv
Module: C:\WATCOM/lib386/nt\flib7.lib(rtmain.c)
0040c290       main_
Module: C:\WATCOM/lib386/nt\clib3r.lib(memmove.c)
0040c2b0       memmove_
Module: C:\WATCOM/lib386/nt\clib3r.lib(itoa.c)
0040c310       utoa_
0040c360       itoa_
Module: C:\WATCOM/lib386/nt\clib3r.lib(signlwnt.c)
00416918+      __SignalTable
0040c390+      __SetSignalFunc_
0040c3e0+      __GetSignalFunc_
0040c410+      __GetSignalOSCode_
0040c440+      __CheckSignalExCode_
0040c580+      __sigabort_
0040c590       __sigfpe_handler_
0040c5e0       signal_
0040c670+      raise_
0040c6e0+      __SigInit_
0040c730+      __SigFini_
0040c770+      __sig_init_
Module: C:\WATCOM/lib386/nt\flib7.lib(fptraps.c)
0040c850*      __MaskDefaultFPE_
0040c870       FPTrapInit_
0040c8a0       FPTrapFini_
Module: C:\WATCOM/lib386/nt\clib3r.lib(trdlist.c)
0040c910       __GetThreadData_
0040c960       __ReallocThreadData_
0040ca50       __AddThreadData_
0040cad0       __RemoveThreadData_
0040cb30       __ResizeThreadDataList_
0040cb60       __FreeThreadDataList_
0040cb90*      __ActiveThreads_
Module: C:\WATCOM/lib386/nt\clib3r.lib(nmalloc.c)
0040cbb0       _nmalloc_
0040cbb0       malloc_
00416984       ___nheapbeg
00416988       ___MiniHeapRover
0041698c       ___LargestSizeB4MiniHeapRover
Module: C:\WATCOM/lib386/nt\clib3r.lib(seterrno.c)
0040ccaa       __set_errno_
0040ccb8*      __set_EDOM_
0040ccc6       __set_ERANGE_
0040ccd4*      __set_EINVAL_
0040cce7       __set_doserrno_
Module: C:\WATCOM/lib386/nt\clib3r.lib(nrealloc.c)
0040cd00*      _nrealloc_
0040cd00       realloc_
Module: C:\WATCOM/lib386/nt\clib3r.lib(iomode.c)
0040cd80       __GetIOMode_
0040cda0       __SetIOMode_nogrow_
00416990       ___NFiles
00416994       ___init_mode
004169e4       ___io_mode
Module: C:\WATCOM/lib386/nt\clib3r.lib(stiomode.c)
0040cdc0       __grow_iomode_
0040ce90+      __shrink_iomode_
0040ced0       __SetIOMode_
Module: C:\WATCOM/lib386/nt\clib3r.lib(setenvp.c)
0040cf40       __setenvp_
0040d000       __freeenvp_
Module: C:\WATCOM/lib386/nt\clib3r.lib(ustrlen.c)
0040d04d       wcslen_
Module: C:\WATCOM/lib386/nt\clib3r.lib(memcpy.c)
0040d060       memcpy_
Module: C:\WATCOM/lib386/nt\clib3r.lib(mem.c)
0040d080       __MemAllocator
0040d130       __MemFree
Module: C:\WATCOM/lib386/nt\clib3r.lib(conutwnt.c)
0040d280*      __NTRealKey_
0040d330*      __NTConsoleInput_
0040d340       __NTConsoleOutput_
Module: C:\WATCOM/lib386/nt\clib3r.lib(fclex387.c)
0040d350       _ClearFPE_
Module: C:\WATCOM/lib386/nt\clib3r.lib(lseek.c)
0040d360       lseek_
Module: C:\WATCOM/lib386/nt\clib3r.lib(write.c)
0040d600       write_
Module: C:\WATCOM/lib386/nt\flib7.lib(errgrp.c)
0040d860       _GrpCodes
Module: C:\WATCOM/lib386/nt\clib3r.lib(iob.c)
004169f0       ___iob
00416bf8       __fmode
00418758       ___OpenStreams
0041875c       ___ClosedStreams
Module: C:\WATCOM/lib386/nt\clib3r.lib(setmd.c)
0040d8f0       setmode_
Module: C:\WATCOM/lib386/nt\clib3r.lib(alphabet.c)
00416090       ___Alphabet
Module: C:\WATCOM/lib386/nt\flib7.lib(expchk.c)
0040d9e0       ToFFormat_
Module: C:\WATCOM/lib386/nt\flib7.lib(intarith.c)
0040da30       AddIOFlo_
0040da40*      SubIOFlo_
0040da50       MulIOFlo_
Module: C:\WATCOM/lib386/nt\clib3r.lib(tolower.c)
0040da60       tolower_
Module: C:\WATCOM/lib386\math387r.lib(strtod.c)
0040df82+      __Strtold_
0040e0e9       strtod_
Module: C:\WATCOM/lib386\math387r.lib(ldcvt.c)
0040e30c       _LDScale10x_
0040e8b3       __LDcvt_
Module: C:\WATCOM/lib386/nt\clib3r.lib(chipvar)
00416ca4       ___chipbug
00416ca4       __chipbug
Module: C:\WATCOM/lib386\math387r.lib(pow87e.c)
0040ed00       __pow87_err_
Module: C:\WATCOM/lib386\math387r.lib(exp87)
0040edef*      exp_
0040ed88*      __@DEXP1
0040ed90*      IF@EXP
0040ed90*      IF@DEXP
0040ed92       __@DEXP
Module: C:\WATCOM/lib386/nt\clib3r.lib(chipd32.asm)
0040ef13       __fdiv_fpr
0040f3d5*      __fdiv_chk
0040f3e8*      __fdiv_m32
0040f435*      __fdiv_m64
0040f482*      __fdiv_m32r
0040f4cf*      __fdiv_m64r
Module: C:\WATCOM/lib386/nt\clib3r.lib(getenv.c)
0040f520       getenv_
Module: C:\WATCOM/lib386/nt\clib3r.lib(fgtattr.c)
0040f5b0       __fixed_GetFileAttributesA_
Module: C:\WATCOM/lib386/nt\clib3r.lib(dosret.c)
0040f650*      _dosretax_
0040f660*      _dosret0_
0040f670       __set_errno_dos_
0040f6a0*      __set_errno_dos_reterr_
0040f6b0       __set_errno_nt_
0040f6c0*      __set_errno_nt_reterr_
Module: C:\WATCOM/lib386/nt\clib3r.lib(gtcwdwnt.c)
0040f6e0       getcwd_
Module: C:\WATCOM/lib386/nt\clib3r.lib(iomodtty.c)
0040f770       __ChkTTYIOMode_
0040f7b0       __IOMode_
Module: C:\WATCOM/lib386/nt\clib3r.lib(ntdirinf.c)
0040f7d0       __MakeDOSDT_
0040f800*      __FromDOSDT_
0040f830*      __GetNTDirInfo_
0040f870*      __NTFindNextFileWithAttr_
Module: C:\WATCOM/lib386/nt\clib3r.lib(d2ttime.c)
0040f8d0       _d2ttime_
Module: C:\WATCOM/lib386/nt\clib3r.lib(strerror.c)
0040fc70       strerror_
0040fc90*      _strerror_
0040fd60*      _doserror_
00416dbc+      __sys_errlist
00416e60+      __sys_nerr
Module: C:\WATCOM/lib386/nt\clib3r.lib(_strcmp)
0040fd90       strcmp_
Module: C:\WATCOM/lib386/nt\clib3r.lib(mbspbrk.c)
0040fed0       _mbspbrk_
Module: C:\WATCOM/lib386/nt\clib3r.lib(mbsinc.c)
0040ff20       _mbsinc_
Module: C:\WATCOM/lib386/nt\clib3r.lib(close.c)
0040ff50       close_
Module: C:\WATCOM/lib386/nt\clib3r.lib(openwnt.c)
00410170*      open_
00410190       sopen_
Module: C:\WATCOM/lib386/nt\flib7.lib(poscc.c)
004101c0*      __LineFeedWithFormFeed_
004101d0       FSetCC_
Module: C:\WATCOM/lib386/nt\clib3r.lib(unlnkwnt.c)
00410230       unlink_
Module: C:\WATCOM/lib386/nt\clib3r.lib(chsizwnt.c)
004102b0       chsize_
Module: C:\WATCOM/lib386/nt\clib3r.lib(read.c)
004103a0       read_
Module: C:\WATCOM/lib386/nt\clib3r.lib(ljmphdl.c)
00416e6c       ___longjmp_handler
Module: C:\WATCOM/lib386/nt\clib3r.lib(argcv.c)
00418860       __argc
00418864       __argv
00418868       ___argv
0041886c       ___argc
Module: C:\WATCOM/lib386/nt\clib3r.lib(abort.c)
00410555*      abort_
00410567       __terminate_
00416e70       ___abort
Module: C:\WATCOM/lib386/nt\clib3r.lib(cntrl87.c)
00410580       _control87_
Module: C:\WATCOM/lib386/nt\clib3r.lib(mthread.c)
00410760+      __CloseSemaphore_
004107a0+      __AccessIOB_
004107b0+      __ReleaseIOB_
004107c0+      __AccessFileH_
004107d0+      __ReleaseFileH_
004107e0+      __AccessNHeap_
004107f0+      __ReleaseNHeap_
00410800+      __AccessFHeap_
00410810+      __ReleaseFHeap_
00410820+      __AccessTDList_
00410830+      __ReleaseTDList_
00410840+      __AccessFList_
00410850+      __AccessSemaphore_
004108b0+      __ReleaseFList_
004108c0+      __ReleaseSemaphore_
004108f0+      __MultipleThread_
00410940+      __AllocInitThreadData_
00410990*      __FreeInitThreadData_
004109a0       __NTThreadInit_
00410a10       __NTAddThread_
00410a60       __NTRemoveThread_
00410af0       __InitMultipleThread_
00416e74+      ___AccessSema4
00416e78+      ___ReleaseSema4
00416e7c+      ___CloseSema4
Module: C:\WATCOM/lib386/nt\clib3r.lib(xmsgwnt.c)
00410cb0+      __exit_with_msg_
00410d10       __fatal_runtime_error_
Module: C:\WATCOM/lib386/nt\clib3r.lib(calloc.c)
00410d30       calloc_
Module: C:\WATCOM/lib386/nt\clib3r.lib(register.c)
00410d60       __initthread_
00410d70*      _beginthread_
00410d80       _endthread_
00410d90*      __RegisterThreadData_
Module: C:\WATCOM/lib386/nt\clib3r.lib(nmemneed.c)
00410de0       __nmemneed_
Module: C:\WATCOM/lib386/nt\clib3r.lib(grownear.c)
00410f50       __ExpandDGROUP_
Module: C:\WATCOM/lib386/nt\clib3r.lib(nmsize.c)
00410f70       _nmsize_
00410f70*      _msize_
Module: C:\WATCOM/lib386/nt\clib3r.lib(nexpand.c)
00410f80       _nexpand_
00410f80*      _expand_
00410fc0+      __HeapManager_expand_
Module: C:\WATCOM/lib386/nt\clib3r.lib(dofilstr.c)
004111a0       __ParsePosixHandleStr_
Module: C:\WATCOM/lib386/nt\clib3r.lib(clearenv.c)
004112c0       clearenv_
Module: C:\WATCOM/lib386/nt\clib3r.lib(__lseek.c)
00411350       __lseek_
Module: C:\WATCOM/lib386/nt\clib3r.lib(stackwnt.c)
00411390       stackavail_
Module: C:\WATCOM/lib386/nt\clib3r.lib(stk)
004113a1*      __CHK
004113b1*      __STK
004113d0       __STKOVERFLOW_
004113e0*      __GRO
00411400*      __alloca_probe
Module: C:\WATCOM/lib386/nt\clib3r.lib(initfile.c)
00411450       __InitFiles_
Module: C:\WATCOM/lib386/nt\clib3r.lib(ioexit.c)
00411550*      fcloseall_
00411560       __full_io_exit_
Module: C:\WATCOM/lib386\math387r.lib(bufld386)
0041156c       __ZBuf2LD
Module: C:\WATCOM/lib386\math387r.lib(inf_nan.c)
0041160f*      ___f_infinity
00411613*      ___f_posqnan
00411617       ___d_infinity
0041161f       ___d_posqnan
00411627*      ___ld_infinity
0041162f*      ___ld_posqnan
Module: C:\WATCOM/lib386/nt\clib3r.lib(hugeval.c)
00411640       __HugeValue
Module: C:\WATCOM/lib386\math387r.lib(ldclass.c)
00411648       __LDClass_
00411698*      _FLClass_
Module: C:\WATCOM/lib386/nt\clib3r.lib(chipbug.c)
004116b0       __verify_pentium_fdiv_bug_
Module: C:\WATCOM/lib386/nt\clib3r.lib(mbterm.c)
00411710       _mbterm_
Module: C:\WATCOM/lib386/nt\clib3r.lib(mbsnextc.c)
00411750       _mbsnextc_
Module: C:\WATCOM/lib386/nt\clib3r.lib(mbcupper.c)
00411790       _mbctoupper_
Module: C:\WATCOM/lib386/nt\clib3r.lib(isattwnt.c)
004117c0       isatty_
Module: C:\WATCOM/lib386/nt\clib3r.lib(strncpy.c)
004117e0       strncpy_
Module: C:\WATCOM/lib386/nt\clib3r.lib(mktime.c)
00411820       mktime_
Module: C:\WATCOM/lib386/nt\clib3r.lib(mbschr.c)
004118b0       _mbschr_
Module: C:\WATCOM/lib386/nt\clib3r.lib(mbisdbcs.c)
00418fdc       ___IsDBCS
Module: C:\WATCOM/lib386/nt\clib3r.lib(mbislead.c)
00411910*      _ismbblead_
00418fe0       ___MBCSIsTable
Module: C:\WATCOM/lib386/nt\clib3r.lib(_clsewnt.c)
00411930       __close_
Module: C:\WATCOM/lib386/nt\clib3r.lib(ntfio.c)
00411990*      __GetNTCreateAttr_
004119d0       __GetNTAccessAttr_
00411a00       __GetNTShareAttr_
Module: C:\WATCOM/lib386/nt\clib3r.lib(umaskval.c)
00416e9c       ___umaskval
Module: C:\WATCOM/lib386/nt\clib3r.lib(initargv.c)
00411a60       __Init_Argv_
00411ab0+      _getargv_
00411c50       __Fini_Argv_
Module: C:\WATCOM/lib386/nt\clib3r.lib(trdalloc.c)
00411c60       __FiniThreadProcessing_
Module: C:\WATCOM/lib386/nt\clib3r.lib(nheapmin.c)
00411c70       _nheapshrink_
00411c70*      _nheapmin_
00411c70*      _heapmin_
00411c70       _heapshrink_
Module: C:\WATCOM/lib386/nt\clib3r.lib(thredwnt.c)
00411e10       __CBeginThread_
00411eb0       __CEndThread_
Module: C:\WATCOM/lib386/nt\clib3r.lib(amblksiz.c)
00416ea0       __amblksiz
Module: C:\WATCOM/lib386/nt\clib3r.lib(heapen.c)
00411ef0*      _heapenable_
00416ea4       ___heap_enabled
Module: C:\WATCOM/lib386/nt\clib3r.lib(strtol.c)
00412140*      strtoul_
00412150       strtol_
Module: C:\WATCOM/lib386/nt\clib3r.lib(putenv.c)
00412160       putenv_
004123f0       __putenv_
Module: C:\WATCOM/lib386/nt\clib3r.lib(fclose.c)
00412560+      __doclose_
00412600       __shutdown_stream_
00412620*      fclose_
004190e8+      ___RmTmpFileFn
Module: C:\WATCOM/lib386/nt\clib3r.lib(freefp.c)
00412670       __freefp_
004126c0       __purgefp_
Module: C:\WATCOM/lib386/nt\clib3r.lib(mbconv.c)
004126f0       _mbvtop_
Module: C:\WATCOM/lib386/nt\clib3r.lib(locmktim.c)
00412710       __local_mktime_
Module: C:\WATCOM/lib386/nt\clib3r.lib(gmtime.c)
00412890       __brktime_
00412990+      _gmtime_
004129b0*      gmtime_
Module: C:\WATCOM/lib386/nt\clib3r.lib(tzset.c)
00416f34       ___start_dst
00416f58       ___end_dst
00417080*      _tzname
00417088       _timezone
0041708c       _daylight
00417090       ___dst_adjust
00412a20*      __DontCacheOSTZ_
00412a30*      __CacheOSTZ_
00412f10+      __parse_tz_
00413300       tzset_
Module: C:\WATCOM/lib386/nt\clib3r.lib(timeutil.c)
00413470       __isindst_
Module: C:\WATCOM/lib386/nt\clib3r.lib(mbclen.c)
004137a0       _mbclen_
Module: C:\WATCOM/lib386/nt\clib3r.lib(mbccmp.c)
004137d0       _mbccmp_
Module: C:\WATCOM/lib386/nt\clib3r.lib(mbinit.c)
00413845       __mbinit_
00417098       ___MBCodePage
Module: C:\WATCOM/lib386/nt\clib3r.lib(histsplt.c)
004190ec       ___historical_splitparms
Module: C:\WATCOM/lib386/nt\clib3r.lib(mbslen.c)
00413940       _mbslen_
Module: C:\WATCOM/lib386/nt\clib3r.lib(mbstowcs.c)
00413970       mbstowcs_
Module: C:\WATCOM/lib386/nt\clib3r.lib(uputenv.c)
004139f0*      _wputenv_
00413c10       __wputenv_
Module: C:\WATCOM/lib386/nt\clib3r.lib(flush.c)
00413d10       __flush_
Module: C:\WATCOM/lib386/nt\clib3r.lib(leapyear.c)
00413e10       __leapyear_
004160c0       ___diyr
004160da       ___dilyr
Module: C:\WATCOM/lib386/nt\clib3r.lib(wcstombs.c)
00413e50       wcstombs_
Module: C:\WATCOM/lib386/nt\clib3r.lib(mbtowc.c)
00413ef0       mbtowc_
Module: C:\WATCOM/lib386/nt\clib3r.lib(ustrchr.c)
00413f80       wcschr_
Module: C:\WATCOM/lib386/nt\clib3r.lib(setenvar.c)
00413fa0       __lib_SetEnvironmentVariableW_
Module: C:\WATCOM/lib386/nt\clib3r.lib(crtwenv.c)
00414090       __create_wide_environment_
Module: C:\WATCOM/lib386/nt\clib3r.lib(utoupper.c)
004140f8       towupper_
Module: C:\WATCOM/lib386/nt\clib3r.lib(fsync.c)
00414110       fsync_
Module: C:\WATCOM/lib386/nt\clib3r.lib(qwrit.c)
00414160       __qwrite_
Module: C:\WATCOM/lib386/nt\clib3r.lib(wctomb.c)
00414240       wctomb_


                        +----------------------+
                        |   Imported Symbols   |
                        +----------------------+

Symbol                              Module
======                              ======

_GetEnvironmentStringsA@0           KERNEL32.DLL
_GetVersion@0                       KERNEL32.DLL
_GetModuleFileNameA@12              KERNEL32.DLL
_GetCommandLineA@0                  KERNEL32.DLL
_GetCommandLineW@0                  KERNEL32.DLL
_FreeEnvironmentStringsA@4          KERNEL32.DLL
_GetModuleHandleA@4                 KERNEL32.DLL
_ExitProcess@4                      KERNEL32.DLL
_RtlUnwind@16                       KERNEL32.DLL
_GetCurrentThreadId@0               KERNEL32.DLL
_SetStdHandle@8                     KERNEL32.DLL
_CreateEventA@16                    KERNEL32.DLL
_GetStdHandle@4                     KERNEL32.DLL
_CloseHandle@4                      KERNEL32.DLL
_GetModuleFileNameW@12              KERNEL32.DLL
_MultiByteToWideChar@24             KERNEL32.DLL
_LoadLibraryA@4                     KERNEL32.DLL
_GetProcAddress@8                   KERNEL32.DLL
_WriteFile@20                       KERNEL32.DLL
_SetUnhandledExceptionFilter@4      KERNEL32.DLL
_UnhandledExceptionFilter@4         KERNEL32.DLL
_VirtualQuery@12                    KERNEL32.DLL
_MessageBoxA@16                     USER32.DLL
_GetFullPathNameA@16                KERNEL32.DLL
_GetFileType@4                      KERNEL32.DLL
_GetFileInformationByHandle@8       KERNEL32.DLL
_GetFileTime@16                     KERNEL32.DLL
_GetFileSize@8                      KERNEL32.DLL
_CreateFileA@28                     KERNEL32.DLL
_GetLastError@0                     KERNEL32.DLL
_GetDriveTypeA@4                    KERNEL32.DLL
_FindFirstFileA@8                   KERNEL32.DLL
_FindClose@4                        KERNEL32.DLL
_SetConsoleCtrlHandler@8            KERNEL32.DLL
_TlsGetValue@4                      KERNEL32.DLL
_TlsSetValue@8                      KERNEL32.DLL
_SetFilePointer@16                  KERNEL32.DLL
_GetFileAttributesA@4               KERNEL32.DLL
_GetCurrentDirectoryA@8             KERNEL32.DLL
_FileTimeToLocalFileTime@8          KERNEL32.DLL
_FileTimeToDosDateTime@12           KERNEL32.DLL
_DosDateTimeToFileTime@12           KERNEL32.DLL
_LocalFileTimeToFileTime@8          KERNEL32.DLL
_FindNextFileA@8                    KERNEL32.DLL
_FormatMessageA@28                  KERNEL32.DLL
_DeleteFileA@4                      KERNEL32.DLL
_SetEndOfFile@4                     KERNEL32.DLL
_ReadFile@20                        KERNEL32.DLL
_InitializeCriticalSection@4        KERNEL32.DLL
_DeleteCriticalSection@4            KERNEL32.DLL
_LeaveCriticalSection@4             KERNEL32.DLL
_EnterCriticalSection@4             KERNEL32.DLL
_SetLastError@4                     KERNEL32.DLL
_TlsAlloc@0                         KERNEL32.DLL
_TlsFree@4                          KERNEL32.DLL
_VirtualAlloc@16                    KERNEL32.DLL
_CharUpperA@4                       USER32.DLL
_VirtualFree@12                     KERNEL32.DLL
_CreateThread@24                    KERNEL32.DLL
_ResumeThread@4                     KERNEL32.DLL
_ExitThread@4                       KERNEL32.DLL
_SetEnvironmentVariableA@8          KERNEL32.DLL
_GetTimeZoneInformation@4           KERNEL32.DLL
_GetACP@0                           KERNEL32.DLL
_GetOEMCP@0                         KERNEL32.DLL
_GetCPInfo@8                        KERNEL32.DLL
_SetEnvironmentVariableW@8          KERNEL32.DLL
_FlushFileBuffers@4                 KERNEL32.DLL
_WideCharToMultiByte@32             KERNEL32.DLL


                        +--------------------+
                        |   Libraries Used   |
                        +--------------------+

C:\WATCOM/lib386/nt\kernel32.lib
C:\WATCOM/lib386/nt\user32.lib
C:\WATCOM/lib386/nt\flib7.lib
C:\WATCOM/lib386\math387r.lib
C:\WATCOM/lib386/nt\clib3r.lib
C:\WATCOM/lib386/nt\emu387.lib


                        +-----------------------+
                        |   Linker Statistics   |
                        +-----------------------+

Stack size:  00010000 (65536.)
Memory size:  00026c94 (158868.)
Entry point address: 00401592
Link time: 00:00.78
