Open Watcom Linker Version 1.3
Portions Copyright (c) 1985-2002 Sybase, Inc. All Rights Reserved.
Created on:       14/02/04 17:06:43
Warning! W1008: cannot open ole32.lib : No such file or directory
Warning! W1008: cannot open oleaut32.lib : No such file or directory
Executable Image: Assignment 1.exe
creating a Windows NT windowed executable


                        +------------+
                        |   Groups   |
                        +------------+

Group                           Address              Size
=====                           =======              ====

.idata                          00414000             000007a8
DGROUP                          00415000             00013100



                        +--------------+
                        |   Segments   |
                        +--------------+

Segment                Class          Group          Address         Size
=======                =====          =====          =======         ====

BEGTEXT                CODE           AUTO           00401000        00000007
_TEXT                  CODE           AUTO           00401010        000123ed
TRANSFER CODE          CODE           AUTO           00413400        000001a4
.idata                 .idata         .idata         00414000        000007a8
_NULL                  BEGDATA        DGROUP         00415000        00000004
_AFTERNULL             BEGDATA        DGROUP         00415004        00000000
CONST                  DATA           DGROUP         00415010        00000ad4
_DATA                  DATA           DGROUP         00415af0        00000fa0
CONST2                 DATA           DGROUP         00416a90        0000010c
XIB                    DATA           DGROUP         00416b9c        00000000
XI                     DATA           DGROUP         00416b9c        0000004e
XIE                    DATA           DGROUP         00416bea        00000000
YIB                    DATA           DGROUP         00416bea        00000000
YI                     DATA           DGROUP         00416bea        00000030
YIE                    DATA           DGROUP         00416c1a        00000000
TIB                    DATA           DGROUP         00416c1a        00000000
TI                     DATA           DGROUP         00416c1a        00000000
TIE                    DATA           DGROUP         00416c1a        00000000
DATA                   DATA           DGROUP         00416c1a        00000000
DATA32                 DATA           DGROUP         00416c1c        0000011c
CONST32                CONST          DGROUP         00417010        00000000
_BSS                   BSS            DGROUP         00417010        000010f0
BSS32                  BSS            DGROUP         00418100        00000000
STACK                  STACK          DGROUP         00418100        00010000


                        +----------------+
                        |   Memory Map   |
                        +----------------+

* = unreferenced symbol
+ = symbol only referenced locally

Address        Symbol
=======        ======

Module: Program.obj(C:\Users\Christopher Raleigh\Documents\GitHub\CS-152-Assignment-1\Program.for)
00401010       FMAIN
Module: C:\watcom-1.3/lib386/nt\flib7.lib(setunit.c)
004011a0       RT@SetUnit
Module: C:\watcom-1.3/lib386/nt\flib7.lib(setfmt.c)
004011e0       RT@SetFmt
Module: C:\watcom-1.3/lib386/nt\flib7.lib(coread)
00401200       RT@IORead
0040120f*      RT@InpLOG1
0040121e*      RT@InpLOG4
0040122d*      RT@InpINT1
0040123c*      RT@InpINT2
0040124b*      RT@InpINT4
0040125a*      RT@InpREAL
00401269       RT@InpDBLE
00401278*      RT@InpXTND
00401287*      RT@InpCPLX
00401296*      RT@InpDBCX
004012a5*      RT@InpXTCX
004012b4*      RT@InpCHAR
004012b9*      RT@InpSTR
004012be*      RT@InpArr
004012c3*      RT@InpChArr
Module: C:\watcom-1.3/lib386/nt\flib7.lib(cortns)
00415af0*      _FRT_SaveESP
004012d3*      SwitchToGen
004012f1       SwitchToRT
0040130f       RdWrCommon
004013b3       IOType_
004013d1       IOChar
004013ec       IOStr
00401401       IOArr
0040141c       IOChArr
0040143e       RT@EndIO
Module: C:\watcom-1.3/lib386\math387r.lib(sqrt387)
00401448*      sqrt_
00401478*      IF@SQRT
00401478       IF@DSQRT
0040147a*      __@DSQRT
Module: C:\watcom-1.3/lib386/nt\flib7.lib(cowrite)
004014af       RT@IOWrite
004014be*      RT@OutLOG1
004014d0*      RT@OutLOG4
004014de*      RT@OutINT1
004014f0*      RT@OutINT2
00401500*      RT@OutINT4
0040150f*      RT@OutREAL
0040151f       RT@OutDBLE
0040152f*      RT@OutXTND
0040153f*      RT@OutCPLX
00401555*      RT@OutDBCX
0040156b*      RT@OutXTCX
00401581*      RT@OutCHAR
00401586*      RT@OutSTR
0040158b*      RT@PrtArr
00401590*      RT@PrtChArr
Module: C:\watcom-1.3/lib386/nt\clib3r.lib(cstrtwnt)
00401596       _cstart_
00401596*      mainCRTStartup
Module: C:\watcom-1.3/lib386/nt\clib3r.lib(_8087)
00415b10       __8087
00415b11       __real87
Module: C:\watcom-1.3/lib386/nt\emu387.lib(386)
004015f4       __init_387_emulator
004015f5*      __fini_387_emulator
Module: C:\watcom-1.3/lib386/nt\flib7.lib(initeng.c)
00417010       __init_english
Module: C:\watcom-1.3/lib386/nt\flib7.lib(initerr.c)
00417014       __init_error
Module: C:\watcom-1.3/lib386/nt\flib7.lib(setiocb.c)
00401600       RT@SetIOCB
Module: C:\watcom-1.3/lib386/nt\flib7.lib(rdata.c)
00417020       _IORslt
00417030       _FmtBuff
00417034*      _Fmt_revert
00417038*      _Fmt_start
0041703c*      _Fmt_paren_level
00417040*      _Fmt_charptr
00417044*      _FmtEmStruct
00417048       _IOTypeRtn
0041704c*      _Fmt_end
00417050*      _Fmt_rep_spec
00417054       _FmtRoutine
00417058       _IOCB
0041705c       _Files
00417060*      _Fmt_delimited
Module: C:\watcom-1.3/lib386/nt\flib7.lib(rfmtexec.c)
00401fc0       R_FExec_
Module: C:\watcom-1.3/lib386/nt\flib7.lib(exread.c)
00402070       DoRead_
Module: C:\watcom-1.3/lib386/nt\flib7.lib(iomain.c)
004020a0       __ReleaseIOSys_
004020c0       IOMain_
Module: C:\watcom-1.3/lib386/nt\clib3r.lib(crwdata)
00415b58       __osmajor
00415b59       __osminor
00415b5a       __osbuild
00415b5c       __osver
00415b60       __winmajor
00415b64       __winminor
00415b68       __winver
00415b1c       __LpCmdLine
00415b20       __LpPgmName
00415b24       __LpDllName
00415b28       __LpwCmdLine
00415b2c       __LpwPgmName
00415b30       __LpwDllName
00415b14*      __dynend
00415b18       __curbrk
00415b34*      __STACKLOW
00415b38       __STACKTOP
00415b3c       __ASTACKSIZ
00415b40       __ASTACKPTR
00415b44*      __cbyte
00415b48*      __cbyte2
00415b4c*      __child
00415b52       __Envptr
00415b56*      __Envseg
00415b50       __no87
00415b6c*      __FPE_handler
00415b6c*      ___FPE_handler
Module: C:\watcom-1.3/lib386/nt\flib7.lib(thrdutil.c)
004022d0*      __InitMultiThreadIO_
00415b74       ___SwitchStkLow
Module: C:\watcom-1.3/lib386\math387r.lib(math87e)
004022eb       __math87_err_
Module: C:\watcom-1.3/lib386/nt\flib7.lib(exwrite.c)
004023e0       DoWrite_
Module: C:\watcom-1.3/lib386/nt\clib3r.lib(main2wnt)
00402410       __NTMain
Module: C:\watcom-1.3/lib386/nt\clib3r.lib(segdefns)
00401003       ___begtext
00415000*      __nullarea
00416b9c       __Start_XI
00416bea       __End_XI
00416bea       __Start_YI
00416c1a       __End_YI
Module: C:\watcom-1.3/lib386/nt\clib3r.lib(chk8087)
00402490+      __init_8087_
004024d0*      _fpreset_
004024e0       __chk8087_
Module: C:\watcom-1.3/lib386/nt\flib7.lib(english.c)
00402560       __UseEnglishCharSet_
Module: C:\watcom-1.3/lib386/nt\flib7.lib(errincl.c)
00402670       __InitError_
00415b78+      _PGroupTable
00415b7c+      _PErrWord
Module: C:\watcom-1.3/lib386/nt\flib7.lib(rtinit.c)
00415b80       ___FAppType
00415b84       __ExceptionInit
00415b88       __ExceptionFini
004026a0*      __InitFThreadData_
004026e0+      RTSysFini_
004026f0       RTSysInit_
00415b90       __AccessFIO
00415b94       __ReleaseFIO
00415b98       __PartialReleaseFIO
00417068       ___FThreadDataOffset
00416bba*      ___fthread_data_size
Module: C:\watcom-1.3/lib386/nt\clib3r.lib(mainwnt)
0041706c       ___Is_DLL
00415b9c       ___TlsIndex
00415ba0       ___FirstThreadData
00415ba4       ___GetThreadPtr
00415ba8       __AccessFileH
00415bac       __ReleaseFileH
00415bb0       __AccessIOB
00415bb4       __ReleaseIOB
00415bb8       __AccessNHeap
00415bbc       __AccessFHeap
00415bc0       __ReleaseNHeap
00402750*      __threadid_
004027c0+      __sig_null_rtn_
004027d0+      __NTInit_
004029d0+      __NTFini_
00402a30       __NTMainInit_
00402a90       __exit_
00415bc4       __ReleaseFHeap
00415bc8       __AccessTDList
00415bcc       __ReleaseTDList
00415bd0       __AccessFList
00415bd4       __ReleaseFList
00415bd8       __ThreadExitRtn
00415bdc       ___sig_init_rtn
00415be0       ___sig_fini_rtn
00415be4       ___process_fini
Module: C:\watcom-1.3/lib386/nt\flib7.lib(ioinit.c)
00402af0       IOSysInit_
Module: C:\watcom-1.3/lib386/nt\flib7.lib(rterr.c)
00415bec+      _TraceRoutine
00402b40+      FlushStdUnit_
00402b90+      WriteErr_
00402c60       ErrHandler_
00402ca0       RTErr_
00415bf8+      LG@ERR_HOOK
Module: C:\watcom-1.3/lib386/nt\flib7.lib(ioerr.c)
00402d00       IOErr_
Module: C:\watcom-1.3/lib386/nt\flib7.lib(wrutils.c)
00402d90       F_SendData_
00402df0*      SendLine_
00402e00       SendEOR_
00402e90*      SendInt_
00402ec0       SendStr_
00402ee0+      SendWSLStr_
00402f00       SendChar_
00402f20       Drop_
004030e0       IOItemResult_
Module: C:\watcom-1.3/lib386/nt\flib7.lib(rfmtutil.c)
00403190       R_ChkType_
004031c0       R_NewRec_
00403200       R_ChkIType_
00403230       R_ChkFType_
00403260       R_ChkRecLen_
00403280+      GetLen_
004032c0       R_FOStr_
004032d0*      FOString_
00403340       R_FIStr_
00403400       R_FOLog_
00403450       R_FILog_
00403530       R_FIFloat_
00403720       GetReal_
00403830       R_FOF_
004038b0       R_FOE_
004039f0+      FmtH2B_
00403ae0       R_FIHex_
00403c60       R_FOHex_
00403c70*      FOHex_
00403d70       R_FIInt_
00403e80       R_FOInt_
004040e0       R_FOG_
00404360+      ChkBuffLen_
Module: C:\watcom-1.3/lib386/nt\flib7.lib(arrayio.c)
00404420       ArrayIOType_
Module: C:\watcom-1.3/lib386/nt\flib7.lib(rdwr.c)
004044a0+      DoOpen_
004044d0+      _AllocBuffer_
00404510       IOPrologue_
00404750       UpdateRecNum_
Module: C:\watcom-1.3/lib386/nt\flib7.lib(unfmtin.c)
00404790       UnFmtIn_
00404830+      NextUnFmtRec_
Module: C:\watcom-1.3/lib386/nt\flib7.lib(freein.c)
00404c10+      GetNum_
00404e10       FreeIn_
00404e20*      DoFreeIn_
00404e50+      BumpComma_
00404e80+      Blanks_
00404ea0+      CheckEor_
Module: C:\watcom-1.3/lib386/nt\flib7.lib(rtutls.c)
004054d0       FindFtnFile_
004055c0       RChkAlloc_
004055f0       F_Connect_
00405670       ConnectFile_
00405680*      GetFileInfo_
00405770       DiscoFile_
004057e0*      ChkFileName_
00405810+      ChkLogFile_
00405850       ChkIOOperation_
00405890       GetIOErr_
004058a0       ChkIOErr_
004058c0       ChkUnitId_
00405900*      ChkConnected_
00405920       SetEOF_
00405950       ClearEOF_
00405990       SysEOF_
004059c0       IsFixed_
004059d0       IsCarriage_
004059e0*      ChkRecordStructure_
00405a10*      ChkSequential_
00405a30*      ChkExist_
00405a60*      StrItem_
Module: C:\watcom-1.3/lib386/nt\flib7.lib(rtsysutl.c)
00405a90       GetSysIOInfo_
00405ab0       GetSysFileInfo_
00405ae0*      IsDevice_
00405cb0       OpenAction_
00405cf0*      DfltRecType_
00405d10+      _FileAttrs_
00405dd0       CloseFile_
00405e40       Scrtched_
00405e60*      CloseDeleteFile_
00405eb0       Errf_
00405ed0       FPutBuff_
00405f40       FGetBuff_
00405f90       SeekFile_
00405fb0       NoEOF_
00405fc0       SysClearEOF_
00405fd0*      SameFile_
00405fe0*      Rewindf_
00406000*      SysCreateFile_
00406040       CheckLogicalRecord_
00406060       SkipLogicalRecord_
00406080*      BackSpacef_
004060b0*      EndFilef_
004060f0       GetIOErrMsg_
00406130       ReportNExist_
00406150       ReportEOF_
00406160*      WaitForEnter_
Module: C:\watcom-1.3/lib386/nt\flib7.lib(spawn.c)
00406170       Spawn_
004061d0       Suicide_
Module: C:\watcom-1.3/lib386/nt\flib7.lib(_matherr.c)
00406210*      __imath2err_
00406250*      __amath1err_
00406280*      __amath2err_
004062b0       __math2err_
004063c0       __math1err_
004063d0*      __zmath2err_
00406430*      __qmath2err_
Module: C:\watcom-1.3/lib386/nt\flib7.lib(unfmtout.c)
00406580       UnFmtOut_
Module: C:\watcom-1.3/lib386/nt\flib7.lib(freeout.c)
004069d0       FreeOut_
00415bfc+      _OutRtn
Module: C:\watcom-1.3/lib386/nt\clib3r.lib(initrtns)
00406ac0       __InitRtns
00406b10       __FiniRtns
Module: C:\watcom-1.3/lib386/nt\clib3r.lib(mthrdini)
00406b70       __InitThreadData_
00415c30       ___ThreadDataSize
Module: C:\watcom-1.3/lib386/nt\clib3r.lib(memset)
00406ba0       memset_
Module: C:\watcom-1.3/lib386/nt\clib3r.lib(cmain386)
00406bc0       __CMain
Module: C:\watcom-1.3/lib386/nt\clib3r.lib(dosseg)
00001234       __DOSseg__
Module: C:\watcom-1.3/lib386/nt\clib3r.lib(save8087)
00415c34       ___Save8087
00415c38       ___Rest8087
Module: C:\watcom-1.3/lib386/nt\clib3r.lib(8087cw)
00415c3c       __8087cw
Module: C:\watcom-1.3/lib386/nt\clib3r.lib(init8087)
00406c10       __init_80x87
Module: C:\watcom-1.3/lib386/nt\flib7.lib(csetinfo.c)
00417690       _CharSetInfo
Module: C:\watcom-1.3/lib386/nt\flib7.lib(errmsg.c)
00406f70       _GroupTable
00407020       _ErrWord
Module: C:\watcom-1.3/lib386/nt\flib7.lib(blderr.c)
004076d0       Substitute_
00407890       ErrCodOrg_
Module: C:\watcom-1.3/lib386/nt\flib7.lib(errrtns.c)
004176a4       ___ErrorFini
004176a8       ___ErrorInit
004176ac       ___BldErrMsg
Module: C:\watcom-1.3/lib386/nt\flib7.lib(rttraps.c)
00407990       __EnableF77RTExceptionHandling_
004079a0       R_TrapInit_
00407a30       R_TrapFini_
00407a40*      __InitExceptionVectors_
Module: C:\watcom-1.3/lib386/nt\clib3r.lib(nodefwin)
00415c40*      __WindowsIsWindowedHandle
00415c44*      __WindowsRemoveWindowedHandle
00415c48*      __WindowsNewWindow
00415c4c*      __WindowsCloseWindow
00415c50*      __WindowsSetAbout
00415c54*      __WindowsSetAppTitle
00415c58*      __WindowsSetConTitle
00415c5c*      __WindowsDestroyOnClose
00415c60*      __WindowsYieldControl
00415c64*      __WindowsShutDown
00415c68*      __WindowsStdin
00415c6c       __WindowsStdout
00415c70*      __WindowsKbhit
00415c74*      __WindowsGetch
00415c78*      __WindowsGetche
00415c7c*      __WindowsPutch
00407a60       _dwDeleteOnClose_
00407a70*      _dwSetAboutDlg_
00407a80*      _dwSetAppTitle_
00407a90*      _dwSetConTitle_
00407aa0*      _dwYield_
00407ab0*      _dwShutDown_
00415c80*      __WindowsExitRtn
004176b0*      __init_default_win
Module: C:\watcom-1.3/lib386/nt\clib3r.lib(atexit)
00407ab3       atexit_
Module: C:\watcom-1.3/lib386/nt\clib3r.lib(regdata)
00407b20       __RegisterThreadDataSize_
Module: C:\watcom-1.3/lib386/nt\clib3r.lib(hdlman)
00415c84+      ___NHandles
00415c88       ___OSHandles
00415c8c+      ___FakeHandles
00407b50+      __growPOSIXHandles_
00407bf0       __allocPOSIXHandle_
00407cb0       __freePOSIXHandle_
00407cd0*      __getOSHandle_
00407cf0       __setOSHandle_
00407d40+      __NTGetFakeHandle_
00407db0       __initPOSIXHandles_
00407e90*      __set_handles_
00407ea0*      _grow_handles_
Module: C:\watcom-1.3/lib386/nt\clib3r.lib(environ)
00417738       ___env_mask
0041773c       _environ
00417740       __wenviron
Module: C:\watcom-1.3/lib386/nt\clib3r.lib(getmodfn)
00407ee0       __lib_GetModuleFileNameW_
Module: C:\watcom-1.3/lib386/nt\clib3r.lib(strdup)
00407f80       __clib_strdup_
Module: C:\watcom-1.3/lib386/nt\clib3r.lib(istable)
00416a90       __IsTable
Module: C:\watcom-1.3/lib386/nt\clib3r.lib(ustrdup)
00407fd0       __clib_wcsdup_
Module: C:\watcom-1.3/lib386/nt\clib3r.lib(nfree)
00408000       free_
00408010       _nfree_
00417744       ___MiniHeapFreeRover
Module: C:\watcom-1.3/lib386/nt\clib3r.lib(excptwnt)
004081d0+      ___ReportException@4
00408640       __DefaultExceptionHandler_
00408680+      ___ExceptionFilter
00408880       __NewExceptionFilter_
004088b0       __DoneExceptionFilter_
00415c98       ___oscode_check_func
00415c9c       ___raise_func
00417748*      _sw
0041774c       ___ExceptionHandled
0041774d+      ___ReportInvoked
Module: C:\watcom-1.3/lib386/nt\clib3r.lib(stklmwnt)
004088f0       __init_stack_limits_
Module: C:\watcom-1.3/lib386/nt\flib7.lib(runmain.c)
00408960*      __InitUnit6CC_
00408970       __DevicesCC_
00408980*      __InitAllowCommaSeparator_
00408990       __AllowCommaSep_
004089a0+      _InitIO_
00408a10+      CloseAllFiles_
00408a50*      _FiniEx_
00408a50       RunExit_
00408a90       RunEntry_
Module: C:\watcom-1.3/lib386/nt\flib7.lib(posdat.c)
00415e98       _FStdIn
00415e9c       _FStdOut
00415ea0       _FStdErr
Module: C:\watcom-1.3/lib386/nt\flib7.lib(posflush.c)
00408ac0       FlushBuffer_
Module: C:\watcom-1.3/lib386/nt\flib7.lib(errutil.c)
00408b70       BldErrCode_
00408bd0*      MsgFormat_
00408c00*      MsgBuffer_
00415ea4+      _PGrpCodes
Module: C:\watcom-1.3/lib386/nt\clib3r.lib(enterdb)
00408c30       __EnterWVIDEO_
00415ea8       ___WD_Present
Module: C:\watcom-1.3/lib386/nt\flib7.lib(stdio.c)
00408c70       StdBuffer_
00408c90+      StdWrite_
00408d70       StdFlush_
00408da0       StdWriteNL_
Module: C:\watcom-1.3/lib386/nt\flib7.lib(ifile.c)
00408dd0       SendIFBuff_
00408e00       NextIFBuff_
Module: C:\watcom-1.3/lib386/nt\clib3r.lib(ltoa)
00408e30       ultoa_
00408e80       ltoa_
Module: C:\watcom-1.3/lib386/nt\flib7.lib(sdfile.c)
004162b4*      _FFCtrlSeq
004162b6*      _SkipCtrlSeq
004162b8       _NormalCtrlSeq
004162ba       _SDTermIn
004162be       _SDTermOut
004162c2*      _SDPrtName
Module: C:\watcom-1.3/lib386/nt\flib7.lib(cctrl.c)
00408eb0       CheckCCtrl_
Module: C:\watcom-1.3/lib386/nt\flib7.lib(rdutils.c)
00408f20       NextRec_
Module: C:\watcom-1.3/lib386/nt\flib7.lib(undefcg.c)
004090c0       OutLogCG_
004090d0       OutIntCG_
00409110+      FmtRealCG_
00409140+      FmtDoubleCG_
00409170+      FmtExtendedCG_
004091a0+      UndefIntCG_
004091a0+      UndefLogCG_
004091a0+      UndefExtendedCG_
004091a0+      UndefDoubleCG_
004091a0+      UndefRealCG_
004091b0+      GetRealCG_
004162c8       _FmtRealRtn
004162cc       _FmtDoubleRtn
004162d0       _FmtExtendedRtn
004162d4       _SendStrRtn
004162d8       _UndefRealRtn
004162dc       _UndefDoubleRtn
004162e0       _UndefExtendedRtn
004162e4       _UndefLogRtn
004162e8       _UndefIntRtn
004162ec       _GetRealRtn
Module: C:\watcom-1.3/lib386/nt\flib7.lib(rfmtlog.c)
004091d0       R_FmtLog_
Module: C:\watcom-1.3/lib386/nt\clib3r.lib(toupper)
00409200       toupper_
Module: C:\watcom-1.3/lib386/nt\flib7.lib(fmtcnvt.c)
00409210       FmtS2I_
00409340       FmtS2F_
Module: C:\watcom-1.3/lib386/nt\flib7.lib(fmtrtns.c)
00409710       R_F2E_
00409880       R_F2F_
00409a10       SetMaxPrec_
Module: C:\watcom-1.3/lib386/nt\flib7.lib(flt86.c)
00409a20       _P1d100
00409a28       _P1d_99
Module: C:\watcom-1.3/lib386\math387r.lib(pow387)
00409b8f*      pow_
00409a30       IF@DPOW
00409a30*      IF@POW
Module: C:\watcom-1.3/lib386/nt\flib7.lib(hexcnv.c)
00409bb0       Hex_
00409bd0*      HSToB_
00409c40       BToHS_
Module: C:\watcom-1.3/lib386/nt\clib3r.lib(strupr)
00409c90       strupr_
Module: C:\watcom-1.3/lib386/nt\flib7.lib(rmemmgr.c)
00409cb0       RMemAlloc_
00409cc0       RMemFree_
Module: C:\watcom-1.3/lib386/nt\flib7.lib(unfmtutl.c)
00409cd0       _SizeVars
Module: C:\watcom-1.3/lib386/nt\flib7.lib(chrutils.c)
00409ce0       JmpBlanks_
Module: C:\watcom-1.3/lib386/nt\flib7.lib(fdutil.c)
00409d00       LocFile_
00409d10       LocUnit_
00409d40       ExtractInfo_
Module: C:\watcom-1.3/lib386/nt\flib7.lib(rstdio.c)
00409e70       _InitStandardInput_
00409ea0       _InitStandardOutput_
Module: C:\watcom-1.3/lib386/nt\flib7.lib(deffname.c)
004162f0       _DefFName
Module: C:\watcom-1.3/lib386/nt\flib7.lib(stracc.c)
00409ed0       TrimStr_
00409f10       GetStr_
Module: C:\watcom-1.3/lib386/nt\clib3r.lib(accsswnt)
00409f40       access_
Module: C:\watcom-1.3/lib386/nt\clib3r.lib(fullpath)
00409f80+      _sys_fullpath_
0040a000       _fullpath_
Module: C:\watcom-1.3/lib386/nt\clib3r.lib(fstatwnt)
0040a070       fstat_
Module: C:\watcom-1.3/lib386/nt\flib7.lib(poserr.c)
0040a3d0       Errorf_
0040a3f0*      EOFile_
0040a410       ErrorMsg_
0040a450       FSetTrunc_
0040a460       FSetSysErr_
0040a480       FSetErr_
0040a4a0       FSetEof_
0040a4c0       IOOk_
Module: C:\watcom-1.3/lib386/nt\clib3r.lib(statwnt)
0040a5d3       stat_
Module: C:\watcom-1.3/lib386/nt\flib7.lib(posopen.c)
0040a810       InitStd_
0040a8d0       SetIOBufferSize_
0040a8f0+      _AllocFile_
0040a9e0       Openf_
0040aad0       Closef_
Module: C:\watcom-1.3/lib386/nt\flib7.lib(posdel.c)
0040ab50       Scratchf_
Module: C:\watcom-1.3/lib386/nt\flib7.lib(posput.c)
0040ab70       FPutRec_
0040abb0       ChopFile_
0040ac00*      PutRec_
0040ad20       writebytes_
0040ada0       SysWrite_
Module: C:\watcom-1.3/lib386/nt\flib7.lib(posget.c)
0040aee0       readbytes_
0040afb0       SysRead_
0040b420       FGetRec_
0040b450*      GetRec_
0040b470       GetStdChar_
0040b4c0       FCheckLogical_
0040b540       FSkipLogical_
0040b610*      FGetVarRecLen_
Module: C:\watcom-1.3/lib386/nt\flib7.lib(posseek.c)
0040b700       FSeekRec_
0040b740       CurrFileOffset_
0040b740       FGetFilePos_
0040b760       SysSeek_
0040b950*      FSeekAbs_
Module: C:\watcom-1.3/lib386/nt\clib3r.lib(stricmp)
0040b960       stricmp_
Module: C:\watcom-1.3/lib386/nt\flib7.lib(posrew.c)
0040b9a0       FRewind_
Module: C:\watcom-1.3/lib386/nt\flib7.lib(posback.c)
0040ba10       FBackspace_
Module: C:\watcom-1.3/lib386/nt\flib7.lib(postrunc.c)
0040baf0       FTruncate_
Module: C:\watcom-1.3/lib386/nt\clib3r.lib(errno)
0040bb10       __get_errno_ptr_
0040bb20*      __get_doserrno_ptr_
Module: C:\watcom-1.3/lib386/nt\clib3r.lib(setjmp)
0040bb2c       _setjmp_
0040bb65       longjmp_
Module: C:\watcom-1.3/lib386/nt\clib3r.lib(exit)
0040bbed+      __null_int23_exit_
0040bbef       exit_
0040bc3f*      _exit_
00416300+      ___int23_exit
00416304+      ___FPE_handler_exit
Module: C:\watcom-1.3/lib386/nt\clib3r.lib(__stos)
0040bc60       __STOSB
0040bc97*      __STOSD
Module: C:\watcom-1.3/lib386/nt\clib3r.lib(cinit)
0040bd10       __CommonInit_
Module: C:\watcom-1.3/lib386/nt\clib3r.lib(___argc)
00417754       ____Argc
00417758       ____Argv
Module: C:\watcom-1.3/lib386/nt\flib7.lib(rtmain.c)
0040bd20       main_
Module: C:\watcom-1.3/lib386/nt\clib3r.lib(memmove)
0040bd40       memmove_
Module: C:\watcom-1.3/lib386/nt\clib3r.lib(itoa)
0040bda0       utoa_
0040bdf0       itoa_
Module: C:\watcom-1.3/lib386/nt\clib3r.lib(signlwnt)
00416308+      _SignalTable
0040be20+      __SetSignalFunc_
0040be70+      __GetSignalFunc_
0040bea0+      __GetSignalOSCode_
0040bed0+      __CheckSignalExCode_
0040c010+      __sigabort_
0040c020       __sigfpe_handler_
0040c070       signal_
0040c130+      raise_
0040c1a0+      __SigInit_
0040c1f0+      __SigFini_
0040c230+      __sig_init_
Module: C:\watcom-1.3/lib386/nt\flib7.lib(fptraps.c)
0040c310*      __MaskDefaultFPE_
0040c330       FPTrapInit_
0040c360       FPTrapFini_
Module: C:\watcom-1.3/lib386/nt\clib3r.lib(trdlist)
0040c380       __GetThreadData_
0040c3d0       __ReallocThreadData_
0040c4d0       __AddThreadData_
0040c550       __RemoveThreadData_
0040c5b0       __ResizeThreadDataList_
0040c5e0       __FreeThreadDataList_
0040c610*      __ActiveThreads_
Module: C:\watcom-1.3/lib386/nt\clib3r.lib(nmalloc)
0040c630       malloc_
0040c640       _nmalloc_
00416374       ___nheapbeg
00416378       ___MiniHeapRover
0041637c       ___LargestSizeB4MiniHeapRover
Module: C:\watcom-1.3/lib386/nt\clib3r.lib(seterrno)
0040c74b       __set_errno_
0040c759*      __set_EDOM_
0040c767       __set_ERANGE_
0040c775*      __set_EINVAL_
0040c788       __set_doserrno_
Module: C:\watcom-1.3/lib386/nt\clib3r.lib(nrealloc)
0040c7a0       realloc_
0040c7b0+      _nrealloc_
Module: C:\watcom-1.3/lib386/nt\clib3r.lib(iomode)
0040c830       __GetIOMode_
0040c850       __SetIOMode_nogrow_
00416380       ___NFiles
00416384       ___init_mode
004163d4       ___io_mode
Module: C:\watcom-1.3/lib386/nt\clib3r.lib(stiomode)
0040c870       __grow_iomode_
0040c940+      __shrink_iomode_
0040c990       __SetIOMode_
Module: C:\watcom-1.3/lib386/nt\clib3r.lib(setenvp)
0040ca10       __setenvp_
0040cb00       __freeenvp_
Module: C:\watcom-1.3/lib386/nt\clib3r.lib(ustrlen)
0040cb54       wcslen_
Module: C:\watcom-1.3/lib386/nt\clib3r.lib(memcpy)
0040cb70       memcpy_
Module: C:\watcom-1.3/lib386/nt\clib3r.lib(mem)
0040cba0       __MemAllocator
0040cc60       __MemFree
Module: C:\watcom-1.3/lib386/nt\clib3r.lib(conutwnt)
0040cdb0*      __NTRealKey_
0040ce60*      __NTConsoleInput_
0040ce70       __NTConsoleOutput_
Module: C:\watcom-1.3/lib386/nt\clib3r.lib(fclex387)
0040ce80       _ClearFPE_
Module: C:\watcom-1.3/lib386/nt\clib3r.lib(lseek)
0040ce90       lseek_
Module: C:\watcom-1.3/lib386/nt\clib3r.lib(write)
0040d130       write_
Module: C:\watcom-1.3/lib386/nt\flib7.lib(errgrp.c)
0040d390       _GrpCodes
Module: C:\watcom-1.3/lib386/nt\clib3r.lib(iob)
004163e0       ___iob
004165e8       __fmode
00417768       ___OpenStreams
0041776c       ___ClosedStreams
Module: C:\watcom-1.3/lib386/nt\clib3r.lib(setmd)
0040d420       setmode_
Module: C:\watcom-1.3/lib386/nt\clib3r.lib(alphabet)
004156b8       ___Alphabet
Module: C:\watcom-1.3/lib386/nt\flib7.lib(expchk.c)
0040d510       ToFFormat_
Module: C:\watcom-1.3/lib386/nt\flib7.lib(intarith.c)
0040d560       AddIOFlo_
0040d570*      SubIOFlo_
0040d580       MulIOFlo_
Module: C:\watcom-1.3/lib386/nt\clib3r.lib(tolower)
0040d590       tolower_
Module: C:\watcom-1.3/lib386\math387r.lib(strtod)
0040d59e+      __Strtold_
0040d76d       strtod_
Module: C:\watcom-1.3/lib386\math387r.lib(ldcvt)
0040d943       _LDScale10x_
0040df9f       __LDcvt_
Module: C:\watcom-1.3/lib386/nt\clib3r.lib(chipvar)
00416694       ___chipbug
00416694       __chipbug
Module: C:\watcom-1.3/lib386\math387r.lib(pow87e)
0040e3fc       __pow87_err_
Module: C:\watcom-1.3/lib386\math387r.lib(exp387)
0040e4ee*      exp_
0040e484*      __@DEXP1
0040e48c*      IF@EXP
0040e48c*      IF@DEXP
0040e48e       __@DEXP
Module: C:\watcom-1.3/lib386/nt\clib3r.lib(chipd32)
0040e613       __fdiv_fpr
0040ead5*      __fdiv_chk
0040eae8*      __fdiv_m32
0040eb35*      __fdiv_m64
0040eb82*      __fdiv_m32r
0040ebcf*      __fdiv_m64r
Module: C:\watcom-1.3/lib386/nt\clib3r.lib(getenv)
0040ec20       getenv_
Module: C:\watcom-1.3/lib386/nt\clib3r.lib(dosret)
0040ec90*      _dosret0_
0040eca0+      _dosretax_
0040ecb0       __set_errno_dos_
0040ece0       __set_errno_nt_
Module: C:\watcom-1.3/lib386/nt\clib3r.lib(gtcwdwnt)
0040ecf0       getcwd_
Module: C:\watcom-1.3/lib386/nt\clib3r.lib(iomodtty)
0040ed80       __ChkTTYIOMode_
0040edd0       __IOMode_
Module: C:\watcom-1.3/lib386/nt\clib3r.lib(ntdirinf)
0040edf0       __MakeDOSDT_
0040ee20*      __FromDOSDT_
0040ee50*      __GetNTDirInfo_
0040ee90*      __NTFindNextFileWithAttr_
Module: C:\watcom-1.3/lib386/nt\clib3r.lib(d2ttime)
0040eee0       _d2ttime_
Module: C:\watcom-1.3/lib386/nt\clib3r.lib(strerror)
0040ef50       strerror_
0040ef70*      _strerror_
0040f050*      _doserror_
004167ac+      __sys_errlist
00416850+      __sys_nerr
Module: C:\watcom-1.3/lib386/nt\clib3r.lib(_strcmp)
0040f080       strcmp_
Module: C:\watcom-1.3/lib386/nt\clib3r.lib(mbspbrk)
0040f1c0       _mbspbrk_
Module: C:\watcom-1.3/lib386/nt\clib3r.lib(mbsinc)
0040f210       _mbsinc_
Module: C:\watcom-1.3/lib386/nt\clib3r.lib(chdirwnt)
0040f240       chdir_
Module: C:\watcom-1.3/lib386/nt\clib3r.lib(strncpy)
0040f260       strncpy_
Module: C:\watcom-1.3/lib386/nt\clib3r.lib(close)
0040f2a0       close_
Module: C:\watcom-1.3/lib386/nt\clib3r.lib(openwnt)
0040f2c0*      open_
0040f2e0       sopen_
Module: C:\watcom-1.3/lib386/nt\flib7.lib(poscc.c)
0040f510*      __LineFeedWithFormFeed_
0040f520       FSetCC_
Module: C:\watcom-1.3/lib386/nt\clib3r.lib(unlnkwnt)
0040f580       unlink_
Module: C:\watcom-1.3/lib386/nt\clib3r.lib(chsizwnt)
0040f600       chsize_
Module: C:\watcom-1.3/lib386/nt\clib3r.lib(read)
0040f700       read_
Module: C:\watcom-1.3/lib386/nt\clib3r.lib(ljmphdl)
0041685c       ___longjmp_handler
Module: C:\watcom-1.3/lib386/nt\clib3r.lib(argcv)
00417870       __argc
00417874       __argv
00417878       ___argv
0041787c       ___argc
Module: C:\watcom-1.3/lib386/nt\clib3r.lib(abort)
0040f8a0*      abort_
0040f8ab       __terminate_
00416860       ___abort
Module: C:\watcom-1.3/lib386/nt\clib3r.lib(cntrl87)
0040f8c0       _control87_
Module: C:\watcom-1.3/lib386/nt\clib3r.lib(mthread)
0040fa80+      __CloseSemaphore_
0040fa90+      __AccessSemaphore_
0040faf0+      __ReleaseSemaphore_
0040fb50+      __AccessIOB_
0040fb60+      __ReleaseIOB_
0040fb70+      __AccessFileH_
0040fb80+      __ReleaseFileH_
0040fb90+      __AccessNHeap_
0040fba0+      __ReleaseNHeap_
0040fbb0+      __AccessFHeap_
0040fbc0+      __ReleaseFHeap_
0040fbd0+      __AccessTDList_
0040fbe0+      __ReleaseTDList_
0040fbf0+      __AccessFList_
0040fc00+      __ReleaseFList_
0040fc10+      __MultipleThread_
0040fc60+      __AllocInitThreadData_
0040fcb0*      __FreeInitThreadData_
0040fcc0       __NTThreadInit_
0040fd50       __NTAddThread_
0040fda0       __NTRemoveThread_
0040fe40       __InitMultipleThread_
00416864+      ___AccessSema4
00416868+      ___ReleaseSema4
0041686c+      ___CloseSema4
Module: C:\watcom-1.3/lib386/nt\clib3r.lib(xmsgwnt)
00410040+      __exit_with_msg_
00410080       __fatal_runtime_error_
Module: C:\watcom-1.3/lib386/nt\clib3r.lib(calloc)
004100a0       calloc_
Module: C:\watcom-1.3/lib386/nt\clib3r.lib(register)
004100d0       __initthread_
004100e0*      _beginthread_
004100f0       _endthread_
00410100*      __RegisterThreadData_
Module: C:\watcom-1.3/lib386/nt\clib3r.lib(nmemneed)
00410150       __nmemneed_
Module: C:\watcom-1.3/lib386/nt\clib3r.lib(grownear)
00410280       __ExpandDGROUP_
Module: C:\watcom-1.3/lib386/nt\clib3r.lib(nmsize)
004102f0*      _msize_
00410300       _nmsize_
Module: C:\watcom-1.3/lib386/nt\clib3r.lib(nexpand)
00410310*      _expand_
00410320+      __HeapManager_expand_
004104e0       _nexpand_
Module: C:\watcom-1.3/lib386/nt\clib3r.lib(dofilstr)
00410530       __ParsePosixHandleStr_
Module: C:\watcom-1.3/lib386/nt\clib3r.lib(clearenv)
00410650       clearenv_
Module: C:\watcom-1.3/lib386/nt\clib3r.lib(lseekwnt)
004106f0       __lseek_
Module: C:\watcom-1.3/lib386/nt\clib3r.lib(stackwnt)
00410730       stackavail_
Module: C:\watcom-1.3/lib386/nt\clib3r.lib(stk)
00410741*      __CHK
00410751*      __STK
00410770       __STKOVERFLOW_
00410780       __GRO
004107a0*      __alloca_probe
Module: C:\watcom-1.3/lib386/nt\clib3r.lib(initfile)
004107c0       __InitFiles_
Module: C:\watcom-1.3/lib386/nt\clib3r.lib(ioexit)
00410860       __full_io_exit_
00410870*      fcloseall_
Module: C:\watcom-1.3/lib386/nt\clib3r.lib(bufld386)
004108dc       __ZBuf2LD
Module: C:\watcom-1.3/lib386/nt\clib3r.lib(hugeval)
00416b94       __HugeValue
Module: C:\watcom-1.3/lib386\math387r.lib(ldclass)
00410980       __LDClass_
Module: C:\watcom-1.3/lib386/nt\clib3r.lib(chipbug)
004109d0       __verify_pentium_fdiv_bug_
Module: C:\watcom-1.3/lib386/nt\clib3r.lib(mbsnicmp)
00410a30       _mbsnicmp_
Module: C:\watcom-1.3/lib386/nt\clib3r.lib(isattwnt)
00410ac0       isatty_
Module: C:\watcom-1.3/lib386/nt\clib3r.lib(mktime)
00410af0       mktime_
Module: C:\watcom-1.3/lib386/nt\clib3r.lib(mbterm)
00410ca0       _mbterm_
Module: C:\watcom-1.3/lib386/nt\clib3r.lib(mbsnextc)
00410ce0       _mbsnextc_
Module: C:\watcom-1.3/lib386/nt\clib3r.lib(mbschr)
00410d20       _mbschr_
Module: C:\watcom-1.3/lib386/nt\clib3r.lib(mbisdbcs)
00417fec       ___IsDBCS
Module: C:\watcom-1.3/lib386/nt\clib3r.lib(mbislead)
00410d80*      _ismbblead_
00417ff0       ___MBCSIsTable
Module: C:\watcom-1.3/lib386/nt\clib3r.lib(_clsewnt)
00410da0       __close_
Module: C:\watcom-1.3/lib386/nt\clib3r.lib(ntfio)
00410e00*      __GetNTCreateAttr_
00410e40       __GetNTAccessAttr_
00410e70       __GetNTShareAttr_
Module: C:\watcom-1.3/lib386/nt\clib3r.lib(umaskval)
00416890       ___umaskval
Module: C:\watcom-1.3/lib386/nt\clib3r.lib(initargv)
00410ed0       __Init_Argv_
00410f20+      _getargv_
004110c0       __Fini_Argv_
Module: C:\watcom-1.3/lib386/nt\clib3r.lib(trdalloc)
004110e0       __FiniThreadProcessing_
Module: C:\watcom-1.3/lib386/nt\clib3r.lib(nheapmin)
004110f0       _heapshrink_
00411100*      _heapmin_
00411110*      _nheapmin_
004111c0       _nheapshrink_
Module: C:\watcom-1.3/lib386/nt\clib3r.lib(thredwnt)
004112f0       __CBeginThread_
00411390       __CEndThread_
Module: C:\watcom-1.3/lib386/nt\clib3r.lib(heapen)
004113d0*      _heapenable_
00416894       ___heap_enabled
Module: C:\watcom-1.3/lib386/nt\clib3r.lib(amblksiz)
00416898       __amblksiz
Module: C:\watcom-1.3/lib386/nt\clib3r.lib(strtol)
004115c0*      strtoul_
004115d0       strtol_
Module: C:\watcom-1.3/lib386/nt\clib3r.lib(putenv)
00411640       putenv_
00411800       __putenv_
Module: C:\watcom-1.3/lib386/nt\clib3r.lib(freefp)
00411a80       __freefp_
00411ad0       __purgefp_
Module: C:\watcom-1.3/lib386/nt\clib3r.lib(fclose)
00411b00*      fclose_
00411b50       __shutdown_stream_
00411b70+      __doclose_
004180f8+      ___RmTmpFileFn
Module: C:\watcom-1.3/lib386/nt\clib3r.lib(mbcicmp)
00411c10       _mbcicmp_
Module: C:\watcom-1.3/lib386/nt\clib3r.lib(timeutil)
00411c70       __leapyear_
00411df0       __isindst_
00415aac       ___diyr
00415ac6       ___dilyr
Module: C:\watcom-1.3/lib386/nt\clib3r.lib(gmtime)
004121a0       __brktime_
004122a0+      _gmtime_
004122c0*      gmtime_
Module: C:\watcom-1.3/lib386/nt\clib3r.lib(tzset)
00416928       ___start_dst
0041694c       ___end_dst
00416a74*      _tzname
00416a7c       _timezone
00416a80       _daylight
00416a84       ___dst_adjust
004122e0*      __DontCacheOSTZ_
00412300*      __CacheOSTZ_
00412580+      __parse_tz_
004127f0       tzset_
Module: C:\watcom-1.3/lib386/nt\clib3r.lib(mbconv)
00412820       _mbvtop_
Module: C:\watcom-1.3/lib386/nt\clib3r.lib(mbclen)
00412840       _mbclen_
Module: C:\watcom-1.3/lib386/nt\clib3r.lib(mbccmp)
00412870       _mbccmp_
Module: C:\watcom-1.3/lib386/nt\clib3r.lib(mbinit)
004128d0       __mbinit_
00416a8c       ___MBCodePage
Module: C:\watcom-1.3/lib386/nt\clib3r.lib(histsplt)
004180fc       ___historical_splitparms
Module: C:\watcom-1.3/lib386/nt\clib3r.lib(mbslen)
00412a50       _mbslen_
Module: C:\watcom-1.3/lib386/nt\clib3r.lib(mbstowcs)
00412a80       mbstowcs_
Module: C:\watcom-1.3/lib386/nt\clib3r.lib(uputenv)
00412b00*      _wputenv_
00412c80       __wputenv_
Module: C:\watcom-1.3/lib386/nt\clib3r.lib(flush)
00412e30       __flush_
Module: C:\watcom-1.3/lib386/nt\clib3r.lib(mbccpy)
00412f40       _mbccpy_
Module: C:\watcom-1.3/lib386/nt\clib3r.lib(mbsupr)
00412f80       _mbsupr_
Module: C:\watcom-1.3/lib386/nt\clib3r.lib(wcstombs)
00412fa0       wcstombs_
Module: C:\watcom-1.3/lib386/nt\clib3r.lib(mbtowc)
00413060       mbtowc_
Module: C:\watcom-1.3/lib386/nt\clib3r.lib(ustrchr)
004130ef       wcschr_
Module: C:\watcom-1.3/lib386/nt\clib3r.lib(setenvar)
00413110       __lib_SetEnvironmentVariableW_
Module: C:\watcom-1.3/lib386/nt\clib3r.lib(crtwenv)
00413200       __create_wide_environment_
Module: C:\watcom-1.3/lib386/nt\clib3r.lib(utoupper)
00413268       towupper_
Module: C:\watcom-1.3/lib386/nt\clib3r.lib(fsync)
00413280       fsync_
Module: C:\watcom-1.3/lib386/nt\clib3r.lib(qwrit)
004132d0       __qwrite_
Module: C:\watcom-1.3/lib386/nt\clib3r.lib(wctomb)
004133c0       wctomb_


                        +----------------------+
                        |   Imported Symbols   |
                        +----------------------+

Symbol                              Module
======                              ======

_GetEnvironmentStrings@0            KERNEL32.DLL
_GetVersion@0                       KERNEL32.DLL
_GetModuleFileNameA@12              KERNEL32.DLL
_GetCommandLineA@0                  KERNEL32.DLL
_GetCommandLineW@0                  KERNEL32.DLL
_FreeEnvironmentStringsA@4          KERNEL32.DLL
_GetModuleHandleA@4                 KERNEL32.DLL
_ExitProcess@4                      KERNEL32.DLL
_GetCurrentThreadId@0               KERNEL32.DLL
_SetStdHandle@8                     KERNEL32.DLL
_CreateEventA@16                    KERNEL32.DLL
_GetStdHandle@4                     KERNEL32.DLL
_CloseHandle@4                      KERNEL32.DLL
_GetModuleFileNameW@12              KERNEL32.DLL
_MultiByteToWideChar@24             KERNEL32.DLL
_LoadLibraryA@4                     KERNEL32.DLL
_GetProcAddress@8                   KERNEL32.DLL
_WriteFile@20                       KERNEL32.DLL
_SetUnhandledExceptionFilter@4      KERNEL32.DLL
_UnhandledExceptionFilter@4         KERNEL32.DLL
_VirtualQuery@12                    KERNEL32.DLL
_GetFileAttributesA@4               KERNEL32.DLL
_GetFullPathNameA@16                KERNEL32.DLL
_GetFileType@4                      KERNEL32.DLL
_GetFileInformationByHandle@8       KERNEL32.DLL
_GetFileTime@16                     KERNEL32.DLL
_GetFileSize@8                      KERNEL32.DLL
_CreateFileA@28                     KERNEL32.DLL
_GetLastError@0                     KERNEL32.DLL
_FindFirstFileA@8                   KERNEL32.DLL
_FindClose@4                        KERNEL32.DLL
_RtlUnwind@16                       KERNEL32.DLL
_SetConsoleCtrlHandler@8            KERNEL32.DLL
_TlsGetValue@4                      KERNEL32.DLL
_TlsSetValue@8                      KERNEL32.DLL
_SetFilePointer@16                  KERNEL32.DLL
_MessageBoxA@16                     USER32.DLL
_GetCurrentDirectoryA@8             KERNEL32.DLL
_FileTimeToLocalFileTime@8          KERNEL32.DLL
_FileTimeToDosDateTime@12           KERNEL32.DLL
_DosDateTimeToFileTime@12           KERNEL32.DLL
_LocalFileTimeToFileTime@8          KERNEL32.DLL
_FindNextFileA@8                    KERNEL32.DLL
_FormatMessageA@28                  KERNEL32.DLL
_SetCurrentDirectoryA@4             KERNEL32.DLL
_DeleteFileA@4                      KERNEL32.DLL
_SetEndOfFile@4                     KERNEL32.DLL
_ReadFile@20                        KERNEL32.DLL
_InitializeCriticalSection@4        KERNEL32.DLL
_DeleteCriticalSection@4            KERNEL32.DLL
_EnterCriticalSection@4             KERNEL32.DLL
_LeaveCriticalSection@4             KERNEL32.DLL
_SetLastError@4                     KERNEL32.DLL
_TlsAlloc@0                         KERNEL32.DLL
_TlsFree@4                          KERNEL32.DLL
_VirtualAlloc@16                    KERNEL32.DLL
_VirtualFree@12                     KERNEL32.DLL
_GetCurrentThread@0                 KERNEL32.DLL
_CreateThread@24                    KERNEL32.DLL
_ResumeThread@4                     KERNEL32.DLL
_ExitThread@4                       KERNEL32.DLL
_SetEnvironmentVariableA@8          KERNEL32.DLL
_GetTimeZoneInformation@4           KERNEL32.DLL
_GetOEMCP@0                         KERNEL32.DLL
_GetCPInfo@8                        KERNEL32.DLL
_GetACP@0                           KERNEL32.DLL
_CharUpperA@4                       USER32.DLL
_SetEnvironmentVariableW@8          KERNEL32.DLL
_FlushFileBuffers@4                 KERNEL32.DLL
_WideCharToMultiByte@32             KERNEL32.DLL


                        +--------------------+
                        |   Libraries Used   |
                        +--------------------+

C:\watcom-1.3/lib386/nt\kernel32.lib
C:\watcom-1.3/lib386/nt\user32.lib
C:\watcom-1.3/lib386/nt\flib7.lib
C:\watcom-1.3/lib386\math387r.lib
C:\watcom-1.3/lib386/nt\clib3r.lib
C:\watcom-1.3/lib386/nt\emu387.lib


                        +-----------------------+
                        |   Linker Statistics   |
                        +-----------------------+

Stack size:  00010000 (65536.)
Memory size:  00025e4c (155212.)
Entry point address: 00401596
Link time: 00:00.38
