Open Watcom Linker Version 1.3
Portions Copyright (c) 1985-2002 Sybase, Inc. All Rights Reserved.
Created on:       14/02/09 21:30:30
Warning! W1008: cannot open ole32.lib : No such file or directory
Warning! W1008: cannot open oleaut32.lib : No such file or directory
Executable Image: Assignment 1.exe
creating a Windows NT character-mode executable


                        +------------+
                        |   Groups   |
                        +------------+

Group                           Address              Size
=====                           =======              ====

.idata                          00414000             000007a8
DGROUP                          00415000             00013100



                        +--------------+
                        |   Segments   |
                        +--------------+

Segment                Class          Group          Address         Size
=======                =====          =====          =======         ====

BEGTEXT                CODE           AUTO           00401000        00000007
_TEXT                  CODE           AUTO           00401010        0001252d
TRANSFER CODE          CODE           AUTO           00413540        000001a4
.idata                 .idata         .idata         00414000        000007a8
_NULL                  BEGDATA        DGROUP         00415000        00000004
_AFTERNULL             BEGDATA        DGROUP         00415004        00000000
CONST                  DATA           DGROUP         00415010        00000bbc
_DATA                  DATA           DGROUP         00415bd0        00000fa0
CONST2                 DATA           DGROUP         00416b70        0000010c
XIB                    DATA           DGROUP         00416c7c        00000000
XI                     DATA           DGROUP         00416c7c        0000004e
XIE                    DATA           DGROUP         00416cca        00000000
YIB                    DATA           DGROUP         00416cca        00000000
YI                     DATA           DGROUP         00416cca        00000030
YIE                    DATA           DGROUP         00416cfa        00000000
TIB                    DATA           DGROUP         00416cfa        00000000
TI                     DATA           DGROUP         00416cfa        00000000
TIE                    DATA           DGROUP         00416cfa        00000000
DATA                   DATA           DGROUP         00416cfa        00000000
DATA32                 DATA           DGROUP         00416cfc        0000011c
CONST32                CONST          DGROUP         00417010        00000000
_BSS                   BSS            DGROUP         00417010        000010f0
BSS32                  BSS            DGROUP         00418100        00000000
STACK                  STACK          DGROUP         00418100        00010000


                        +----------------+
                        |   Memory Map   |
                        +----------------+

* = unreferenced symbol
+ = symbol only referenced locally

Address        Symbol
=======        ======

Module: Program.obj(C:\Users\Christopher Raleigh\Documents\GitHub\CS-152-Assignment-1\Program.for)
00401010       FMAIN
Module: C:\watcom-1.3/lib386/nt\flib7.lib(setunit.c)
004012e0       RT@SetUnit
Module: C:\watcom-1.3/lib386/nt\flib7.lib(setfmt.c)
00401320       RT@SetFmt
Module: C:\watcom-1.3/lib386/nt\flib7.lib(cowrite)
00401340       RT@IOWrite
0040134f*      RT@OutLOG1
00401361*      RT@OutLOG4
0040136f*      RT@OutINT1
00401381*      RT@OutINT2
00401391       RT@OutINT4
004013a0*      RT@OutREAL
004013b0       RT@OutDBLE
004013c0*      RT@OutXTND
004013d0*      RT@OutCPLX
004013e6*      RT@OutDBCX
004013fc*      RT@OutXTCX
00401412*      RT@OutCHAR
00401417*      RT@OutSTR
0040141c*      RT@PrtArr
00401421*      RT@PrtChArr
Module: C:\watcom-1.3/lib386/nt\flib7.lib(cortns)
00415bd0*      _FRT_SaveESP
00401431*      SwitchToGen
0040144f       SwitchToRT
0040146d       RdWrCommon
00401511       IOType_
0040152f       IOChar
0040154a       IOStr
0040155f       IOArr
0040157a       IOChArr
0040159c       RT@EndIO
Module: C:\watcom-1.3/lib386/nt\flib7.lib(coread)
004015a6       RT@IORead
004015b5*      RT@InpLOG1
004015c4*      RT@InpLOG4
004015d3*      RT@InpINT1
004015e2*      RT@InpINT2
004015f1*      RT@InpINT4
00401600*      RT@InpREAL
0040160f       RT@InpDBLE
0040161e*      RT@InpXTND
0040162d*      RT@InpCPLX
0040163c*      RT@InpDBCX
0040164b*      RT@InpXTCX
0040165a*      RT@InpCHAR
0040165f*      RT@InpSTR
00401664*      RT@InpArr
00401669*      RT@InpChArr
Module: C:\watcom-1.3/lib386\math387r.lib(sqrt387)
00401670*      sqrt_
004016a0*      IF@SQRT
004016a0       IF@DSQRT
004016a2*      __@DSQRT
Module: C:\watcom-1.3/lib386/nt\clib3r.lib(cstrtwnt)
004016d8       _cstart_
004016d8*      mainCRTStartup
Module: C:\watcom-1.3/lib386/nt\clib3r.lib(_8087)
00415bf0       __8087
00415bf1       __real87
Module: C:\watcom-1.3/lib386/nt\emu387.lib(386)
00401734       __init_387_emulator
00401735*      __fini_387_emulator
Module: C:\watcom-1.3/lib386/nt\flib7.lib(initeng.c)
00417010       __init_english
Module: C:\watcom-1.3/lib386/nt\flib7.lib(initerr.c)
00417014       __init_error
Module: C:\watcom-1.3/lib386/nt\flib7.lib(setiocb.c)
00401740       RT@SetIOCB
Module: C:\watcom-1.3/lib386/nt\flib7.lib(rdata.c)
00417020       _IORslt
00417030       _FmtBuff
00417034*      _Fmt_revert
00417038*      _Fmt_start
0041703c*      _Fmt_paren_level
00417040*      _Fmt_charptr
00417044*      _FmtEmStruct
00417048       _IOTypeRtn
0041704c*      _Fmt_end
00417050*      _Fmt_rep_spec
00417054       _FmtRoutine
00417058       _IOCB
0041705c       _Files
00417060*      _Fmt_delimited
Module: C:\watcom-1.3/lib386/nt\flib7.lib(rfmtexec.c)
00402100       R_FExec_
Module: C:\watcom-1.3/lib386/nt\flib7.lib(exwrite.c)
004021a0       DoWrite_
Module: C:\watcom-1.3/lib386/nt\flib7.lib(iomain.c)
004021d0       __ReleaseIOSys_
004021f0       IOMain_
Module: C:\watcom-1.3/lib386/nt\clib3r.lib(crwdata)
00415c38       __osmajor
00415c39       __osminor
00415c3a       __osbuild
00415c3c       __osver
00415c40       __winmajor
00415c44       __winminor
00415c48       __winver
00415bfc       __LpCmdLine
00415c00       __LpPgmName
00415c04       __LpDllName
00415c08       __LpwCmdLine
00415c0c       __LpwPgmName
00415c10       __LpwDllName
00415bf4*      __dynend
00415bf8       __curbrk
00415c14*      __STACKLOW
00415c18       __STACKTOP
00415c1c       __ASTACKSIZ
00415c20       __ASTACKPTR
00415c24*      __cbyte
00415c28*      __cbyte2
00415c2c*      __child
00415c32       __Envptr
00415c36*      __Envseg
00415c30       __no87
00415c4c*      __FPE_handler
00415c4c*      ___FPE_handler
Module: C:\watcom-1.3/lib386/nt\flib7.lib(thrdutil.c)
00402400*      __InitMultiThreadIO_
00415c54       ___SwitchStkLow
Module: C:\watcom-1.3/lib386/nt\flib7.lib(exread.c)
00402490       DoRead_
Module: C:\watcom-1.3/lib386\math387r.lib(math87e)
004024c7       __math87_err_
Module: C:\watcom-1.3/lib386/nt\clib3r.lib(main2wnt)
00402550       __NTMain
Module: C:\watcom-1.3/lib386/nt\clib3r.lib(segdefns)
00401003       ___begtext
00415000*      __nullarea
00416c7c       __Start_XI
00416cca       __End_XI
00416cca       __Start_YI
00416cfa       __End_YI
Module: C:\watcom-1.3/lib386/nt\clib3r.lib(chk8087)
004025d0+      __init_8087_
00402610*      _fpreset_
00402620       __chk8087_
Module: C:\watcom-1.3/lib386/nt\flib7.lib(english.c)
004026a0       __UseEnglishCharSet_
Module: C:\watcom-1.3/lib386/nt\flib7.lib(errincl.c)
004027b0       __InitError_
00415c58+      _PGroupTable
00415c5c+      _PErrWord
Module: C:\watcom-1.3/lib386/nt\flib7.lib(rtinit.c)
00415c60       ___FAppType
00415c64       __ExceptionInit
00415c68       __ExceptionFini
004027e0*      __InitFThreadData_
00402820+      RTSysFini_
00402830       RTSysInit_
00415c70       __AccessFIO
00415c74       __ReleaseFIO
00415c78       __PartialReleaseFIO
00417068       ___FThreadDataOffset
00416c9a*      ___fthread_data_size
Module: C:\watcom-1.3/lib386/nt\clib3r.lib(mainwnt)
0041706c       ___Is_DLL
00415c7c       ___TlsIndex
00415c80       ___FirstThreadData
00415c84       ___GetThreadPtr
00415c88       __AccessFileH
00415c8c       __ReleaseFileH
00415c90       __AccessIOB
00415c94       __ReleaseIOB
00415c98       __AccessNHeap
00415c9c       __AccessFHeap
00415ca0       __ReleaseNHeap
00402890*      __threadid_
00402900+      __sig_null_rtn_
00402910+      __NTInit_
00402b10+      __NTFini_
00402b70       __NTMainInit_
00402bd0       __exit_
00415ca4       __ReleaseFHeap
00415ca8       __AccessTDList
00415cac       __ReleaseTDList
00415cb0       __AccessFList
00415cb4       __ReleaseFList
00415cb8       __ThreadExitRtn
00415cbc       ___sig_init_rtn
00415cc0       ___sig_fini_rtn
00415cc4       ___process_fini
Module: C:\watcom-1.3/lib386/nt\flib7.lib(ioinit.c)
00402c30       IOSysInit_
Module: C:\watcom-1.3/lib386/nt\flib7.lib(rterr.c)
00415ccc+      _TraceRoutine
00402c80+      FlushStdUnit_
00402cd0+      WriteErr_
00402da0       ErrHandler_
00402de0       RTErr_
00415cd8+      LG@ERR_HOOK
Module: C:\watcom-1.3/lib386/nt\flib7.lib(ioerr.c)
00402e40       IOErr_
Module: C:\watcom-1.3/lib386/nt\flib7.lib(wrutils.c)
00402ed0       F_SendData_
00402f30*      SendLine_
00402f40       SendEOR_
00402fd0*      SendInt_
00403000       SendStr_
00403020+      SendWSLStr_
00403040       SendChar_
00403060       Drop_
00403220       IOItemResult_
Module: C:\watcom-1.3/lib386/nt\flib7.lib(rfmtutil.c)
004032d0       R_ChkType_
00403300       R_NewRec_
00403340       R_ChkIType_
00403370       R_ChkFType_
004033a0       R_ChkRecLen_
004033c0+      GetLen_
00403400       R_FOStr_
00403410*      FOString_
00403480       R_FIStr_
00403540       R_FOLog_
00403590       R_FILog_
00403670       R_FIFloat_
00403860       GetReal_
00403970       R_FOF_
004039f0       R_FOE_
00403b30+      FmtH2B_
00403c20       R_FIHex_
00403da0       R_FOHex_
00403db0*      FOHex_
00403eb0       R_FIInt_
00403fc0       R_FOInt_
00404220       R_FOG_
004044a0+      ChkBuffLen_
Module: C:\watcom-1.3/lib386/nt\flib7.lib(arrayio.c)
00404560       ArrayIOType_
Module: C:\watcom-1.3/lib386/nt\flib7.lib(rdwr.c)
004045e0+      DoOpen_
00404610+      _AllocBuffer_
00404650       IOPrologue_
00404890       UpdateRecNum_
Module: C:\watcom-1.3/lib386/nt\flib7.lib(unfmtout.c)
004049b0       UnFmtOut_
Module: C:\watcom-1.3/lib386/nt\flib7.lib(freeout.c)
00404e00       FreeOut_
00415cdc+      _OutRtn
Module: C:\watcom-1.3/lib386/nt\flib7.lib(rtutls.c)
00404f00       FindFtnFile_
00404ff0       RChkAlloc_
00405020       F_Connect_
004050a0       ConnectFile_
004050b0*      GetFileInfo_
004051a0       DiscoFile_
00405210*      ChkFileName_
00405240+      ChkLogFile_
00405280       ChkIOOperation_
004052c0       GetIOErr_
004052d0       ChkIOErr_
004052f0       ChkUnitId_
00405330*      ChkConnected_
00405350       SetEOF_
00405380       ClearEOF_
004053c0       SysEOF_
004053f0       IsFixed_
00405400       IsCarriage_
00405410*      ChkRecordStructure_
00405440*      ChkSequential_
00405460*      ChkExist_
00405490*      StrItem_
Module: C:\watcom-1.3/lib386/nt\flib7.lib(spawn.c)
004054c0       Spawn_
00405520       Suicide_
Module: C:\watcom-1.3/lib386/nt\flib7.lib(rtsysutl.c)
00405560       GetSysIOInfo_
00405580       GetSysFileInfo_
004055b0*      IsDevice_
00405780       OpenAction_
004057c0*      DfltRecType_
004057e0+      _FileAttrs_
004058a0       CloseFile_
00405910       Scrtched_
00405930*      CloseDeleteFile_
00405980       Errf_
004059a0       FPutBuff_
00405a10       FGetBuff_
00405a60       SeekFile_
00405a80       NoEOF_
00405a90       SysClearEOF_
00405aa0*      SameFile_
00405ab0*      Rewindf_
00405ad0*      SysCreateFile_
00405b10       CheckLogicalRecord_
00405b30       SkipLogicalRecord_
00405b50*      BackSpacef_
00405b80*      EndFilef_
00405bc0       GetIOErrMsg_
00405c00       ReportNExist_
00405c20       ReportEOF_
00405c30*      WaitForEnter_
Module: C:\watcom-1.3/lib386/nt\flib7.lib(unfmtin.c)
00405c40       UnFmtIn_
00405ce0+      NextUnFmtRec_
Module: C:\watcom-1.3/lib386/nt\flib7.lib(freein.c)
004060c0+      GetNum_
004062c0       FreeIn_
004062d0*      DoFreeIn_
00406300+      BumpComma_
00406330+      Blanks_
00406350+      CheckEor_
Module: C:\watcom-1.3/lib386/nt\flib7.lib(_matherr.c)
00406960*      __imath2err_
004069a0*      __amath1err_
004069d0*      __amath2err_
00406a00       __math2err_
00406b10       __math1err_
00406b20*      __zmath2err_
00406b80*      __qmath2err_
Module: C:\watcom-1.3/lib386/nt\clib3r.lib(initrtns)
00406c00       __InitRtns
00406c50       __FiniRtns
Module: C:\watcom-1.3/lib386/nt\clib3r.lib(mthrdini)
00406cb0       __InitThreadData_
00415d10       ___ThreadDataSize
Module: C:\watcom-1.3/lib386/nt\clib3r.lib(memset)
00406ce0       memset_
Module: C:\watcom-1.3/lib386/nt\clib3r.lib(cmain386)
00406d00       __CMain
Module: C:\watcom-1.3/lib386/nt\clib3r.lib(dosseg)
00001234       __DOSseg__
Module: C:\watcom-1.3/lib386/nt\clib3r.lib(save8087)
00415d14       ___Save8087
00415d18       ___Rest8087
Module: C:\watcom-1.3/lib386/nt\clib3r.lib(8087cw)
00415d1c       __8087cw
Module: C:\watcom-1.3/lib386/nt\clib3r.lib(init8087)
00406d50       __init_80x87
Module: C:\watcom-1.3/lib386/nt\flib7.lib(csetinfo.c)
00417690       _CharSetInfo
Module: C:\watcom-1.3/lib386/nt\flib7.lib(errmsg.c)
004070b0       _GroupTable
00407160       _ErrWord
Module: C:\watcom-1.3/lib386/nt\flib7.lib(blderr.c)
00407810       Substitute_
004079d0       ErrCodOrg_
Module: C:\watcom-1.3/lib386/nt\flib7.lib(errrtns.c)
004176a4       ___ErrorFini
004176a8       ___ErrorInit
004176ac       ___BldErrMsg
Module: C:\watcom-1.3/lib386/nt\flib7.lib(rttraps.c)
00407ad0       __EnableF77RTExceptionHandling_
00407ae0       R_TrapInit_
00407b70       R_TrapFini_
00407b80*      __InitExceptionVectors_
Module: C:\watcom-1.3/lib386/nt\clib3r.lib(nodefwin)
00415d20*      __WindowsIsWindowedHandle
00415d24*      __WindowsRemoveWindowedHandle
00415d28*      __WindowsNewWindow
00415d2c*      __WindowsCloseWindow
00415d30*      __WindowsSetAbout
00415d34*      __WindowsSetAppTitle
00415d38*      __WindowsSetConTitle
00415d3c*      __WindowsDestroyOnClose
00415d40*      __WindowsYieldControl
00415d44*      __WindowsShutDown
00415d48*      __WindowsStdin
00415d4c       __WindowsStdout
00415d50*      __WindowsKbhit
00415d54*      __WindowsGetch
00415d58*      __WindowsGetche
00415d5c*      __WindowsPutch
00407ba0       _dwDeleteOnClose_
00407bb0*      _dwSetAboutDlg_
00407bc0*      _dwSetAppTitle_
00407bd0*      _dwSetConTitle_
00407be0*      _dwYield_
00407bf0*      _dwShutDown_
00415d60*      __WindowsExitRtn
004176b0*      __init_default_win
Module: C:\watcom-1.3/lib386/nt\clib3r.lib(atexit)
00407bf3       atexit_
Module: C:\watcom-1.3/lib386/nt\clib3r.lib(regdata)
00407c60       __RegisterThreadDataSize_
Module: C:\watcom-1.3/lib386/nt\clib3r.lib(hdlman)
00415d64+      ___NHandles
00415d68       ___OSHandles
00415d6c+      ___FakeHandles
00407c90+      __growPOSIXHandles_
00407d30       __allocPOSIXHandle_
00407df0       __freePOSIXHandle_
00407e10*      __getOSHandle_
00407e30       __setOSHandle_
00407e80+      __NTGetFakeHandle_
00407ef0       __initPOSIXHandles_
00407fd0*      __set_handles_
00407fe0*      _grow_handles_
Module: C:\watcom-1.3/lib386/nt\clib3r.lib(environ)
00417738       ___env_mask
0041773c       _environ
00417740       __wenviron
Module: C:\watcom-1.3/lib386/nt\clib3r.lib(getmodfn)
00408020       __lib_GetModuleFileNameW_
Module: C:\watcom-1.3/lib386/nt\clib3r.lib(strdup)
004080c0       __clib_strdup_
Module: C:\watcom-1.3/lib386/nt\clib3r.lib(istable)
00416b70       __IsTable
Module: C:\watcom-1.3/lib386/nt\clib3r.lib(ustrdup)
00408110       __clib_wcsdup_
Module: C:\watcom-1.3/lib386/nt\clib3r.lib(nfree)
00408140       free_
00408150       _nfree_
00417744       ___MiniHeapFreeRover
Module: C:\watcom-1.3/lib386/nt\clib3r.lib(excptwnt)
00408310+      ___ReportException@4
00408780       __DefaultExceptionHandler_
004087c0+      ___ExceptionFilter
004089c0       __NewExceptionFilter_
004089f0       __DoneExceptionFilter_
00415d78       ___oscode_check_func
00415d7c       ___raise_func
00417748*      _sw
0041774c       ___ExceptionHandled
0041774d+      ___ReportInvoked
Module: C:\watcom-1.3/lib386/nt\clib3r.lib(stklmwnt)
00408a30       __init_stack_limits_
Module: C:\watcom-1.3/lib386/nt\flib7.lib(runmain.c)
00408aa0*      __InitUnit6CC_
00408ab0       __DevicesCC_
00408ac0*      __InitAllowCommaSeparator_
00408ad0       __AllowCommaSep_
00408ae0+      _InitIO_
00408b50+      CloseAllFiles_
00408b90*      _FiniEx_
00408b90       RunExit_
00408bd0       RunEntry_
Module: C:\watcom-1.3/lib386/nt\flib7.lib(posdat.c)
00415f78       _FStdIn
00415f7c       _FStdOut
00415f80       _FStdErr
Module: C:\watcom-1.3/lib386/nt\flib7.lib(posflush.c)
00408c00       FlushBuffer_
Module: C:\watcom-1.3/lib386/nt\flib7.lib(errutil.c)
00408cb0       BldErrCode_
00408d10*      MsgFormat_
00408d40*      MsgBuffer_
00415f84+      _PGrpCodes
Module: C:\watcom-1.3/lib386/nt\clib3r.lib(enterdb)
00408d70       __EnterWVIDEO_
00415f88       ___WD_Present
Module: C:\watcom-1.3/lib386/nt\flib7.lib(stdio.c)
00408db0       StdBuffer_
00408dd0+      StdWrite_
00408eb0       StdFlush_
00408ee0       StdWriteNL_
Module: C:\watcom-1.3/lib386/nt\flib7.lib(ifile.c)
00408f10       SendIFBuff_
00408f40       NextIFBuff_
Module: C:\watcom-1.3/lib386/nt\clib3r.lib(ltoa)
00408f70       ultoa_
00408fc0       ltoa_
Module: C:\watcom-1.3/lib386/nt\flib7.lib(sdfile.c)
00416394*      _FFCtrlSeq
00416396*      _SkipCtrlSeq
00416398       _NormalCtrlSeq
0041639a       _SDTermIn
0041639e       _SDTermOut
004163a2*      _SDPrtName
Module: C:\watcom-1.3/lib386/nt\flib7.lib(cctrl.c)
00408ff0       CheckCCtrl_
Module: C:\watcom-1.3/lib386/nt\flib7.lib(rdutils.c)
00409060       NextRec_
Module: C:\watcom-1.3/lib386/nt\flib7.lib(undefcg.c)
00409200       OutLogCG_
00409210       OutIntCG_
00409250+      FmtRealCG_
00409280+      FmtDoubleCG_
004092b0+      FmtExtendedCG_
004092e0+      UndefIntCG_
004092e0+      UndefLogCG_
004092e0+      UndefExtendedCG_
004092e0+      UndefDoubleCG_
004092e0+      UndefRealCG_
004092f0+      GetRealCG_
004163a8       _FmtRealRtn
004163ac       _FmtDoubleRtn
004163b0       _FmtExtendedRtn
004163b4       _SendStrRtn
004163b8       _UndefRealRtn
004163bc       _UndefDoubleRtn
004163c0       _UndefExtendedRtn
004163c4       _UndefLogRtn
004163c8       _UndefIntRtn
004163cc       _GetRealRtn
Module: C:\watcom-1.3/lib386/nt\flib7.lib(rfmtlog.c)
00409310       R_FmtLog_
Module: C:\watcom-1.3/lib386/nt\clib3r.lib(toupper)
00409340       toupper_
Module: C:\watcom-1.3/lib386/nt\flib7.lib(fmtcnvt.c)
00409350       FmtS2I_
00409480       FmtS2F_
Module: C:\watcom-1.3/lib386/nt\flib7.lib(fmtrtns.c)
00409850       R_F2E_
004099c0       R_F2F_
00409b50       SetMaxPrec_
Module: C:\watcom-1.3/lib386/nt\flib7.lib(flt86.c)
00409b60       _P1d100
00409b68       _P1d_99
Module: C:\watcom-1.3/lib386\math387r.lib(pow387)
00409ccf*      pow_
00409b70       IF@DPOW
00409b70*      IF@POW
Module: C:\watcom-1.3/lib386/nt\flib7.lib(hexcnv.c)
00409cf0       Hex_
00409d10*      HSToB_
00409d80       BToHS_
Module: C:\watcom-1.3/lib386/nt\clib3r.lib(strupr)
00409dd0       strupr_
Module: C:\watcom-1.3/lib386/nt\flib7.lib(rmemmgr.c)
00409df0       RMemAlloc_
00409e00       RMemFree_
Module: C:\watcom-1.3/lib386/nt\flib7.lib(unfmtutl.c)
00409e10       _SizeVars
Module: C:\watcom-1.3/lib386/nt\flib7.lib(fdutil.c)
00409e20       LocFile_
00409e30       LocUnit_
00409e60       ExtractInfo_
Module: C:\watcom-1.3/lib386/nt\flib7.lib(rstdio.c)
00409f90       _InitStandardInput_
00409fc0       _InitStandardOutput_
Module: C:\watcom-1.3/lib386/nt\flib7.lib(deffname.c)
004163d0       _DefFName
Module: C:\watcom-1.3/lib386/nt\flib7.lib(stracc.c)
00409ff0       TrimStr_
0040a030       GetStr_
Module: C:\watcom-1.3/lib386/nt\clib3r.lib(setjmp)
0040a058       _setjmp_
0040a091       longjmp_
Module: C:\watcom-1.3/lib386/nt\clib3r.lib(exit)
0040a119+      __null_int23_exit_
0040a11b       exit_
0040a16b*      _exit_
004163d8+      ___int23_exit
004163dc+      ___FPE_handler_exit
Module: C:\watcom-1.3/lib386/nt\clib3r.lib(accsswnt)
0040a190       access_
Module: C:\watcom-1.3/lib386/nt\clib3r.lib(fullpath)
0040a1d0+      _sys_fullpath_
0040a250       _fullpath_
Module: C:\watcom-1.3/lib386/nt\clib3r.lib(fstatwnt)
0040a2c0       fstat_
Module: C:\watcom-1.3/lib386/nt\flib7.lib(poserr.c)
0040a620       Errorf_
0040a640*      EOFile_
0040a660       ErrorMsg_
0040a6a0       FSetTrunc_
0040a6b0       FSetSysErr_
0040a6d0       FSetErr_
0040a6f0       FSetEof_
0040a710       IOOk_
Module: C:\watcom-1.3/lib386/nt\clib3r.lib(statwnt)
0040a823       stat_
Module: C:\watcom-1.3/lib386/nt\flib7.lib(posopen.c)
0040aa60       InitStd_
0040ab20       SetIOBufferSize_
0040ab40+      _AllocFile_
0040ac30       Openf_
0040ad20       Closef_
Module: C:\watcom-1.3/lib386/nt\flib7.lib(posdel.c)
0040ada0       Scratchf_
Module: C:\watcom-1.3/lib386/nt\flib7.lib(posput.c)
0040adc0       FPutRec_
0040ae00       ChopFile_
0040ae50*      PutRec_
0040af70       writebytes_
0040aff0       SysWrite_
Module: C:\watcom-1.3/lib386/nt\flib7.lib(posget.c)
0040b130       readbytes_
0040b200       SysRead_
0040b670       FGetRec_
0040b6a0*      GetRec_
0040b6c0       GetStdChar_
0040b710       FCheckLogical_
0040b790       FSkipLogical_
0040b860*      FGetVarRecLen_
Module: C:\watcom-1.3/lib386/nt\flib7.lib(posseek.c)
0040b950       FSeekRec_
0040b990       CurrFileOffset_
0040b990       FGetFilePos_
0040b9b0       SysSeek_
0040bba0*      FSeekAbs_
Module: C:\watcom-1.3/lib386/nt\clib3r.lib(stricmp)
0040bbb0       stricmp_
Module: C:\watcom-1.3/lib386/nt\flib7.lib(posrew.c)
0040bbf0       FRewind_
Module: C:\watcom-1.3/lib386/nt\flib7.lib(posback.c)
0040bc60       FBackspace_
Module: C:\watcom-1.3/lib386/nt\flib7.lib(postrunc.c)
0040bd40       FTruncate_
Module: C:\watcom-1.3/lib386/nt\clib3r.lib(errno)
0040bd60       __get_errno_ptr_
0040bd70*      __get_doserrno_ptr_
Module: C:\watcom-1.3/lib386/nt\flib7.lib(chrutils.c)
0040bd80       JmpBlanks_
Module: C:\watcom-1.3/lib386/nt\clib3r.lib(__stos)
0040bda0       __STOSB
0040bdd7*      __STOSD
Module: C:\watcom-1.3/lib386/nt\clib3r.lib(cinit)
0040be50       __CommonInit_
Module: C:\watcom-1.3/lib386/nt\clib3r.lib(___argc)
00417754       ____Argc
00417758       ____Argv
Module: C:\watcom-1.3/lib386/nt\flib7.lib(rtmain.c)
0040be60       main_
Module: C:\watcom-1.3/lib386/nt\clib3r.lib(memmove)
0040be80       memmove_
Module: C:\watcom-1.3/lib386/nt\clib3r.lib(itoa)
0040bee0       utoa_
0040bf30       itoa_
Module: C:\watcom-1.3/lib386/nt\clib3r.lib(signlwnt)
004163e8+      _SignalTable
0040bf60+      __SetSignalFunc_
0040bfb0+      __GetSignalFunc_
0040bfe0+      __GetSignalOSCode_
0040c010+      __CheckSignalExCode_
0040c150+      __sigabort_
0040c160       __sigfpe_handler_
0040c1b0       signal_
0040c270+      raise_
0040c2e0+      __SigInit_
0040c330+      __SigFini_
0040c370+      __sig_init_
Module: C:\watcom-1.3/lib386/nt\flib7.lib(fptraps.c)
0040c450*      __MaskDefaultFPE_
0040c470       FPTrapInit_
0040c4a0       FPTrapFini_
Module: C:\watcom-1.3/lib386/nt\clib3r.lib(trdlist)
0040c4c0       __GetThreadData_
0040c510       __ReallocThreadData_
0040c610       __AddThreadData_
0040c690       __RemoveThreadData_
0040c6f0       __ResizeThreadDataList_
0040c720       __FreeThreadDataList_
0040c750*      __ActiveThreads_
Module: C:\watcom-1.3/lib386/nt\clib3r.lib(nmalloc)
0040c770       malloc_
0040c780       _nmalloc_
00416454       ___nheapbeg
00416458       ___MiniHeapRover
0041645c       ___LargestSizeB4MiniHeapRover
Module: C:\watcom-1.3/lib386/nt\clib3r.lib(seterrno)
0040c88b       __set_errno_
0040c899*      __set_EDOM_
0040c8a7       __set_ERANGE_
0040c8b5*      __set_EINVAL_
0040c8c8       __set_doserrno_
Module: C:\watcom-1.3/lib386/nt\clib3r.lib(nrealloc)
0040c8e0       realloc_
0040c8f0+      _nrealloc_
Module: C:\watcom-1.3/lib386/nt\clib3r.lib(iomode)
0040c970       __GetIOMode_
0040c990       __SetIOMode_nogrow_
00416460       ___NFiles
00416464       ___init_mode
004164b4       ___io_mode
Module: C:\watcom-1.3/lib386/nt\clib3r.lib(stiomode)
0040c9b0       __grow_iomode_
0040ca80+      __shrink_iomode_
0040cad0       __SetIOMode_
Module: C:\watcom-1.3/lib386/nt\clib3r.lib(setenvp)
0040cb50       __setenvp_
0040cc40       __freeenvp_
Module: C:\watcom-1.3/lib386/nt\clib3r.lib(ustrlen)
0040cc94       wcslen_
Module: C:\watcom-1.3/lib386/nt\clib3r.lib(memcpy)
0040ccb0       memcpy_
Module: C:\watcom-1.3/lib386/nt\clib3r.lib(mem)
0040cce0       __MemAllocator
0040cda0       __MemFree
Module: C:\watcom-1.3/lib386/nt\clib3r.lib(conutwnt)
0040cef0*      __NTRealKey_
0040cfa0*      __NTConsoleInput_
0040cfb0       __NTConsoleOutput_
Module: C:\watcom-1.3/lib386/nt\clib3r.lib(fclex387)
0040cfc0       _ClearFPE_
Module: C:\watcom-1.3/lib386/nt\clib3r.lib(lseek)
0040cfd0       lseek_
Module: C:\watcom-1.3/lib386/nt\clib3r.lib(write)
0040d270       write_
Module: C:\watcom-1.3/lib386/nt\flib7.lib(errgrp.c)
0040d4d0       _GrpCodes
Module: C:\watcom-1.3/lib386/nt\clib3r.lib(iob)
004164c0       ___iob
004166c8       __fmode
00417768       ___OpenStreams
0041776c       ___ClosedStreams
Module: C:\watcom-1.3/lib386/nt\clib3r.lib(setmd)
0040d560       setmode_
Module: C:\watcom-1.3/lib386/nt\clib3r.lib(alphabet)
004157a0       ___Alphabet
Module: C:\watcom-1.3/lib386/nt\flib7.lib(expchk.c)
0040d650       ToFFormat_
Module: C:\watcom-1.3/lib386/nt\flib7.lib(intarith.c)
0040d6a0       AddIOFlo_
0040d6b0*      SubIOFlo_
0040d6c0       MulIOFlo_
Module: C:\watcom-1.3/lib386/nt\clib3r.lib(tolower)
0040d6d0       tolower_
Module: C:\watcom-1.3/lib386\math387r.lib(strtod)
0040d6de+      __Strtold_
0040d8ad       strtod_
Module: C:\watcom-1.3/lib386\math387r.lib(ldcvt)
0040da83       _LDScale10x_
0040e0df       __LDcvt_
Module: C:\watcom-1.3/lib386/nt\clib3r.lib(chipvar)
00416774       ___chipbug
00416774       __chipbug
Module: C:\watcom-1.3/lib386\math387r.lib(pow87e)
0040e53c       __pow87_err_
Module: C:\watcom-1.3/lib386\math387r.lib(exp387)
0040e62e*      exp_
0040e5c4*      __@DEXP1
0040e5cc*      IF@EXP
0040e5cc*      IF@DEXP
0040e5ce       __@DEXP
Module: C:\watcom-1.3/lib386/nt\clib3r.lib(chipd32)
0040e753       __fdiv_fpr
0040ec15*      __fdiv_chk
0040ec28*      __fdiv_m32
0040ec75*      __fdiv_m64
0040ecc2*      __fdiv_m32r
0040ed0f*      __fdiv_m64r
Module: C:\watcom-1.3/lib386/nt\clib3r.lib(getenv)
0040ed60       getenv_
Module: C:\watcom-1.3/lib386/nt\clib3r.lib(ljmphdl)
00416788       ___longjmp_handler
Module: C:\watcom-1.3/lib386/nt\clib3r.lib(dosret)
0040ede0*      _dosret0_
0040edf0+      _dosretax_
0040ee00       __set_errno_dos_
0040ee30       __set_errno_nt_
Module: C:\watcom-1.3/lib386/nt\clib3r.lib(gtcwdwnt)
0040ee40       getcwd_
Module: C:\watcom-1.3/lib386/nt\clib3r.lib(iomodtty)
0040eed0       __ChkTTYIOMode_
0040ef20       __IOMode_
Module: C:\watcom-1.3/lib386/nt\clib3r.lib(ntdirinf)
0040ef40       __MakeDOSDT_
0040ef70*      __FromDOSDT_
0040efa0*      __GetNTDirInfo_
0040efe0*      __NTFindNextFileWithAttr_
Module: C:\watcom-1.3/lib386/nt\clib3r.lib(d2ttime)
0040f030       _d2ttime_
Module: C:\watcom-1.3/lib386/nt\clib3r.lib(strerror)
0040f0a0       strerror_
0040f0c0*      _strerror_
0040f1a0*      _doserror_
00416890+      __sys_errlist
00416934+      __sys_nerr
Module: C:\watcom-1.3/lib386/nt\clib3r.lib(_strcmp)
0040f1d0       strcmp_
Module: C:\watcom-1.3/lib386/nt\clib3r.lib(mbspbrk)
0040f310       _mbspbrk_
Module: C:\watcom-1.3/lib386/nt\clib3r.lib(mbsinc)
0040f360       _mbsinc_
Module: C:\watcom-1.3/lib386/nt\clib3r.lib(chdirwnt)
0040f390       chdir_
Module: C:\watcom-1.3/lib386/nt\clib3r.lib(strncpy)
0040f3b0       strncpy_
Module: C:\watcom-1.3/lib386/nt\clib3r.lib(close)
0040f3f0       close_
Module: C:\watcom-1.3/lib386/nt\clib3r.lib(openwnt)
0040f410*      open_
0040f430       sopen_
Module: C:\watcom-1.3/lib386/nt\flib7.lib(poscc.c)
0040f660*      __LineFeedWithFormFeed_
0040f670       FSetCC_
Module: C:\watcom-1.3/lib386/nt\clib3r.lib(unlnkwnt)
0040f6d0       unlink_
Module: C:\watcom-1.3/lib386/nt\clib3r.lib(chsizwnt)
0040f750       chsize_
Module: C:\watcom-1.3/lib386/nt\clib3r.lib(read)
0040f850       read_
Module: C:\watcom-1.3/lib386/nt\clib3r.lib(argcv)
00417870       __argc
00417874       __argv
00417878       ___argv
0041787c       ___argc
Module: C:\watcom-1.3/lib386/nt\clib3r.lib(abort)
0040f9e0*      abort_
0040f9eb       __terminate_
00416940       ___abort
Module: C:\watcom-1.3/lib386/nt\clib3r.lib(cntrl87)
0040fa00       _control87_
Module: C:\watcom-1.3/lib386/nt\clib3r.lib(mthread)
0040fbc0+      __CloseSemaphore_
0040fbd0+      __AccessSemaphore_
0040fc30+      __ReleaseSemaphore_
0040fc90+      __AccessIOB_
0040fca0+      __ReleaseIOB_
0040fcb0+      __AccessFileH_
0040fcc0+      __ReleaseFileH_
0040fcd0+      __AccessNHeap_
0040fce0+      __ReleaseNHeap_
0040fcf0+      __AccessFHeap_
0040fd00+      __ReleaseFHeap_
0040fd10+      __AccessTDList_
0040fd20+      __ReleaseTDList_
0040fd30+      __AccessFList_
0040fd40+      __ReleaseFList_
0040fd50+      __MultipleThread_
0040fda0+      __AllocInitThreadData_
0040fdf0*      __FreeInitThreadData_
0040fe00       __NTThreadInit_
0040fe90       __NTAddThread_
0040fee0       __NTRemoveThread_
0040ff80       __InitMultipleThread_
00416944+      ___AccessSema4
00416948+      ___ReleaseSema4
0041694c+      ___CloseSema4
Module: C:\watcom-1.3/lib386/nt\clib3r.lib(xmsgwnt)
00410180+      __exit_with_msg_
004101c0       __fatal_runtime_error_
Module: C:\watcom-1.3/lib386/nt\clib3r.lib(calloc)
004101e0       calloc_
Module: C:\watcom-1.3/lib386/nt\clib3r.lib(register)
00410210       __initthread_
00410220*      _beginthread_
00410230       _endthread_
00410240*      __RegisterThreadData_
Module: C:\watcom-1.3/lib386/nt\clib3r.lib(nmemneed)
00410290       __nmemneed_
Module: C:\watcom-1.3/lib386/nt\clib3r.lib(grownear)
004103c0       __ExpandDGROUP_
Module: C:\watcom-1.3/lib386/nt\clib3r.lib(nmsize)
00410430*      _msize_
00410440       _nmsize_
Module: C:\watcom-1.3/lib386/nt\clib3r.lib(nexpand)
00410450*      _expand_
00410460+      __HeapManager_expand_
00410620       _nexpand_
Module: C:\watcom-1.3/lib386/nt\clib3r.lib(dofilstr)
00410670       __ParsePosixHandleStr_
Module: C:\watcom-1.3/lib386/nt\clib3r.lib(clearenv)
00410790       clearenv_
Module: C:\watcom-1.3/lib386/nt\clib3r.lib(lseekwnt)
00410830       __lseek_
Module: C:\watcom-1.3/lib386/nt\clib3r.lib(stackwnt)
00410870       stackavail_
Module: C:\watcom-1.3/lib386/nt\clib3r.lib(stk)
00410881*      __CHK
00410891*      __STK
004108b0       __STKOVERFLOW_
004108c0       __GRO
004108e0*      __alloca_probe
Module: C:\watcom-1.3/lib386/nt\clib3r.lib(initfile)
00410900       __InitFiles_
Module: C:\watcom-1.3/lib386/nt\clib3r.lib(ioexit)
004109a0       __full_io_exit_
004109b0*      fcloseall_
Module: C:\watcom-1.3/lib386/nt\clib3r.lib(bufld386)
00410a1c       __ZBuf2LD
Module: C:\watcom-1.3/lib386/nt\clib3r.lib(hugeval)
00416c74       __HugeValue
Module: C:\watcom-1.3/lib386\math387r.lib(ldclass)
00410ac0       __LDClass_
Module: C:\watcom-1.3/lib386/nt\clib3r.lib(chipbug)
00410b10       __verify_pentium_fdiv_bug_
Module: C:\watcom-1.3/lib386/nt\clib3r.lib(mbsnicmp)
00410b70       _mbsnicmp_
Module: C:\watcom-1.3/lib386/nt\clib3r.lib(isattwnt)
00410c00       isatty_
Module: C:\watcom-1.3/lib386/nt\clib3r.lib(mktime)
00410c30       mktime_
Module: C:\watcom-1.3/lib386/nt\clib3r.lib(mbterm)
00410de0       _mbterm_
Module: C:\watcom-1.3/lib386/nt\clib3r.lib(mbsnextc)
00410e20       _mbsnextc_
Module: C:\watcom-1.3/lib386/nt\clib3r.lib(mbschr)
00410e60       _mbschr_
Module: C:\watcom-1.3/lib386/nt\clib3r.lib(mbisdbcs)
00417fec       ___IsDBCS
Module: C:\watcom-1.3/lib386/nt\clib3r.lib(mbislead)
00410ec0*      _ismbblead_
00417ff0       ___MBCSIsTable
Module: C:\watcom-1.3/lib386/nt\clib3r.lib(_clsewnt)
00410ee0       __close_
Module: C:\watcom-1.3/lib386/nt\clib3r.lib(ntfio)
00410f40*      __GetNTCreateAttr_
00410f80       __GetNTAccessAttr_
00410fb0       __GetNTShareAttr_
Module: C:\watcom-1.3/lib386/nt\clib3r.lib(umaskval)
00416970       ___umaskval
Module: C:\watcom-1.3/lib386/nt\clib3r.lib(initargv)
00411010       __Init_Argv_
00411060+      _getargv_
00411200       __Fini_Argv_
Module: C:\watcom-1.3/lib386/nt\clib3r.lib(trdalloc)
00411220       __FiniThreadProcessing_
Module: C:\watcom-1.3/lib386/nt\clib3r.lib(nheapmin)
00411230       _heapshrink_
00411240*      _heapmin_
00411250*      _nheapmin_
00411300       _nheapshrink_
Module: C:\watcom-1.3/lib386/nt\clib3r.lib(thredwnt)
00411430       __CBeginThread_
004114d0       __CEndThread_
Module: C:\watcom-1.3/lib386/nt\clib3r.lib(heapen)
00411510*      _heapenable_
00416974       ___heap_enabled
Module: C:\watcom-1.3/lib386/nt\clib3r.lib(amblksiz)
00416978       __amblksiz
Module: C:\watcom-1.3/lib386/nt\clib3r.lib(strtol)
00411700*      strtoul_
00411710       strtol_
Module: C:\watcom-1.3/lib386/nt\clib3r.lib(putenv)
00411780       putenv_
00411940       __putenv_
Module: C:\watcom-1.3/lib386/nt\clib3r.lib(freefp)
00411bc0       __freefp_
00411c10       __purgefp_
Module: C:\watcom-1.3/lib386/nt\clib3r.lib(fclose)
00411c40*      fclose_
00411c90       __shutdown_stream_
00411cb0+      __doclose_
004180f8+      ___RmTmpFileFn
Module: C:\watcom-1.3/lib386/nt\clib3r.lib(mbcicmp)
00411d50       _mbcicmp_
Module: C:\watcom-1.3/lib386/nt\clib3r.lib(timeutil)
00411db0       __leapyear_
00411f30       __isindst_
00415b94       ___diyr
00415bae       ___dilyr
Module: C:\watcom-1.3/lib386/nt\clib3r.lib(gmtime)
004122e0       __brktime_
004123e0+      _gmtime_
00412400*      gmtime_
Module: C:\watcom-1.3/lib386/nt\clib3r.lib(tzset)
00416a08       ___start_dst
00416a2c       ___end_dst
00416b54*      _tzname
00416b5c       _timezone
00416b60       _daylight
00416b64       ___dst_adjust
00412420*      __DontCacheOSTZ_
00412440*      __CacheOSTZ_
004126c0+      __parse_tz_
00412930       tzset_
Module: C:\watcom-1.3/lib386/nt\clib3r.lib(mbconv)
00412960       _mbvtop_
Module: C:\watcom-1.3/lib386/nt\clib3r.lib(mbclen)
00412980       _mbclen_
Module: C:\watcom-1.3/lib386/nt\clib3r.lib(mbccmp)
004129b0       _mbccmp_
Module: C:\watcom-1.3/lib386/nt\clib3r.lib(mbinit)
00412a10       __mbinit_
00416b6c       ___MBCodePage
Module: C:\watcom-1.3/lib386/nt\clib3r.lib(histsplt)
004180fc       ___historical_splitparms
Module: C:\watcom-1.3/lib386/nt\clib3r.lib(mbslen)
00412b90       _mbslen_
Module: C:\watcom-1.3/lib386/nt\clib3r.lib(mbstowcs)
00412bc0       mbstowcs_
Module: C:\watcom-1.3/lib386/nt\clib3r.lib(uputenv)
00412c40*      _wputenv_
00412dc0       __wputenv_
Module: C:\watcom-1.3/lib386/nt\clib3r.lib(flush)
00412f70       __flush_
Module: C:\watcom-1.3/lib386/nt\clib3r.lib(mbccpy)
00413080       _mbccpy_
Module: C:\watcom-1.3/lib386/nt\clib3r.lib(mbsupr)
004130c0       _mbsupr_
Module: C:\watcom-1.3/lib386/nt\clib3r.lib(wcstombs)
004130e0       wcstombs_
Module: C:\watcom-1.3/lib386/nt\clib3r.lib(mbtowc)
004131a0       mbtowc_
Module: C:\watcom-1.3/lib386/nt\clib3r.lib(ustrchr)
0041322f       wcschr_
Module: C:\watcom-1.3/lib386/nt\clib3r.lib(setenvar)
00413250       __lib_SetEnvironmentVariableW_
Module: C:\watcom-1.3/lib386/nt\clib3r.lib(crtwenv)
00413340       __create_wide_environment_
Module: C:\watcom-1.3/lib386/nt\clib3r.lib(utoupper)
004133a8       towupper_
Module: C:\watcom-1.3/lib386/nt\clib3r.lib(fsync)
004133c0       fsync_
Module: C:\watcom-1.3/lib386/nt\clib3r.lib(qwrit)
00413410       __qwrite_
Module: C:\watcom-1.3/lib386/nt\clib3r.lib(wctomb)
00413500       wctomb_


                        +----------------------+
                        |   Imported Symbols   |
                        +----------------------+

Symbol                              Module
======                              ======

_GetEnvironmentStrings@0            KERNEL32.DLL
_GetVersion@0                       KERNEL32.DLL
_GetModuleFileNameA@12              KERNEL32.DLL
_GetCommandLineA@0                  KERNEL32.DLL
_GetCommandLineW@0                  KERNEL32.DLL
_FreeEnvironmentStringsA@4          KERNEL32.DLL
_GetModuleHandleA@4                 KERNEL32.DLL
_ExitProcess@4                      KERNEL32.DLL
_GetCurrentThreadId@0               KERNEL32.DLL
_SetStdHandle@8                     KERNEL32.DLL
_CreateEventA@16                    KERNEL32.DLL
_GetStdHandle@4                     KERNEL32.DLL
_CloseHandle@4                      KERNEL32.DLL
_GetModuleFileNameW@12              KERNEL32.DLL
_MultiByteToWideChar@24             KERNEL32.DLL
_LoadLibraryA@4                     KERNEL32.DLL
_GetProcAddress@8                   KERNEL32.DLL
_WriteFile@20                       KERNEL32.DLL
_SetUnhandledExceptionFilter@4      KERNEL32.DLL
_UnhandledExceptionFilter@4         KERNEL32.DLL
_VirtualQuery@12                    KERNEL32.DLL
_RtlUnwind@16                       KERNEL32.DLL
_GetFileAttributesA@4               KERNEL32.DLL
_GetFullPathNameA@16                KERNEL32.DLL
_GetFileType@4                      KERNEL32.DLL
_GetFileInformationByHandle@8       KERNEL32.DLL
_GetFileTime@16                     KERNEL32.DLL
_GetFileSize@8                      KERNEL32.DLL
_CreateFileA@28                     KERNEL32.DLL
_GetLastError@0                     KERNEL32.DLL
_FindFirstFileA@8                   KERNEL32.DLL
_FindClose@4                        KERNEL32.DLL
_SetConsoleCtrlHandler@8            KERNEL32.DLL
_TlsGetValue@4                      KERNEL32.DLL
_TlsSetValue@8                      KERNEL32.DLL
_SetFilePointer@16                  KERNEL32.DLL
_MessageBoxA@16                     USER32.DLL
_GetCurrentDirectoryA@8             KERNEL32.DLL
_FileTimeToLocalFileTime@8          KERNEL32.DLL
_FileTimeToDosDateTime@12           KERNEL32.DLL
_DosDateTimeToFileTime@12           KERNEL32.DLL
_LocalFileTimeToFileTime@8          KERNEL32.DLL
_FindNextFileA@8                    KERNEL32.DLL
_FormatMessageA@28                  KERNEL32.DLL
_SetCurrentDirectoryA@4             KERNEL32.DLL
_DeleteFileA@4                      KERNEL32.DLL
_SetEndOfFile@4                     KERNEL32.DLL
_ReadFile@20                        KERNEL32.DLL
_InitializeCriticalSection@4        KERNEL32.DLL
_DeleteCriticalSection@4            KERNEL32.DLL
_EnterCriticalSection@4             KERNEL32.DLL
_LeaveCriticalSection@4             KERNEL32.DLL
_SetLastError@4                     KERNEL32.DLL
_TlsAlloc@0                         KERNEL32.DLL
_TlsFree@4                          KERNEL32.DLL
_VirtualAlloc@16                    KERNEL32.DLL
_VirtualFree@12                     KERNEL32.DLL
_GetCurrentThread@0                 KERNEL32.DLL
_CreateThread@24                    KERNEL32.DLL
_ResumeThread@4                     KERNEL32.DLL
_ExitThread@4                       KERNEL32.DLL
_SetEnvironmentVariableA@8          KERNEL32.DLL
_GetTimeZoneInformation@4           KERNEL32.DLL
_GetOEMCP@0                         KERNEL32.DLL
_GetCPInfo@8                        KERNEL32.DLL
_GetACP@0                           KERNEL32.DLL
_CharUpperA@4                       USER32.DLL
_SetEnvironmentVariableW@8          KERNEL32.DLL
_FlushFileBuffers@4                 KERNEL32.DLL
_WideCharToMultiByte@32             KERNEL32.DLL


                        +--------------------+
                        |   Libraries Used   |
                        +--------------------+

C:\watcom-1.3/lib386/nt\kernel32.lib
C:\watcom-1.3/lib386/nt\user32.lib
C:\watcom-1.3/lib386/nt\flib7.lib
C:\watcom-1.3/lib386\math387r.lib
C:\watcom-1.3/lib386/nt\clib3r.lib
C:\watcom-1.3/lib386/nt\emu387.lib


                        +-----------------------+
                        |   Linker Statistics   |
                        +-----------------------+

Stack size:  00010000 (65536.)
Memory size:  00025f8c (155532.)
Entry point address: 004016d8
Link time: 00:00.46
