Open Watcom Linker Version 1.3
Portions Copyright (c) 1985-2002 Sybase, Inc. All Rights Reserved.
Created on:       14/02/10 15:46:13
Warning! W1008: cannot open ole32.lib : No such file or directory
Warning! W1008: cannot open oleaut32.lib : No such file or directory
Executable Image: Assignment 1.exe
creating a Windows NT character-mode executable


                        +------------+
                        |   Groups   |
                        +------------+

Group                           Address              Size
=====                           =======              ====

.idata                          00414000             000007a8
DGROUP                          00415000             00013100



                        +--------------+
                        |   Segments   |
                        +--------------+

Segment                Class          Group          Address         Size
=======                =====          =====          =======         ====

BEGTEXT                CODE           AUTO           00401000        00000007
_TEXT                  CODE           AUTO           00401010        0001256d
TRANSFER CODE          CODE           AUTO           00413580        000001a4
.idata                 .idata         .idata         00414000        000007a8
_NULL                  BEGDATA        DGROUP         00415000        00000004
_AFTERNULL             BEGDATA        DGROUP         00415004        00000000
CONST                  DATA           DGROUP         00415010        00000bbc
_DATA                  DATA           DGROUP         00415bd0        00000fa0
CONST2                 DATA           DGROUP         00416b70        0000010c
XIB                    DATA           DGROUP         00416c7c        00000000
XI                     DATA           DGROUP         00416c7c        0000004e
XIE                    DATA           DGROUP         00416cca        00000000
YIB                    DATA           DGROUP         00416cca        00000000
YI                     DATA           DGROUP         00416cca        00000030
YIE                    DATA           DGROUP         00416cfa        00000000
TIB                    DATA           DGROUP         00416cfa        00000000
TI                     DATA           DGROUP         00416cfa        00000000
TIE                    DATA           DGROUP         00416cfa        00000000
DATA                   DATA           DGROUP         00416cfa        00000000
DATA32                 DATA           DGROUP         00416cfc        0000011c
CONST32                CONST          DGROUP         00417010        00000000
_BSS                   BSS            DGROUP         00417010        000010f0
BSS32                  BSS            DGROUP         00418100        00000000
STACK                  STACK          DGROUP         00418100        00010000


                        +----------------+
                        |   Memory Map   |
                        +----------------+

* = unreferenced symbol
+ = symbol only referenced locally

Address        Symbol
=======        ======

Module: quadratic.obj(C:\Users\Christopher Raleigh\Documents\GitHub\CS-152-Assignment-1\quadratic.for)
00401010       FMAIN
Module: C:\watcom-1.3/lib386/nt\flib7.lib(setunit.c)
00401320       RT@SetUnit
Module: C:\watcom-1.3/lib386/nt\flib7.lib(setfmt.c)
00401360       RT@SetFmt
Module: C:\watcom-1.3/lib386/nt\flib7.lib(cowrite)
00401380       RT@IOWrite
0040138f*      RT@OutLOG1
004013a1*      RT@OutLOG4
004013af*      RT@OutINT1
004013c1*      RT@OutINT2
004013d1       RT@OutINT4
004013e0*      RT@OutREAL
004013f0       RT@OutDBLE
00401400*      RT@OutXTND
00401410*      RT@OutCPLX
00401426*      RT@OutDBCX
0040143c*      RT@OutXTCX
00401452*      RT@OutCHAR
00401457*      RT@OutSTR
0040145c*      RT@PrtArr
00401461*      RT@PrtChArr
Module: C:\watcom-1.3/lib386/nt\flib7.lib(cortns)
00415bd0*      _FRT_SaveESP
00401471*      SwitchToGen
0040148f       SwitchToRT
004014ad       RdWrCommon
00401551       IOType_
0040156f       IOChar
0040158a       IOStr
0040159f       IOArr
004015ba       IOChArr
004015dc       RT@EndIO
Module: C:\watcom-1.3/lib386/nt\flib7.lib(coread)
004015e6       RT@IORead
004015f5*      RT@InpLOG1
00401604*      RT@InpLOG4
00401613*      RT@InpINT1
00401622*      RT@InpINT2
00401631*      RT@InpINT4
00401640*      RT@InpREAL
0040164f       RT@InpDBLE
0040165e*      RT@InpXTND
0040166d*      RT@InpCPLX
0040167c*      RT@InpDBCX
0040168b*      RT@InpXTCX
0040169a*      RT@InpCHAR
0040169f*      RT@InpSTR
004016a4*      RT@InpArr
004016a9*      RT@InpChArr
Module: C:\watcom-1.3/lib386\math387r.lib(sqrt387)
004016b0*      sqrt_
004016e0*      IF@SQRT
004016e0       IF@DSQRT
004016e2*      __@DSQRT
Module: C:\watcom-1.3/lib386/nt\clib3r.lib(cstrtwnt)
00401718       _cstart_
00401718*      mainCRTStartup
Module: C:\watcom-1.3/lib386/nt\clib3r.lib(_8087)
00415bf0       __8087
00415bf1       __real87
Module: C:\watcom-1.3/lib386/nt\emu387.lib(386)
00401774       __init_387_emulator
00401775*      __fini_387_emulator
Module: C:\watcom-1.3/lib386/nt\flib7.lib(initeng.c)
00417010       __init_english
Module: C:\watcom-1.3/lib386/nt\flib7.lib(initerr.c)
00417014       __init_error
Module: C:\watcom-1.3/lib386/nt\flib7.lib(setiocb.c)
00401780       RT@SetIOCB
Module: C:\watcom-1.3/lib386/nt\flib7.lib(rdata.c)
00417020       _IORslt
00417030       _FmtBuff
00417034*      _Fmt_revert
00417038*      _Fmt_start
0041703c*      _Fmt_paren_level
00417040*      _Fmt_charptr
00417044*      _FmtEmStruct
00417048       _IOTypeRtn
0041704c*      _Fmt_end
00417050*      _Fmt_rep_spec
00417054       _FmtRoutine
00417058       _IOCB
0041705c       _Files
00417060*      _Fmt_delimited
Module: C:\watcom-1.3/lib386/nt\flib7.lib(rfmtexec.c)
00402140       R_FExec_
Module: C:\watcom-1.3/lib386/nt\flib7.lib(exwrite.c)
004021e0       DoWrite_
Module: C:\watcom-1.3/lib386/nt\flib7.lib(iomain.c)
00402210       __ReleaseIOSys_
00402230       IOMain_
Module: C:\watcom-1.3/lib386/nt\clib3r.lib(crwdata)
00415c38       __osmajor
00415c39       __osminor
00415c3a       __osbuild
00415c3c       __osver
00415c40       __winmajor
00415c44       __winminor
00415c48       __winver
00415bfc       __LpCmdLine
00415c00       __LpPgmName
00415c04       __LpDllName
00415c08       __LpwCmdLine
00415c0c       __LpwPgmName
00415c10       __LpwDllName
00415bf4*      __dynend
00415bf8       __curbrk
00415c14*      __STACKLOW
00415c18       __STACKTOP
00415c1c       __ASTACKSIZ
00415c20       __ASTACKPTR
00415c24*      __cbyte
00415c28*      __cbyte2
00415c2c*      __child
00415c32       __Envptr
00415c36*      __Envseg
00415c30       __no87
00415c4c*      __FPE_handler
00415c4c*      ___FPE_handler
Module: C:\watcom-1.3/lib386/nt\flib7.lib(thrdutil.c)
00402440*      __InitMultiThreadIO_
00415c54       ___SwitchStkLow
Module: C:\watcom-1.3/lib386/nt\flib7.lib(exread.c)
004024d0       DoRead_
Module: C:\watcom-1.3/lib386\math387r.lib(math87e)
00402507       __math87_err_
Module: C:\watcom-1.3/lib386/nt\clib3r.lib(main2wnt)
00402590       __NTMain
Module: C:\watcom-1.3/lib386/nt\clib3r.lib(segdefns)
00401003       ___begtext
00415000*      __nullarea
00416c7c       __Start_XI
00416cca       __End_XI
00416cca       __Start_YI
00416cfa       __End_YI
Module: C:\watcom-1.3/lib386/nt\clib3r.lib(chk8087)
00402610+      __init_8087_
00402650*      _fpreset_
00402660       __chk8087_
Module: C:\watcom-1.3/lib386/nt\flib7.lib(english.c)
004026e0       __UseEnglishCharSet_
Module: C:\watcom-1.3/lib386/nt\flib7.lib(errincl.c)
004027f0       __InitError_
00415c58+      _PGroupTable
00415c5c+      _PErrWord
Module: C:\watcom-1.3/lib386/nt\flib7.lib(rtinit.c)
00415c60       ___FAppType
00415c64       __ExceptionInit
00415c68       __ExceptionFini
00402820*      __InitFThreadData_
00402860+      RTSysFini_
00402870       RTSysInit_
00415c70       __AccessFIO
00415c74       __ReleaseFIO
00415c78       __PartialReleaseFIO
00417068       ___FThreadDataOffset
00416c9a*      ___fthread_data_size
Module: C:\watcom-1.3/lib386/nt\clib3r.lib(mainwnt)
0041706c       ___Is_DLL
00415c7c       ___TlsIndex
00415c80       ___FirstThreadData
00415c84       ___GetThreadPtr
00415c88       __AccessFileH
00415c8c       __ReleaseFileH
00415c90       __AccessIOB
00415c94       __ReleaseIOB
00415c98       __AccessNHeap
00415c9c       __AccessFHeap
00415ca0       __ReleaseNHeap
004028d0*      __threadid_
00402940+      __sig_null_rtn_
00402950+      __NTInit_
00402b50+      __NTFini_
00402bb0       __NTMainInit_
00402c10       __exit_
00415ca4       __ReleaseFHeap
00415ca8       __AccessTDList
00415cac       __ReleaseTDList
00415cb0       __AccessFList
00415cb4       __ReleaseFList
00415cb8       __ThreadExitRtn
00415cbc       ___sig_init_rtn
00415cc0       ___sig_fini_rtn
00415cc4       ___process_fini
Module: C:\watcom-1.3/lib386/nt\flib7.lib(ioinit.c)
00402c70       IOSysInit_
Module: C:\watcom-1.3/lib386/nt\flib7.lib(rterr.c)
00415ccc+      _TraceRoutine
00402cc0+      FlushStdUnit_
00402d10+      WriteErr_
00402de0       ErrHandler_
00402e20       RTErr_
00415cd8+      LG@ERR_HOOK
Module: C:\watcom-1.3/lib386/nt\flib7.lib(ioerr.c)
00402e80       IOErr_
Module: C:\watcom-1.3/lib386/nt\flib7.lib(wrutils.c)
00402f10       F_SendData_
00402f70*      SendLine_
00402f80       SendEOR_
00403010*      SendInt_
00403040       SendStr_
00403060+      SendWSLStr_
00403080       SendChar_
004030a0       Drop_
00403260       IOItemResult_
Module: C:\watcom-1.3/lib386/nt\flib7.lib(rfmtutil.c)
00403310       R_ChkType_
00403340       R_NewRec_
00403380       R_ChkIType_
004033b0       R_ChkFType_
004033e0       R_ChkRecLen_
00403400+      GetLen_
00403440       R_FOStr_
00403450*      FOString_
004034c0       R_FIStr_
00403580       R_FOLog_
004035d0       R_FILog_
004036b0       R_FIFloat_
004038a0       GetReal_
004039b0       R_FOF_
00403a30       R_FOE_
00403b70+      FmtH2B_
00403c60       R_FIHex_
00403de0       R_FOHex_
00403df0*      FOHex_
00403ef0       R_FIInt_
00404000       R_FOInt_
00404260       R_FOG_
004044e0+      ChkBuffLen_
Module: C:\watcom-1.3/lib386/nt\flib7.lib(arrayio.c)
004045a0       ArrayIOType_
Module: C:\watcom-1.3/lib386/nt\flib7.lib(rdwr.c)
00404620+      DoOpen_
00404650+      _AllocBuffer_
00404690       IOPrologue_
004048d0       UpdateRecNum_
Module: C:\watcom-1.3/lib386/nt\flib7.lib(unfmtout.c)
004049f0       UnFmtOut_
Module: C:\watcom-1.3/lib386/nt\flib7.lib(freeout.c)
00404e40       FreeOut_
00415cdc+      _OutRtn
Module: C:\watcom-1.3/lib386/nt\flib7.lib(rtutls.c)
00404f40       FindFtnFile_
00405030       RChkAlloc_
00405060       F_Connect_
004050e0       ConnectFile_
004050f0*      GetFileInfo_
004051e0       DiscoFile_
00405250*      ChkFileName_
00405280+      ChkLogFile_
004052c0       ChkIOOperation_
00405300       GetIOErr_
00405310       ChkIOErr_
00405330       ChkUnitId_
00405370*      ChkConnected_
00405390       SetEOF_
004053c0       ClearEOF_
00405400       SysEOF_
00405430       IsFixed_
00405440       IsCarriage_
00405450*      ChkRecordStructure_
00405480*      ChkSequential_
004054a0*      ChkExist_
004054d0*      StrItem_
Module: C:\watcom-1.3/lib386/nt\flib7.lib(spawn.c)
00405500       Spawn_
00405560       Suicide_
Module: C:\watcom-1.3/lib386/nt\flib7.lib(rtsysutl.c)
004055a0       GetSysIOInfo_
004055c0       GetSysFileInfo_
004055f0*      IsDevice_
004057c0       OpenAction_
00405800*      DfltRecType_
00405820+      _FileAttrs_
004058e0       CloseFile_
00405950       Scrtched_
00405970*      CloseDeleteFile_
004059c0       Errf_
004059e0       FPutBuff_
00405a50       FGetBuff_
00405aa0       SeekFile_
00405ac0       NoEOF_
00405ad0       SysClearEOF_
00405ae0*      SameFile_
00405af0*      Rewindf_
00405b10*      SysCreateFile_
00405b50       CheckLogicalRecord_
00405b70       SkipLogicalRecord_
00405b90*      BackSpacef_
00405bc0*      EndFilef_
00405c00       GetIOErrMsg_
00405c40       ReportNExist_
00405c60       ReportEOF_
00405c70*      WaitForEnter_
Module: C:\watcom-1.3/lib386/nt\flib7.lib(unfmtin.c)
00405c80       UnFmtIn_
00405d20+      NextUnFmtRec_
Module: C:\watcom-1.3/lib386/nt\flib7.lib(freein.c)
00406100+      GetNum_
00406300       FreeIn_
00406310*      DoFreeIn_
00406340+      BumpComma_
00406370+      Blanks_
00406390+      CheckEor_
Module: C:\watcom-1.3/lib386/nt\flib7.lib(_matherr.c)
004069a0*      __imath2err_
004069e0*      __amath1err_
00406a10*      __amath2err_
00406a40       __math2err_
00406b50       __math1err_
00406b60*      __zmath2err_
00406bc0*      __qmath2err_
Module: C:\watcom-1.3/lib386/nt\clib3r.lib(initrtns)
00406c40       __InitRtns
00406c90       __FiniRtns
Module: C:\watcom-1.3/lib386/nt\clib3r.lib(mthrdini)
00406cf0       __InitThreadData_
00415d10       ___ThreadDataSize
Module: C:\watcom-1.3/lib386/nt\clib3r.lib(memset)
00406d20       memset_
Module: C:\watcom-1.3/lib386/nt\clib3r.lib(cmain386)
00406d40       __CMain
Module: C:\watcom-1.3/lib386/nt\clib3r.lib(dosseg)
00001234       __DOSseg__
Module: C:\watcom-1.3/lib386/nt\clib3r.lib(save8087)
00415d14       ___Save8087
00415d18       ___Rest8087
Module: C:\watcom-1.3/lib386/nt\clib3r.lib(8087cw)
00415d1c       __8087cw
Module: C:\watcom-1.3/lib386/nt\clib3r.lib(init8087)
00406d90       __init_80x87
Module: C:\watcom-1.3/lib386/nt\flib7.lib(csetinfo.c)
00417690       _CharSetInfo
Module: C:\watcom-1.3/lib386/nt\flib7.lib(errmsg.c)
004070f0       _GroupTable
004071a0       _ErrWord
Module: C:\watcom-1.3/lib386/nt\flib7.lib(blderr.c)
00407850       Substitute_
00407a10       ErrCodOrg_
Module: C:\watcom-1.3/lib386/nt\flib7.lib(errrtns.c)
004176a4       ___ErrorFini
004176a8       ___ErrorInit
004176ac       ___BldErrMsg
Module: C:\watcom-1.3/lib386/nt\flib7.lib(rttraps.c)
00407b10       __EnableF77RTExceptionHandling_
00407b20       R_TrapInit_
00407bb0       R_TrapFini_
00407bc0*      __InitExceptionVectors_
Module: C:\watcom-1.3/lib386/nt\clib3r.lib(nodefwin)
00415d20*      __WindowsIsWindowedHandle
00415d24*      __WindowsRemoveWindowedHandle
00415d28*      __WindowsNewWindow
00415d2c*      __WindowsCloseWindow
00415d30*      __WindowsSetAbout
00415d34*      __WindowsSetAppTitle
00415d38*      __WindowsSetConTitle
00415d3c*      __WindowsDestroyOnClose
00415d40*      __WindowsYieldControl
00415d44*      __WindowsShutDown
00415d48*      __WindowsStdin
00415d4c       __WindowsStdout
00415d50*      __WindowsKbhit
00415d54*      __WindowsGetch
00415d58*      __WindowsGetche
00415d5c*      __WindowsPutch
00407be0       _dwDeleteOnClose_
00407bf0*      _dwSetAboutDlg_
00407c00*      _dwSetAppTitle_
00407c10*      _dwSetConTitle_
00407c20*      _dwYield_
00407c30*      _dwShutDown_
00415d60*      __WindowsExitRtn
004176b0*      __init_default_win
Module: C:\watcom-1.3/lib386/nt\clib3r.lib(atexit)
00407c33       atexit_
Module: C:\watcom-1.3/lib386/nt\clib3r.lib(regdata)
00407ca0       __RegisterThreadDataSize_
Module: C:\watcom-1.3/lib386/nt\clib3r.lib(hdlman)
00415d64+      ___NHandles
00415d68       ___OSHandles
00415d6c+      ___FakeHandles
00407cd0+      __growPOSIXHandles_
00407d70       __allocPOSIXHandle_
00407e30       __freePOSIXHandle_
00407e50*      __getOSHandle_
00407e70       __setOSHandle_
00407ec0+      __NTGetFakeHandle_
00407f30       __initPOSIXHandles_
00408010*      __set_handles_
00408020*      _grow_handles_
Module: C:\watcom-1.3/lib386/nt\clib3r.lib(environ)
00417738       ___env_mask
0041773c       _environ
00417740       __wenviron
Module: C:\watcom-1.3/lib386/nt\clib3r.lib(getmodfn)
00408060       __lib_GetModuleFileNameW_
Module: C:\watcom-1.3/lib386/nt\clib3r.lib(strdup)
00408100       __clib_strdup_
Module: C:\watcom-1.3/lib386/nt\clib3r.lib(istable)
00416b70       __IsTable
Module: C:\watcom-1.3/lib386/nt\clib3r.lib(ustrdup)
00408150       __clib_wcsdup_
Module: C:\watcom-1.3/lib386/nt\clib3r.lib(nfree)
00408180       free_
00408190       _nfree_
00417744       ___MiniHeapFreeRover
Module: C:\watcom-1.3/lib386/nt\clib3r.lib(excptwnt)
00408350+      ___ReportException@4
004087c0       __DefaultExceptionHandler_
00408800+      ___ExceptionFilter
00408a00       __NewExceptionFilter_
00408a30       __DoneExceptionFilter_
00415d78       ___oscode_check_func
00415d7c       ___raise_func
00417748*      _sw
0041774c       ___ExceptionHandled
0041774d+      ___ReportInvoked
Module: C:\watcom-1.3/lib386/nt\clib3r.lib(stklmwnt)
00408a70       __init_stack_limits_
Module: C:\watcom-1.3/lib386/nt\flib7.lib(runmain.c)
00408ae0*      __InitUnit6CC_
00408af0       __DevicesCC_
00408b00*      __InitAllowCommaSeparator_
00408b10       __AllowCommaSep_
00408b20+      _InitIO_
00408b90+      CloseAllFiles_
00408bd0*      _FiniEx_
00408bd0       RunExit_
00408c10       RunEntry_
Module: C:\watcom-1.3/lib386/nt\flib7.lib(posdat.c)
00415f78       _FStdIn
00415f7c       _FStdOut
00415f80       _FStdErr
Module: C:\watcom-1.3/lib386/nt\flib7.lib(posflush.c)
00408c40       FlushBuffer_
Module: C:\watcom-1.3/lib386/nt\flib7.lib(errutil.c)
00408cf0       BldErrCode_
00408d50*      MsgFormat_
00408d80*      MsgBuffer_
00415f84+      _PGrpCodes
Module: C:\watcom-1.3/lib386/nt\clib3r.lib(enterdb)
00408db0       __EnterWVIDEO_
00415f88       ___WD_Present
Module: C:\watcom-1.3/lib386/nt\flib7.lib(stdio.c)
00408df0       StdBuffer_
00408e10+      StdWrite_
00408ef0       StdFlush_
00408f20       StdWriteNL_
Module: C:\watcom-1.3/lib386/nt\flib7.lib(ifile.c)
00408f50       SendIFBuff_
00408f80       NextIFBuff_
Module: C:\watcom-1.3/lib386/nt\clib3r.lib(ltoa)
00408fb0       ultoa_
00409000       ltoa_
Module: C:\watcom-1.3/lib386/nt\flib7.lib(sdfile.c)
00416394*      _FFCtrlSeq
00416396*      _SkipCtrlSeq
00416398       _NormalCtrlSeq
0041639a       _SDTermIn
0041639e       _SDTermOut
004163a2*      _SDPrtName
Module: C:\watcom-1.3/lib386/nt\flib7.lib(cctrl.c)
00409030       CheckCCtrl_
Module: C:\watcom-1.3/lib386/nt\flib7.lib(rdutils.c)
004090a0       NextRec_
Module: C:\watcom-1.3/lib386/nt\flib7.lib(undefcg.c)
00409240       OutLogCG_
00409250       OutIntCG_
00409290+      FmtRealCG_
004092c0+      FmtDoubleCG_
004092f0+      FmtExtendedCG_
00409320+      UndefIntCG_
00409320+      UndefLogCG_
00409320+      UndefExtendedCG_
00409320+      UndefDoubleCG_
00409320+      UndefRealCG_
00409330+      GetRealCG_
004163a8       _FmtRealRtn
004163ac       _FmtDoubleRtn
004163b0       _FmtExtendedRtn
004163b4       _SendStrRtn
004163b8       _UndefRealRtn
004163bc       _UndefDoubleRtn
004163c0       _UndefExtendedRtn
004163c4       _UndefLogRtn
004163c8       _UndefIntRtn
004163cc       _GetRealRtn
Module: C:\watcom-1.3/lib386/nt\flib7.lib(rfmtlog.c)
00409350       R_FmtLog_
Module: C:\watcom-1.3/lib386/nt\clib3r.lib(toupper)
00409380       toupper_
Module: C:\watcom-1.3/lib386/nt\flib7.lib(fmtcnvt.c)
00409390       FmtS2I_
004094c0       FmtS2F_
Module: C:\watcom-1.3/lib386/nt\flib7.lib(fmtrtns.c)
00409890       R_F2E_
00409a00       R_F2F_
00409b90       SetMaxPrec_
Module: C:\watcom-1.3/lib386/nt\flib7.lib(flt86.c)
00409ba0       _P1d100
00409ba8       _P1d_99
Module: C:\watcom-1.3/lib386\math387r.lib(pow387)
00409d0f*      pow_
00409bb0       IF@DPOW
00409bb0*      IF@POW
Module: C:\watcom-1.3/lib386/nt\flib7.lib(hexcnv.c)
00409d30       Hex_
00409d50*      HSToB_
00409dc0       BToHS_
Module: C:\watcom-1.3/lib386/nt\clib3r.lib(strupr)
00409e10       strupr_
Module: C:\watcom-1.3/lib386/nt\flib7.lib(rmemmgr.c)
00409e30       RMemAlloc_
00409e40       RMemFree_
Module: C:\watcom-1.3/lib386/nt\flib7.lib(unfmtutl.c)
00409e50       _SizeVars
Module: C:\watcom-1.3/lib386/nt\flib7.lib(fdutil.c)
00409e60       LocFile_
00409e70       LocUnit_
00409ea0       ExtractInfo_
Module: C:\watcom-1.3/lib386/nt\flib7.lib(rstdio.c)
00409fd0       _InitStandardInput_
0040a000       _InitStandardOutput_
Module: C:\watcom-1.3/lib386/nt\flib7.lib(deffname.c)
004163d0       _DefFName
Module: C:\watcom-1.3/lib386/nt\flib7.lib(stracc.c)
0040a030       TrimStr_
0040a070       GetStr_
Module: C:\watcom-1.3/lib386/nt\clib3r.lib(setjmp)
0040a098       _setjmp_
0040a0d1       longjmp_
Module: C:\watcom-1.3/lib386/nt\clib3r.lib(exit)
0040a159+      __null_int23_exit_
0040a15b       exit_
0040a1ab*      _exit_
004163d8+      ___int23_exit
004163dc+      ___FPE_handler_exit
Module: C:\watcom-1.3/lib386/nt\clib3r.lib(accsswnt)
0040a1d0       access_
Module: C:\watcom-1.3/lib386/nt\clib3r.lib(fullpath)
0040a210+      _sys_fullpath_
0040a290       _fullpath_
Module: C:\watcom-1.3/lib386/nt\clib3r.lib(fstatwnt)
0040a300       fstat_
Module: C:\watcom-1.3/lib386/nt\flib7.lib(poserr.c)
0040a660       Errorf_
0040a680*      EOFile_
0040a6a0       ErrorMsg_
0040a6e0       FSetTrunc_
0040a6f0       FSetSysErr_
0040a710       FSetErr_
0040a730       FSetEof_
0040a750       IOOk_
Module: C:\watcom-1.3/lib386/nt\clib3r.lib(statwnt)
0040a863       stat_
Module: C:\watcom-1.3/lib386/nt\flib7.lib(posopen.c)
0040aaa0       InitStd_
0040ab60       SetIOBufferSize_
0040ab80+      _AllocFile_
0040ac70       Openf_
0040ad60       Closef_
Module: C:\watcom-1.3/lib386/nt\flib7.lib(posdel.c)
0040ade0       Scratchf_
Module: C:\watcom-1.3/lib386/nt\flib7.lib(posput.c)
0040ae00       FPutRec_
0040ae40       ChopFile_
0040ae90*      PutRec_
0040afb0       writebytes_
0040b030       SysWrite_
Module: C:\watcom-1.3/lib386/nt\flib7.lib(posget.c)
0040b170       readbytes_
0040b240       SysRead_
0040b6b0       FGetRec_
0040b6e0*      GetRec_
0040b700       GetStdChar_
0040b750       FCheckLogical_
0040b7d0       FSkipLogical_
0040b8a0*      FGetVarRecLen_
Module: C:\watcom-1.3/lib386/nt\flib7.lib(posseek.c)
0040b990       FSeekRec_
0040b9d0       CurrFileOffset_
0040b9d0       FGetFilePos_
0040b9f0       SysSeek_
0040bbe0*      FSeekAbs_
Module: C:\watcom-1.3/lib386/nt\clib3r.lib(stricmp)
0040bbf0       stricmp_
Module: C:\watcom-1.3/lib386/nt\flib7.lib(posrew.c)
0040bc30       FRewind_
Module: C:\watcom-1.3/lib386/nt\flib7.lib(posback.c)
0040bca0       FBackspace_
Module: C:\watcom-1.3/lib386/nt\flib7.lib(postrunc.c)
0040bd80       FTruncate_
Module: C:\watcom-1.3/lib386/nt\clib3r.lib(errno)
0040bda0       __get_errno_ptr_
0040bdb0*      __get_doserrno_ptr_
Module: C:\watcom-1.3/lib386/nt\flib7.lib(chrutils.c)
0040bdc0       JmpBlanks_
Module: C:\watcom-1.3/lib386/nt\clib3r.lib(__stos)
0040bde0       __STOSB
0040be17*      __STOSD
Module: C:\watcom-1.3/lib386/nt\clib3r.lib(cinit)
0040be90       __CommonInit_
Module: C:\watcom-1.3/lib386/nt\clib3r.lib(___argc)
00417754       ____Argc
00417758       ____Argv
Module: C:\watcom-1.3/lib386/nt\flib7.lib(rtmain.c)
0040bea0       main_
Module: C:\watcom-1.3/lib386/nt\clib3r.lib(memmove)
0040bec0       memmove_
Module: C:\watcom-1.3/lib386/nt\clib3r.lib(itoa)
0040bf20       utoa_
0040bf70       itoa_
Module: C:\watcom-1.3/lib386/nt\clib3r.lib(signlwnt)
004163e8+      _SignalTable
0040bfa0+      __SetSignalFunc_
0040bff0+      __GetSignalFunc_
0040c020+      __GetSignalOSCode_
0040c050+      __CheckSignalExCode_
0040c190+      __sigabort_
0040c1a0       __sigfpe_handler_
0040c1f0       signal_
0040c2b0+      raise_
0040c320+      __SigInit_
0040c370+      __SigFini_
0040c3b0+      __sig_init_
Module: C:\watcom-1.3/lib386/nt\flib7.lib(fptraps.c)
0040c490*      __MaskDefaultFPE_
0040c4b0       FPTrapInit_
0040c4e0       FPTrapFini_
Module: C:\watcom-1.3/lib386/nt\clib3r.lib(trdlist)
0040c500       __GetThreadData_
0040c550       __ReallocThreadData_
0040c650       __AddThreadData_
0040c6d0       __RemoveThreadData_
0040c730       __ResizeThreadDataList_
0040c760       __FreeThreadDataList_
0040c790*      __ActiveThreads_
Module: C:\watcom-1.3/lib386/nt\clib3r.lib(nmalloc)
0040c7b0       malloc_
0040c7c0       _nmalloc_
00416454       ___nheapbeg
00416458       ___MiniHeapRover
0041645c       ___LargestSizeB4MiniHeapRover
Module: C:\watcom-1.3/lib386/nt\clib3r.lib(seterrno)
0040c8cb       __set_errno_
0040c8d9*      __set_EDOM_
0040c8e7       __set_ERANGE_
0040c8f5*      __set_EINVAL_
0040c908       __set_doserrno_
Module: C:\watcom-1.3/lib386/nt\clib3r.lib(nrealloc)
0040c920       realloc_
0040c930+      _nrealloc_
Module: C:\watcom-1.3/lib386/nt\clib3r.lib(iomode)
0040c9b0       __GetIOMode_
0040c9d0       __SetIOMode_nogrow_
00416460       ___NFiles
00416464       ___init_mode
004164b4       ___io_mode
Module: C:\watcom-1.3/lib386/nt\clib3r.lib(stiomode)
0040c9f0       __grow_iomode_
0040cac0+      __shrink_iomode_
0040cb10       __SetIOMode_
Module: C:\watcom-1.3/lib386/nt\clib3r.lib(setenvp)
0040cb90       __setenvp_
0040cc80       __freeenvp_
Module: C:\watcom-1.3/lib386/nt\clib3r.lib(ustrlen)
0040ccd4       wcslen_
Module: C:\watcom-1.3/lib386/nt\clib3r.lib(memcpy)
0040ccf0       memcpy_
Module: C:\watcom-1.3/lib386/nt\clib3r.lib(mem)
0040cd20       __MemAllocator
0040cde0       __MemFree
Module: C:\watcom-1.3/lib386/nt\clib3r.lib(conutwnt)
0040cf30*      __NTRealKey_
0040cfe0*      __NTConsoleInput_
0040cff0       __NTConsoleOutput_
Module: C:\watcom-1.3/lib386/nt\clib3r.lib(fclex387)
0040d000       _ClearFPE_
Module: C:\watcom-1.3/lib386/nt\clib3r.lib(lseek)
0040d010       lseek_
Module: C:\watcom-1.3/lib386/nt\clib3r.lib(write)
0040d2b0       write_
Module: C:\watcom-1.3/lib386/nt\flib7.lib(errgrp.c)
0040d510       _GrpCodes
Module: C:\watcom-1.3/lib386/nt\clib3r.lib(iob)
004164c0       ___iob
004166c8       __fmode
00417768       ___OpenStreams
0041776c       ___ClosedStreams
Module: C:\watcom-1.3/lib386/nt\clib3r.lib(setmd)
0040d5a0       setmode_
Module: C:\watcom-1.3/lib386/nt\clib3r.lib(alphabet)
004157a0       ___Alphabet
Module: C:\watcom-1.3/lib386/nt\flib7.lib(expchk.c)
0040d690       ToFFormat_
Module: C:\watcom-1.3/lib386/nt\flib7.lib(intarith.c)
0040d6e0       AddIOFlo_
0040d6f0*      SubIOFlo_
0040d700       MulIOFlo_
Module: C:\watcom-1.3/lib386/nt\clib3r.lib(tolower)
0040d710       tolower_
Module: C:\watcom-1.3/lib386\math387r.lib(strtod)
0040d71e+      __Strtold_
0040d8ed       strtod_
Module: C:\watcom-1.3/lib386\math387r.lib(ldcvt)
0040dac3       _LDScale10x_
0040e11f       __LDcvt_
Module: C:\watcom-1.3/lib386/nt\clib3r.lib(chipvar)
00416774       ___chipbug
00416774       __chipbug
Module: C:\watcom-1.3/lib386\math387r.lib(pow87e)
0040e57c       __pow87_err_
Module: C:\watcom-1.3/lib386\math387r.lib(exp387)
0040e66e*      exp_
0040e604*      __@DEXP1
0040e60c*      IF@EXP
0040e60c*      IF@DEXP
0040e60e       __@DEXP
Module: C:\watcom-1.3/lib386/nt\clib3r.lib(chipd32)
0040e793       __fdiv_fpr
0040ec55*      __fdiv_chk
0040ec68*      __fdiv_m32
0040ecb5*      __fdiv_m64
0040ed02*      __fdiv_m32r
0040ed4f*      __fdiv_m64r
Module: C:\watcom-1.3/lib386/nt\clib3r.lib(getenv)
0040eda0       getenv_
Module: C:\watcom-1.3/lib386/nt\clib3r.lib(ljmphdl)
00416788       ___longjmp_handler
Module: C:\watcom-1.3/lib386/nt\clib3r.lib(dosret)
0040ee20*      _dosret0_
0040ee30+      _dosretax_
0040ee40       __set_errno_dos_
0040ee70       __set_errno_nt_
Module: C:\watcom-1.3/lib386/nt\clib3r.lib(gtcwdwnt)
0040ee80       getcwd_
Module: C:\watcom-1.3/lib386/nt\clib3r.lib(iomodtty)
0040ef10       __ChkTTYIOMode_
0040ef60       __IOMode_
Module: C:\watcom-1.3/lib386/nt\clib3r.lib(ntdirinf)
0040ef80       __MakeDOSDT_
0040efb0*      __FromDOSDT_
0040efe0*      __GetNTDirInfo_
0040f020*      __NTFindNextFileWithAttr_
Module: C:\watcom-1.3/lib386/nt\clib3r.lib(d2ttime)
0040f070       _d2ttime_
Module: C:\watcom-1.3/lib386/nt\clib3r.lib(strerror)
0040f0e0       strerror_
0040f100*      _strerror_
0040f1e0*      _doserror_
00416890+      __sys_errlist
00416934+      __sys_nerr
Module: C:\watcom-1.3/lib386/nt\clib3r.lib(_strcmp)
0040f210       strcmp_
Module: C:\watcom-1.3/lib386/nt\clib3r.lib(mbspbrk)
0040f350       _mbspbrk_
Module: C:\watcom-1.3/lib386/nt\clib3r.lib(mbsinc)
0040f3a0       _mbsinc_
Module: C:\watcom-1.3/lib386/nt\clib3r.lib(chdirwnt)
0040f3d0       chdir_
Module: C:\watcom-1.3/lib386/nt\clib3r.lib(strncpy)
0040f3f0       strncpy_
Module: C:\watcom-1.3/lib386/nt\clib3r.lib(close)
0040f430       close_
Module: C:\watcom-1.3/lib386/nt\clib3r.lib(openwnt)
0040f450*      open_
0040f470       sopen_
Module: C:\watcom-1.3/lib386/nt\flib7.lib(poscc.c)
0040f6a0*      __LineFeedWithFormFeed_
0040f6b0       FSetCC_
Module: C:\watcom-1.3/lib386/nt\clib3r.lib(unlnkwnt)
0040f710       unlink_
Module: C:\watcom-1.3/lib386/nt\clib3r.lib(chsizwnt)
0040f790       chsize_
Module: C:\watcom-1.3/lib386/nt\clib3r.lib(read)
0040f890       read_
Module: C:\watcom-1.3/lib386/nt\clib3r.lib(argcv)
00417870       __argc
00417874       __argv
00417878       ___argv
0041787c       ___argc
Module: C:\watcom-1.3/lib386/nt\clib3r.lib(abort)
0040fa20*      abort_
0040fa2b       __terminate_
00416940       ___abort
Module: C:\watcom-1.3/lib386/nt\clib3r.lib(cntrl87)
0040fa40       _control87_
Module: C:\watcom-1.3/lib386/nt\clib3r.lib(mthread)
0040fc00+      __CloseSemaphore_
0040fc10+      __AccessSemaphore_
0040fc70+      __ReleaseSemaphore_
0040fcd0+      __AccessIOB_
0040fce0+      __ReleaseIOB_
0040fcf0+      __AccessFileH_
0040fd00+      __ReleaseFileH_
0040fd10+      __AccessNHeap_
0040fd20+      __ReleaseNHeap_
0040fd30+      __AccessFHeap_
0040fd40+      __ReleaseFHeap_
0040fd50+      __AccessTDList_
0040fd60+      __ReleaseTDList_
0040fd70+      __AccessFList_
0040fd80+      __ReleaseFList_
0040fd90+      __MultipleThread_
0040fde0+      __AllocInitThreadData_
0040fe30*      __FreeInitThreadData_
0040fe40       __NTThreadInit_
0040fed0       __NTAddThread_
0040ff20       __NTRemoveThread_
0040ffc0       __InitMultipleThread_
00416944+      ___AccessSema4
00416948+      ___ReleaseSema4
0041694c+      ___CloseSema4
Module: C:\watcom-1.3/lib386/nt\clib3r.lib(xmsgwnt)
004101c0+      __exit_with_msg_
00410200       __fatal_runtime_error_
Module: C:\watcom-1.3/lib386/nt\clib3r.lib(calloc)
00410220       calloc_
Module: C:\watcom-1.3/lib386/nt\clib3r.lib(register)
00410250       __initthread_
00410260*      _beginthread_
00410270       _endthread_
00410280*      __RegisterThreadData_
Module: C:\watcom-1.3/lib386/nt\clib3r.lib(nmemneed)
004102d0       __nmemneed_
Module: C:\watcom-1.3/lib386/nt\clib3r.lib(grownear)
00410400       __ExpandDGROUP_
Module: C:\watcom-1.3/lib386/nt\clib3r.lib(nmsize)
00410470*      _msize_
00410480       _nmsize_
Module: C:\watcom-1.3/lib386/nt\clib3r.lib(nexpand)
00410490*      _expand_
004104a0+      __HeapManager_expand_
00410660       _nexpand_
Module: C:\watcom-1.3/lib386/nt\clib3r.lib(dofilstr)
004106b0       __ParsePosixHandleStr_
Module: C:\watcom-1.3/lib386/nt\clib3r.lib(clearenv)
004107d0       clearenv_
Module: C:\watcom-1.3/lib386/nt\clib3r.lib(lseekwnt)
00410870       __lseek_
Module: C:\watcom-1.3/lib386/nt\clib3r.lib(stackwnt)
004108b0       stackavail_
Module: C:\watcom-1.3/lib386/nt\clib3r.lib(stk)
004108c1*      __CHK
004108d1*      __STK
004108f0       __STKOVERFLOW_
00410900       __GRO
00410920*      __alloca_probe
Module: C:\watcom-1.3/lib386/nt\clib3r.lib(initfile)
00410940       __InitFiles_
Module: C:\watcom-1.3/lib386/nt\clib3r.lib(ioexit)
004109e0       __full_io_exit_
004109f0*      fcloseall_
Module: C:\watcom-1.3/lib386/nt\clib3r.lib(bufld386)
00410a5c       __ZBuf2LD
Module: C:\watcom-1.3/lib386/nt\clib3r.lib(hugeval)
00416c74       __HugeValue
Module: C:\watcom-1.3/lib386\math387r.lib(ldclass)
00410b00       __LDClass_
Module: C:\watcom-1.3/lib386/nt\clib3r.lib(chipbug)
00410b50       __verify_pentium_fdiv_bug_
Module: C:\watcom-1.3/lib386/nt\clib3r.lib(mbsnicmp)
00410bb0       _mbsnicmp_
Module: C:\watcom-1.3/lib386/nt\clib3r.lib(isattwnt)
00410c40       isatty_
Module: C:\watcom-1.3/lib386/nt\clib3r.lib(mktime)
00410c70       mktime_
Module: C:\watcom-1.3/lib386/nt\clib3r.lib(mbterm)
00410e20       _mbterm_
Module: C:\watcom-1.3/lib386/nt\clib3r.lib(mbsnextc)
00410e60       _mbsnextc_
Module: C:\watcom-1.3/lib386/nt\clib3r.lib(mbschr)
00410ea0       _mbschr_
Module: C:\watcom-1.3/lib386/nt\clib3r.lib(mbisdbcs)
00417fec       ___IsDBCS
Module: C:\watcom-1.3/lib386/nt\clib3r.lib(mbislead)
00410f00*      _ismbblead_
00417ff0       ___MBCSIsTable
Module: C:\watcom-1.3/lib386/nt\clib3r.lib(_clsewnt)
00410f20       __close_
Module: C:\watcom-1.3/lib386/nt\clib3r.lib(ntfio)
00410f80*      __GetNTCreateAttr_
00410fc0       __GetNTAccessAttr_
00410ff0       __GetNTShareAttr_
Module: C:\watcom-1.3/lib386/nt\clib3r.lib(umaskval)
00416970       ___umaskval
Module: C:\watcom-1.3/lib386/nt\clib3r.lib(initargv)
00411050       __Init_Argv_
004110a0+      _getargv_
00411240       __Fini_Argv_
Module: C:\watcom-1.3/lib386/nt\clib3r.lib(trdalloc)
00411260       __FiniThreadProcessing_
Module: C:\watcom-1.3/lib386/nt\clib3r.lib(nheapmin)
00411270       _heapshrink_
00411280*      _heapmin_
00411290*      _nheapmin_
00411340       _nheapshrink_
Module: C:\watcom-1.3/lib386/nt\clib3r.lib(thredwnt)
00411470       __CBeginThread_
00411510       __CEndThread_
Module: C:\watcom-1.3/lib386/nt\clib3r.lib(heapen)
00411550*      _heapenable_
00416974       ___heap_enabled
Module: C:\watcom-1.3/lib386/nt\clib3r.lib(amblksiz)
00416978       __amblksiz
Module: C:\watcom-1.3/lib386/nt\clib3r.lib(strtol)
00411740*      strtoul_
00411750       strtol_
Module: C:\watcom-1.3/lib386/nt\clib3r.lib(putenv)
004117c0       putenv_
00411980       __putenv_
Module: C:\watcom-1.3/lib386/nt\clib3r.lib(freefp)
00411c00       __freefp_
00411c50       __purgefp_
Module: C:\watcom-1.3/lib386/nt\clib3r.lib(fclose)
00411c80*      fclose_
00411cd0       __shutdown_stream_
00411cf0+      __doclose_
004180f8+      ___RmTmpFileFn
Module: C:\watcom-1.3/lib386/nt\clib3r.lib(mbcicmp)
00411d90       _mbcicmp_
Module: C:\watcom-1.3/lib386/nt\clib3r.lib(timeutil)
00411df0       __leapyear_
00411f70       __isindst_
00415b94       ___diyr
00415bae       ___dilyr
Module: C:\watcom-1.3/lib386/nt\clib3r.lib(gmtime)
00412320       __brktime_
00412420+      _gmtime_
00412440*      gmtime_
Module: C:\watcom-1.3/lib386/nt\clib3r.lib(tzset)
00416a08       ___start_dst
00416a2c       ___end_dst
00416b54*      _tzname
00416b5c       _timezone
00416b60       _daylight
00416b64       ___dst_adjust
00412460*      __DontCacheOSTZ_
00412480*      __CacheOSTZ_
00412700+      __parse_tz_
00412970       tzset_
Module: C:\watcom-1.3/lib386/nt\clib3r.lib(mbconv)
004129a0       _mbvtop_
Module: C:\watcom-1.3/lib386/nt\clib3r.lib(mbclen)
004129c0       _mbclen_
Module: C:\watcom-1.3/lib386/nt\clib3r.lib(mbccmp)
004129f0       _mbccmp_
Module: C:\watcom-1.3/lib386/nt\clib3r.lib(mbinit)
00412a50       __mbinit_
00416b6c       ___MBCodePage
Module: C:\watcom-1.3/lib386/nt\clib3r.lib(histsplt)
004180fc       ___historical_splitparms
Module: C:\watcom-1.3/lib386/nt\clib3r.lib(mbslen)
00412bd0       _mbslen_
Module: C:\watcom-1.3/lib386/nt\clib3r.lib(mbstowcs)
00412c00       mbstowcs_
Module: C:\watcom-1.3/lib386/nt\clib3r.lib(uputenv)
00412c80*      _wputenv_
00412e00       __wputenv_
Module: C:\watcom-1.3/lib386/nt\clib3r.lib(flush)
00412fb0       __flush_
Module: C:\watcom-1.3/lib386/nt\clib3r.lib(mbccpy)
004130c0       _mbccpy_
Module: C:\watcom-1.3/lib386/nt\clib3r.lib(mbsupr)
00413100       _mbsupr_
Module: C:\watcom-1.3/lib386/nt\clib3r.lib(wcstombs)
00413120       wcstombs_
Module: C:\watcom-1.3/lib386/nt\clib3r.lib(mbtowc)
004131e0       mbtowc_
Module: C:\watcom-1.3/lib386/nt\clib3r.lib(ustrchr)
0041326f       wcschr_
Module: C:\watcom-1.3/lib386/nt\clib3r.lib(setenvar)
00413290       __lib_SetEnvironmentVariableW_
Module: C:\watcom-1.3/lib386/nt\clib3r.lib(crtwenv)
00413380       __create_wide_environment_
Module: C:\watcom-1.3/lib386/nt\clib3r.lib(utoupper)
004133e8       towupper_
Module: C:\watcom-1.3/lib386/nt\clib3r.lib(fsync)
00413400       fsync_
Module: C:\watcom-1.3/lib386/nt\clib3r.lib(qwrit)
00413450       __qwrite_
Module: C:\watcom-1.3/lib386/nt\clib3r.lib(wctomb)
00413540       wctomb_


                        +----------------------+
                        |   Imported Symbols   |
                        +----------------------+

Symbol                              Module
======                              ======

_GetEnvironmentStrings@0            KERNEL32.DLL
_GetVersion@0                       KERNEL32.DLL
_GetModuleFileNameA@12              KERNEL32.DLL
_GetCommandLineA@0                  KERNEL32.DLL
_GetCommandLineW@0                  KERNEL32.DLL
_FreeEnvironmentStringsA@4          KERNEL32.DLL
_GetModuleHandleA@4                 KERNEL32.DLL
_ExitProcess@4                      KERNEL32.DLL
_GetCurrentThreadId@0               KERNEL32.DLL
_SetStdHandle@8                     KERNEL32.DLL
_CreateEventA@16                    KERNEL32.DLL
_GetStdHandle@4                     KERNEL32.DLL
_CloseHandle@4                      KERNEL32.DLL
_GetModuleFileNameW@12              KERNEL32.DLL
_MultiByteToWideChar@24             KERNEL32.DLL
_LoadLibraryA@4                     KERNEL32.DLL
_GetProcAddress@8                   KERNEL32.DLL
_WriteFile@20                       KERNEL32.DLL
_SetUnhandledExceptionFilter@4      KERNEL32.DLL
_UnhandledExceptionFilter@4         KERNEL32.DLL
_VirtualQuery@12                    KERNEL32.DLL
_RtlUnwind@16                       KERNEL32.DLL
_GetFileAttributesA@4               KERNEL32.DLL
_GetFullPathNameA@16                KERNEL32.DLL
_GetFileType@4                      KERNEL32.DLL
_GetFileInformationByHandle@8       KERNEL32.DLL
_GetFileTime@16                     KERNEL32.DLL
_GetFileSize@8                      KERNEL32.DLL
_CreateFileA@28                     KERNEL32.DLL
_GetLastError@0                     KERNEL32.DLL
_FindFirstFileA@8                   KERNEL32.DLL
_FindClose@4                        KERNEL32.DLL
_SetConsoleCtrlHandler@8            KERNEL32.DLL
_TlsGetValue@4                      KERNEL32.DLL
_TlsSetValue@8                      KERNEL32.DLL
_SetFilePointer@16                  KERNEL32.DLL
_MessageBoxA@16                     USER32.DLL
_GetCurrentDirectoryA@8             KERNEL32.DLL
_FileTimeToLocalFileTime@8          KERNEL32.DLL
_FileTimeToDosDateTime@12           KERNEL32.DLL
_DosDateTimeToFileTime@12           KERNEL32.DLL
_LocalFileTimeToFileTime@8          KERNEL32.DLL
_FindNextFileA@8                    KERNEL32.DLL
_FormatMessageA@28                  KERNEL32.DLL
_SetCurrentDirectoryA@4             KERNEL32.DLL
_DeleteFileA@4                      KERNEL32.DLL
_SetEndOfFile@4                     KERNEL32.DLL
_ReadFile@20                        KERNEL32.DLL
_InitializeCriticalSection@4        KERNEL32.DLL
_DeleteCriticalSection@4            KERNEL32.DLL
_EnterCriticalSection@4             KERNEL32.DLL
_LeaveCriticalSection@4             KERNEL32.DLL
_SetLastError@4                     KERNEL32.DLL
_TlsAlloc@0                         KERNEL32.DLL
_TlsFree@4                          KERNEL32.DLL
_VirtualAlloc@16                    KERNEL32.DLL
_VirtualFree@12                     KERNEL32.DLL
_GetCurrentThread@0                 KERNEL32.DLL
_CreateThread@24                    KERNEL32.DLL
_ResumeThread@4                     KERNEL32.DLL
_ExitThread@4                       KERNEL32.DLL
_SetEnvironmentVariableA@8          KERNEL32.DLL
_GetTimeZoneInformation@4           KERNEL32.DLL
_GetOEMCP@0                         KERNEL32.DLL
_GetCPInfo@8                        KERNEL32.DLL
_GetACP@0                           KERNEL32.DLL
_CharUpperA@4                       USER32.DLL
_SetEnvironmentVariableW@8          KERNEL32.DLL
_FlushFileBuffers@4                 KERNEL32.DLL
_WideCharToMultiByte@32             KERNEL32.DLL


                        +--------------------+
                        |   Libraries Used   |
                        +--------------------+

C:\watcom-1.3/lib386/nt\kernel32.lib
C:\watcom-1.3/lib386/nt\user32.lib
C:\watcom-1.3/lib386/nt\flib7.lib
C:\watcom-1.3/lib386\math387r.lib
C:\watcom-1.3/lib386/nt\clib3r.lib
C:\watcom-1.3/lib386/nt\emu387.lib


                        +-----------------------+
                        |   Linker Statistics   |
                        +-----------------------+

Stack size:  00010000 (65536.)
Memory size:  00025fcc (155596.)
Entry point address: 00401718
Link time: 00:00.39
